******************************************************************************
               TMS320C6x Linker PC v7.4.4                      
******************************************************************************
>> Linked Tue Jun 20 12:59:10 2023

OUTPUT FILE NAME:   <audio_loopback_dma.out>
ENTRY POINT SYMBOL: "_c_int00"  address: 11818bc0


MEMORY CONFIGURATION

         name            origin    length      used     unused   attr    fill
----------------------  --------  ---------  --------  --------  ----  --------
  dsp_l2_ram            11800000   00040000  0001a687  00025979  RWIX
  shared_ram            80000000   00020000  00000000  00020000  RWIX
  external_ram          c0000000   08000000  00000000  08000000  RWIX


SECTION ALLOCATION MAP

 output                                  attributes/
section   page    origin      length       input sections
--------  ----  ----------  ----------   ----------------
.data      0    11800000    00000000     UNINITIALIZED

.sysmem    0    11800000    00010000     UNINITIALIZED
                  11800000    00000008     rts6740.lib : memory.obj (.sysmem)
                  11800008    0000fff8     --HOLE--

.text      0    11810000    00009120     
                  11810000    000016e0     L138_LCDK_aic3106_init.obj (.text)
                  118116e0    00000c20     evmomapl138_bsl.lib : evmomapl138.obj (.text)
                  11812300    000005a0     rts6740.lib : divd.obj (.text:__divd)
                  118128a0    00000580                 : _printfi.obj (.text:__getarg_diouxp)
                  11812e20    000004e0     evmomapl138_bsl.lib : evmomapl138_i2c_gpio.obj (.text)
                  11813300    00000440     rts6740.lib : _printfi.obj (.text:__printfi)
                  11813740    00000440                 : _printfi.obj (.text:__setfield)
                  11813b80    000003a0                 : fputs.obj (.text:_fputs)
                  11813f20    00000380     evmomapl138_bsl.lib : evmomapl138_gpio.obj (.text)
                  118142a0    00000380                         : evmomapl138_i2c.obj (.text)
                  11814620    00000320     rts6740.lib : _printfi.obj (.text:__pproc_fge)
                  11814940    000002c0                 : _printfi.obj (.text:__pproc_fwp)
                  11814c00    000002a0                 : _printfi.obj (.text:_ecvt)
                  11814ea0    000002a0                 : _printfi.obj (.text:_fcvt)
                  11815140    00000280                 : memory.obj (.text:_free)
                  118153c0    00000260                 : imath64.obj (.text:__divull)
                  11815620    00000260                 : _printfi.obj (.text:__pconv_e)
                  11815880    00000240                 : _printfi.obj (.text:__pproc_diouxp)
                  11815ac0    00000220                 : _printfi.obj (.text:__pproc_str)
                  11815ce0    00000220                 : fputc.obj (.text:_fputc)
                  11815f00    00000200                 : _printfi.obj (.text:__pconv_g)
                  11816100    00000200                 : setvbuf.obj (.text:_setvbuf)
                  11816300    000001e0     evmomapl138_bsl.lib : evmomapl138_timer.obj (.text)
                  118164e0    000001c0     rts6740.lib : _printfi.obj (.text:__mcpy)
                  118166a0    000001a0                 : imath40.obj (.text:__divul)
                  11816840    000001a0     evmomapl138_bsl.lib : evmomapl138_aic3106.obj (.text)
                  118169e0    00000180     rts6740.lib : trgdrv.obj (.text:_HOSTrename)
                  11816b60    00000180                 : memory.obj (.text:_malloc)
                  11816ce0    00000180     main.obj (.text)
                  11816e60    00000140     rts6740.lib : _printfi.obj (.text:__pproc_fflags)
                  11816fa0    00000140                 : lowlev.obj (.text:_getdevice)
                  118170e0    00000120                 : fclose.obj (.text:__closefile)
                  11817200    00000120                 : _printfi.obj (.text:__ltostr)
                  11817320    00000120                 : fseek.obj (.text:_fseek)
                  11817440    00000100                 : trgdrv.obj (.text:_HOSTlseek)
                  11817540    00000100                 : _io_perm.obj (.text:__wrt_ok)
                  11817640    000000e0                 : trgdrv.obj (.text:_HOSTopen)
                  11817720    000000e0                 : atoi.obj (.text:_atoi)
                  11817800    000000e0                 : lowlev.obj (.text:_close)
                  118178e0    000000e0                 : memset.obj (.text:_memset)
                  118179c0    000000e0                 : printf.obj (.text:_printf)
                  11817aa0    000000c0                 : trgdrv.obj (.text:_HOSTread)
                  11817b60    000000c0                 : trgdrv.obj (.text:_HOSTunlink)
                  11817c20    000000c0                 : trgdrv.obj (.text:_HOSTwrite)
                  11817ce0    000000c0                 : autoinit.obj (.text:__auto_init)
                  11817da0    000000c0                 : _printfi.obj (.text:__div)
                  11817e60    000000c0                 : divu.obj (.text:__divu)
                  11817f20    000000c0                 : fflush.obj (.text:__doflush)
                  11817fe0    000000c0                 : exit.obj (.text:_exit)
                  118180a0    000000c0                 : ltoa.obj (.text:_ltoa)
                  11818160    000000a0                 : trgdrv.obj (.text:_HOSTclose)
                  11818200    000000a0                 : fopen.obj (.text:__cleanup)
                  118182a0    000000a0                 : imath40.obj (.text:__divli)
                  11818340    000000a0                 : _printfi.obj (.text:__ecpy)
                  118183e0    000000a0                 : _printfi.obj (.text:__fcpy)
                  11818480    000000a0                 : fixdli.obj (.text:__fixdli)
                  11818520    000000a0                 : _printfi.obj (.text:__pconv_f)
                  118185c0    000000a0                 : cpy_tbl.obj (.text:_copy_in)
                  11818660    000000a0                 : lowlev.obj (.text:_finddevice)
                  11818700    000000a0                 : lowlev.obj (.text:_lseek)
                  118187a0    000000a0                 : memcpy64.obj (.text:_memcpy)
                  11818840    000000a0                 : memory.obj (.text:_minsert)
                  118188e0    000000a0                 : memory.obj (.text:_mremove)
                  11818980    000000a0                 : lowlev.obj (.text:_write)
                  11818a20    000000a0     main.obj (.text:retain)
                  11818ac0    00000080     rts6740.lib : fltlid.obj (.text:__fltlid)
                  11818b40    00000080                 : llshift.obj (.text:__llshl)
                  11818bc0    00000080                 : boot.obj (.text:_c_int00)
                  11818c40    00000080                 : trgmsg.obj (.text:_readmsg)
                  11818cc0    00000080                 : lowlev.obj (.text:_unlink)
                  11818d40    00000060                 : cpp_init.obj (.text:___TI_cpp_init)
                  11818da0    00000060                 : imath64.obj (.text:__subcull)
                  11818e00    00000060                 : memccpy.obj (.text:_memccpy)
                  11818e60    00000060                 : trgmsg.obj (.text:_writemsg)
                  11818ec0    00000040                 : isinf.obj (.text:___isinf)
                  11818f00    00000040                 : _printfi.obj (.text:___isnan)
                  11818f40    00000040                 : args_main.obj (.text:__args_main)
                  11818f80    00000040                 : frcmpyd_div.obj (.text:__frcmpyd_div)
                  11818fc0    00000040                 : llshift.obj (.text:__llshru)
                  11819000    00000040                 : imath40.obj (.text:__remli)
                  11819040    00000020                 : negll.obj (.text:__negll)
                  11819060    00000020                 : _lock.obj (.text:__nop)
                  11819080    00000020                 : printf.obj (.text:__outc)
                  118190a0    00000020                 : printf.obj (.text:__outs)
                  118190c0    00000020                 : exit.obj (.text:_abort)
                  118190e0    00000020                 : remove.obj (.text:_remove)
                  11819100    00000020     vectors_intr.obj (.text)

.stack     0    11819120    00000800     UNINITIALIZED
                  11819120    00000008     rts6740.lib : boot.obj (.stack)
                  11819128    000007f8     --HOLE--

.far       0    11819920    00000670     UNINITIALIZED
                  11819920    00000324     rts6740.lib : defs.obj (.far)
                  11819c44    00000004                 : fopen.obj (.far)
                  11819c48    00000200     main.obj (.far)
                  11819e48    0000011c     rts6740.lib : lowlev.obj (.far)
                  11819f64    0000000c                 : exit.obj (.far)
                  11819f70    00000008     L138_LCDK_aic3106_init.obj (.far)
                  11819f78    00000008     rts6740.lib : _lock.obj (.far)
                  11819f80    00000008                 : memory.obj (.far)
                  11819f88    00000008                 : trgdrv.obj (.far)

.bss       0    11819f90    00000034     UNINITIALIZED
                  11819f90    0000001c     L138_LCDK_aic3106_init.obj (.bss)
                  11819fac    00000014     main.obj (.bss)
                  11819fc0    00000004     evmomapl138_bsl.lib : evmomapl138_i2c.obj (.bss)

.switch    0    11819fc4    00000024     
                  11819fc4    00000024     evmomapl138_bsl.lib : evmomapl138_gpio.obj (.switch:_getRegisterBankAndBit)

.vecs      0    1181a000    00000200     
                  1181a000    00000200     vectors_intr.obj (.vecs)

.const     0    1181a200    000001eb     
                  1181a200    00000101     rts6740.lib : ctype.obj (.const:.string:__ctypes_)
                  1181a301    00000002                 : fputs.obj (.const:.string)
                  1181a303    00000001     --HOLE-- [fill = 0]
                  1181a304    00000004     main.obj (.const:.string)
                  1181a308    00000080     evmomapl138_bsl.lib : evmomapl138.obj (.const:_bitval_u32)
                  1181a388    00000040                         : evmomapl138.obj (.const:.string)
                  1181a3c8    00000023     rts6740.lib : _printfi.obj (.const:.string)

.cinit     0    1181a3f0    00000194     
                  1181a3f0    0000005c     rts6740.lib : defs.obj (.cinit)
                  1181a44c    00000004     --HOLE-- [fill = 0]
                  1181a450    0000005c                 : lowlev.obj (.cinit)
                  1181a4ac    00000004     --HOLE-- [fill = 0]
                  1181a4b0    0000002c     L138_LCDK_aic3106_init.obj (.cinit)
                  1181a4dc    00000004     --HOLE-- [fill = 0]
                  1181a4e0    0000002c     rts6740.lib : exit.obj (.cinit)
                  1181a50c    00000004     --HOLE-- [fill = 0]
                  1181a510    0000002c                 : memory.obj (.cinit)
                  1181a53c    00000004     --HOLE-- [fill = 0]
                  1181a540    0000001c                 : _lock.obj (.cinit)
                  1181a55c    00000004     --HOLE-- [fill = 0]
                  1181a560    0000000c     main.obj (.cinit)
                  1181a56c    00000004     --HOLE-- [fill = 0]
                  1181a570    0000000c     rts6740.lib : fopen.obj (.cinit)
                  1181a57c    00000004     --HOLE-- [fill = 0]
                  1181a580    00000004     (.pad.cinit) [fill = 0]

.cio       0    1181a588    00000120     UNINITIALIZED
                  1181a588    00000120     rts6740.lib : trgmsg.obj (.cio)


GLOBAL SYMBOLS: SORTED ALPHABETICALLY BY Name 

address    name
--------   ----
11819f90   $bss
11819f90   .bss
11800000   .data
11810000   .text
118190c0   C$$EXIT
11818eb8   C$$IO$$
11816840   _AIC3106_init
11816938   _AIC3106_readRegister
11816990   _AIC3106_writeRegister
11819f70   _AIC31_data
11810258   _EDMA3_PaRAM_setup
118118c8   _EVMOMAPL138_enableDsp
118116e0   _EVMOMAPL138_init
1181170c   _EVMOMAPL138_initRAM
11811990   _EVMOMAPL138_lpscTransition
118118f4   _EVMOMAPL138_pinmuxConfig
11813f98   _GPIO_getInput
11813f20   _GPIO_setDir
1181400c   _GPIO_setOutput
1181408c   _GPIO_toggleLoop
11818160   _HOSTclose
11817440   _HOSTlseek
11817640   _HOSTopen
11817aa0   _HOSTread
118169e0   _HOSTrename
11817b60   _HOSTunlink
11817c20   _HOSTwrite
11812ef4   _I2CGPIO_getInput
11813010   _I2CGPIO_getInputAll
11812e20   _I2CGPIO_init
11813120   _I2CGPIO_setOutput
11813268   _I2CGPIO_setOutputAll
118142a0   _I2C_init
1181438c   _I2C_read
118144e8   _I2C_write
11811118   _L138_init_LCDK_DIP
11810de0   _L138_init_aic3106_registers
11810630   _L138_init_mcasp_edma
118108ec   _L138_init_mcasp_intr
11810b4c   _L138_init_mcasp_poll
118111c4   _L138_initialise_edma
1181142c   _L138_initialise_intr
11811348   _L138_initialise_poll
118163e4   _USTIMER_delay
118164a4   _USTIMER_get
11816300   _USTIMER_init
11816474   _USTIMER_reset
118164b8   _USTIMER_set
118122e0   _UTIL_isUIBoardAttached
11812188   _UTIL_printMem
1181a588   __CIOBUF_
11819920   __STACK_END
00000800   __STACK_SIZE
00010000   __SYSMEM_SIZE
00000001   __TI_args_main
11818d40   ___TI_cpp_init
11819f6c   ___TI_enable_exit_profile_output
ffffffff   ___TI_pprof_out_hndl
ffffffff   ___TI_prof_data_size
ffffffff   ___TI_prof_data_start
ffffffff   ___binit__
11819f90   ___bss__
ffffffff   ___c_args__
1181a3f0   ___cinit__
11800000   ___data__
11800000   ___edata__
11819fc4   ___end__
11819120   ___etext__
11818ec0   ___isinf
ffffffff   ___pinit__
11810000   ___text__
11818f40   __args_main
11817ce0   __auto_init
11817e60   __c6xabi_divu
11818200   __cleanup
11819f64   __cleanup_ptr
118170e0   __closefile
1181a200   __ctypes_
11812300   __divd
118182a0   __divli
11817e60   __divu
118166a0   __divul
118153c0   __divull
11817f20   __doflush
11819f68   __dtors_ptr
11818480   __fixdli
11818ac0   __fltlid
11818f80   __frcmpyd_div
11819c40   __ft_end
11819920   __ftable
11818b40   __llshl
11818fc0   __llshru
11819f78   __lock
11819040   __negll
11819060   __nop
11813300   __printfi
11819000   __remli
11819120   __stack
11818da0   __subcull
11800000   __sys_memory
11819b00   __tmpnams
11819f7c   __unlock
11817540   __wrt_ok
118190c0   _abort
11817720   _atoi
1181a308   _bitval_u32
11819fac   _buffer_full
11818bc0   _c_int00
11817800   _close
11811d68   _config_pll0
11811fa4   _config_pll1
118185c0   _copy_in
11819fb4   _delayed
11817fe0   _exit
11819fa4   _fb
11815ce0   _fputc
11813b80   _fputs
11815140   _free
11817320   _fseek
11819fb8   _input
118101a8   _input_left_sample
11810200   _input_right_sample
11810150   _input_sample
11818a20   _interrupt4
11819c48   _left_buffer
11818700   _lseek
118180a0   _ltoa
11816e2c   _main
11816b60   _malloc
11818e00   _memccpy
118187a0   _memcpy
118178e0   _memset
11819fbc   _output
11810068   _output_left_sample
118100e0   _output_right_sample
11810000   _output_sample
11819f94   _pingIN
11819f98   _pingOUT
11819f9c   _pongIN
11819fa0   _pongOUT
118116b4   _prand
11819fa8   _prand_seed
11811568   _prbs
118179c0   _printf
11819fb0   _procBuffer
11816ce0   _process_buffer
11815ce0   _putc
11811638   _rand31_next
11811160   _read_LCDK_user_DIP
11818c40   _readmsg
118190e0   _remove
11819d48   _right_buffer
11816100   _setvbuf
11819f74   _sreg
11818cc0   _unlink
1181a020   _vector1
1181a140   _vector10
1181a160   _vector11
1181a180   _vector12
1181a1a0   _vector13
1181a1c0   _vector14
1181a1e0   _vector15
1181a040   _vector2
1181a060   _vector3
1181a0a0   _vector5
1181a0c0   _vector6
1181a0e0   _vector7
1181a100   _vector8
1181a120   _vector9
1181a000   _vectors
11818980   _write
11818e60   _writemsg
ffffffff   binit
1181a3f0   cinit
11800000   edata
11819fc4   end
11819120   etext
ffffffff   pinit


GLOBAL SYMBOLS: SORTED BY Symbol Address 

address    name
--------   ----
00000001   __TI_args_main
00000800   __STACK_SIZE
00010000   __SYSMEM_SIZE
11800000   .data
11800000   ___data__
11800000   ___edata__
11800000   __sys_memory
11800000   edata
11810000   .text
11810000   ___text__
11810000   _output_sample
11810068   _output_left_sample
118100e0   _output_right_sample
11810150   _input_sample
118101a8   _input_left_sample
11810200   _input_right_sample
11810258   _EDMA3_PaRAM_setup
11810630   _L138_init_mcasp_edma
118108ec   _L138_init_mcasp_intr
11810b4c   _L138_init_mcasp_poll
11810de0   _L138_init_aic3106_registers
11811118   _L138_init_LCDK_DIP
11811160   _read_LCDK_user_DIP
118111c4   _L138_initialise_edma
11811348   _L138_initialise_poll
1181142c   _L138_initialise_intr
11811568   _prbs
11811638   _rand31_next
118116b4   _prand
118116e0   _EVMOMAPL138_init
1181170c   _EVMOMAPL138_initRAM
118118c8   _EVMOMAPL138_enableDsp
118118f4   _EVMOMAPL138_pinmuxConfig
11811990   _EVMOMAPL138_lpscTransition
11811d68   _config_pll0
11811fa4   _config_pll1
11812188   _UTIL_printMem
118122e0   _UTIL_isUIBoardAttached
11812300   __divd
11812e20   _I2CGPIO_init
11812ef4   _I2CGPIO_getInput
11813010   _I2CGPIO_getInputAll
11813120   _I2CGPIO_setOutput
11813268   _I2CGPIO_setOutputAll
11813300   __printfi
11813b80   _fputs
11813f20   _GPIO_setDir
11813f98   _GPIO_getInput
1181400c   _GPIO_setOutput
1181408c   _GPIO_toggleLoop
118142a0   _I2C_init
1181438c   _I2C_read
118144e8   _I2C_write
11815140   _free
118153c0   __divull
11815ce0   _fputc
11815ce0   _putc
11816100   _setvbuf
11816300   _USTIMER_init
118163e4   _USTIMER_delay
11816474   _USTIMER_reset
118164a4   _USTIMER_get
118164b8   _USTIMER_set
118166a0   __divul
11816840   _AIC3106_init
11816938   _AIC3106_readRegister
11816990   _AIC3106_writeRegister
118169e0   _HOSTrename
11816b60   _malloc
11816ce0   _process_buffer
11816e2c   _main
118170e0   __closefile
11817320   _fseek
11817440   _HOSTlseek
11817540   __wrt_ok
11817640   _HOSTopen
11817720   _atoi
11817800   _close
118178e0   _memset
118179c0   _printf
11817aa0   _HOSTread
11817b60   _HOSTunlink
11817c20   _HOSTwrite
11817ce0   __auto_init
11817e60   __c6xabi_divu
11817e60   __divu
11817f20   __doflush
11817fe0   _exit
118180a0   _ltoa
11818160   _HOSTclose
11818200   __cleanup
118182a0   __divli
11818480   __fixdli
118185c0   _copy_in
11818700   _lseek
118187a0   _memcpy
11818980   _write
11818a20   _interrupt4
11818ac0   __fltlid
11818b40   __llshl
11818bc0   _c_int00
11818c40   _readmsg
11818cc0   _unlink
11818d40   ___TI_cpp_init
11818da0   __subcull
11818e00   _memccpy
11818e60   _writemsg
11818eb8   C$$IO$$
11818ec0   ___isinf
11818f40   __args_main
11818f80   __frcmpyd_div
11818fc0   __llshru
11819000   __remli
11819040   __negll
11819060   __nop
118190c0   C$$EXIT
118190c0   _abort
118190e0   _remove
11819120   ___etext__
11819120   __stack
11819120   etext
11819920   __STACK_END
11819920   __ftable
11819b00   __tmpnams
11819c40   __ft_end
11819c48   _left_buffer
11819d48   _right_buffer
11819f64   __cleanup_ptr
11819f68   __dtors_ptr
11819f6c   ___TI_enable_exit_profile_output
11819f70   _AIC31_data
11819f74   _sreg
11819f78   __lock
11819f7c   __unlock
11819f90   $bss
11819f90   .bss
11819f90   ___bss__
11819f94   _pingIN
11819f98   _pingOUT
11819f9c   _pongIN
11819fa0   _pongOUT
11819fa4   _fb
11819fa8   _prand_seed
11819fac   _buffer_full
11819fb0   _procBuffer
11819fb4   _delayed
11819fb8   _input
11819fbc   _output
11819fc4   ___end__
11819fc4   end
1181a000   _vectors
1181a020   _vector1
1181a040   _vector2
1181a060   _vector3
1181a0a0   _vector5
1181a0c0   _vector6
1181a0e0   _vector7
1181a100   _vector8
1181a120   _vector9
1181a140   _vector10
1181a160   _vector11
1181a180   _vector12
1181a1a0   _vector13
1181a1c0   _vector14
1181a1e0   _vector15
1181a200   __ctypes_
1181a308   _bitval_u32
1181a3f0   ___cinit__
1181a3f0   cinit
1181a588   __CIOBUF_
ffffffff   ___TI_pprof_out_hndl
ffffffff   ___TI_prof_data_size
ffffffff   ___TI_prof_data_start
ffffffff   ___binit__
ffffffff   ___c_args__
ffffffff   ___pinit__
ffffffff   binit
ffffffff   pinit

[178 symbols]
