<?xml version="1.0"?>
<link_info>
   <banner>TMS320C6x Linker PC v7.4.4</banner>
   <copyright>Copyright (c) 1996-2013 Texas Instruments Incorporated</copyright>
   <link_time>0x64915546</link_time>
   <output_file>audio_loopback_dma.out</output_file>
   <entry_point>
      <name>_c_int00</name>
      <address>0x11818bc0</address>
   </entry_point>
   <input_file_list>
      <input_file id="fl-2">
         <path>.\</path>
         <kind>object</kind>
         <file>L138_LCDK_aic3106_init.obj</file>
         <name>L138_LCDK_aic3106_init.obj</name>
      </input_file>
      <input_file id="fl-3">
         <path>.\</path>
         <kind>object</kind>
         <file>main.obj</file>
         <name>main.obj</name>
      </input_file>
      <input_file id="fl-4">
         <path>.\</path>
         <kind>object</kind>
         <file>vectors_intr.obj</file>
         <name>vectors_intr.obj</name>
      </input_file>
      <input_file id="fl-9">
         <path>D:\Softwares\CCSv9_software\c6000_7.4.4\lib\</path>
         <kind>archive</kind>
         <file>rts6740.lib</file>
         <name>boot.obj</name>
      </input_file>
      <input_file id="fl-a">
         <path>D:\Softwares\CCSv9_software\c6000_7.4.4\lib\</path>
         <kind>archive</kind>
         <file>rts6740.lib</file>
         <name>exit.obj</name>
      </input_file>
      <input_file id="fl-b">
         <path>D:\Softwares\CCSv9_software\c6000_7.4.4\lib\</path>
         <kind>archive</kind>
         <file>rts6740.lib</file>
         <name>memory.obj</name>
      </input_file>
      <input_file id="fl-c">
         <path>D:\Softwares\CCSv9_software\c6000_7.4.4\lib\</path>
         <kind>archive</kind>
         <file>rts6740.lib</file>
         <name>printf.obj</name>
      </input_file>
      <input_file id="fl-d">
         <path>D:\Softwares\CCSv9_software\c6000_7.4.4\lib\</path>
         <kind>archive</kind>
         <file>rts6740.lib</file>
         <name>_lock.obj</name>
      </input_file>
      <input_file id="fl-e">
         <path>D:\Softwares\CCSv9_software\c6000_7.4.4\lib\</path>
         <kind>archive</kind>
         <file>rts6740.lib</file>
         <name>_printfi.obj</name>
      </input_file>
      <input_file id="fl-f">
         <path>D:\Softwares\CCSv9_software\c6000_7.4.4\lib\</path>
         <kind>archive</kind>
         <file>rts6740.lib</file>
         <name>args_main.obj</name>
      </input_file>
      <input_file id="fl-10">
         <path>D:\Softwares\CCSv9_software\c6000_7.4.4\lib\</path>
         <kind>archive</kind>
         <file>rts6740.lib</file>
         <name>atoi.obj</name>
      </input_file>
      <input_file id="fl-11">
         <path>D:\Softwares\CCSv9_software\c6000_7.4.4\lib\</path>
         <kind>archive</kind>
         <file>rts6740.lib</file>
         <name>autoinit.obj</name>
      </input_file>
      <input_file id="fl-12">
         <path>D:\Softwares\CCSv9_software\c6000_7.4.4\lib\</path>
         <kind>archive</kind>
         <file>rts6740.lib</file>
         <name>cpp_init.obj</name>
      </input_file>
      <input_file id="fl-13">
         <path>D:\Softwares\CCSv9_software\c6000_7.4.4\lib\</path>
         <kind>archive</kind>
         <file>rts6740.lib</file>
         <name>cpy_tbl.obj</name>
      </input_file>
      <input_file id="fl-14">
         <path>D:\Softwares\CCSv9_software\c6000_7.4.4\lib\</path>
         <kind>archive</kind>
         <file>rts6740.lib</file>
         <name>ctype.obj</name>
      </input_file>
      <input_file id="fl-15">
         <path>D:\Softwares\CCSv9_software\c6000_7.4.4\lib\</path>
         <kind>archive</kind>
         <file>rts6740.lib</file>
         <name>defs.obj</name>
      </input_file>
      <input_file id="fl-16">
         <path>D:\Softwares\CCSv9_software\c6000_7.4.4\lib\</path>
         <kind>archive</kind>
         <file>rts6740.lib</file>
         <name>divd.obj</name>
      </input_file>
      <input_file id="fl-17">
         <path>D:\Softwares\CCSv9_software\c6000_7.4.4\lib\</path>
         <kind>archive</kind>
         <file>rts6740.lib</file>
         <name>divu.obj</name>
      </input_file>
      <input_file id="fl-18">
         <path>D:\Softwares\CCSv9_software\c6000_7.4.4\lib\</path>
         <kind>archive</kind>
         <file>rts6740.lib</file>
         <name>fixdli.obj</name>
      </input_file>
      <input_file id="fl-19">
         <path>D:\Softwares\CCSv9_software\c6000_7.4.4\lib\</path>
         <kind>archive</kind>
         <file>rts6740.lib</file>
         <name>fltlid.obj</name>
      </input_file>
      <input_file id="fl-1a">
         <path>D:\Softwares\CCSv9_software\c6000_7.4.4\lib\</path>
         <kind>archive</kind>
         <file>rts6740.lib</file>
         <name>fputc.obj</name>
      </input_file>
      <input_file id="fl-1b">
         <path>D:\Softwares\CCSv9_software\c6000_7.4.4\lib\</path>
         <kind>archive</kind>
         <file>rts6740.lib</file>
         <name>fputs.obj</name>
      </input_file>
      <input_file id="fl-1c">
         <path>D:\Softwares\CCSv9_software\c6000_7.4.4\lib\</path>
         <kind>archive</kind>
         <file>rts6740.lib</file>
         <name>frcmpyd_div.obj</name>
      </input_file>
      <input_file id="fl-1d">
         <path>D:\Softwares\CCSv9_software\c6000_7.4.4\lib\</path>
         <kind>archive</kind>
         <file>rts6740.lib</file>
         <name>imath40.obj</name>
      </input_file>
      <input_file id="fl-1e">
         <path>D:\Softwares\CCSv9_software\c6000_7.4.4\lib\</path>
         <kind>archive</kind>
         <file>rts6740.lib</file>
         <name>imath64.obj</name>
      </input_file>
      <input_file id="fl-1f">
         <path>D:\Softwares\CCSv9_software\c6000_7.4.4\lib\</path>
         <kind>archive</kind>
         <file>rts6740.lib</file>
         <name>isinf.obj</name>
      </input_file>
      <input_file id="fl-20">
         <path>D:\Softwares\CCSv9_software\c6000_7.4.4\lib\</path>
         <kind>archive</kind>
         <file>rts6740.lib</file>
         <name>llshift.obj</name>
      </input_file>
      <input_file id="fl-21">
         <path>D:\Softwares\CCSv9_software\c6000_7.4.4\lib\</path>
         <kind>archive</kind>
         <file>rts6740.lib</file>
         <name>lowlev.obj</name>
      </input_file>
      <input_file id="fl-22">
         <path>D:\Softwares\CCSv9_software\c6000_7.4.4\lib\</path>
         <kind>archive</kind>
         <file>rts6740.lib</file>
         <name>ltoa.obj</name>
      </input_file>
      <input_file id="fl-23">
         <path>D:\Softwares\CCSv9_software\c6000_7.4.4\lib\</path>
         <kind>archive</kind>
         <file>rts6740.lib</file>
         <name>memccpy.obj</name>
      </input_file>
      <input_file id="fl-24">
         <path>D:\Softwares\CCSv9_software\c6000_7.4.4\lib\</path>
         <kind>archive</kind>
         <file>rts6740.lib</file>
         <name>memcpy64.obj</name>
      </input_file>
      <input_file id="fl-25">
         <path>D:\Softwares\CCSv9_software\c6000_7.4.4\lib\</path>
         <kind>archive</kind>
         <file>rts6740.lib</file>
         <name>memset.obj</name>
      </input_file>
      <input_file id="fl-26">
         <path>D:\Softwares\CCSv9_software\c6000_7.4.4\lib\</path>
         <kind>archive</kind>
         <file>rts6740.lib</file>
         <name>negll.obj</name>
      </input_file>
      <input_file id="fl-27">
         <path>D:\Softwares\CCSv9_software\c6000_7.4.4\lib\</path>
         <kind>archive</kind>
         <file>rts6740.lib</file>
         <name>trgdrv.obj</name>
      </input_file>
      <input_file id="fl-28">
         <path>D:\Softwares\CCSv9_software\c6000_7.4.4\lib\</path>
         <kind>archive</kind>
         <file>rts6740.lib</file>
         <name>trgmsg.obj</name>
      </input_file>
      <input_file id="fl-29">
         <path>D:\Softwares\CCSv9_software\c6000_7.4.4\lib\</path>
         <kind>archive</kind>
         <file>rts6740.lib</file>
         <name>_io_perm.obj</name>
      </input_file>
      <input_file id="fl-2a">
         <path>D:\Softwares\CCSv9_software\c6000_7.4.4\lib\</path>
         <kind>archive</kind>
         <file>rts6740.lib</file>
         <name>abs.obj</name>
      </input_file>
      <input_file id="fl-2b">
         <path>D:\Softwares\CCSv9_software\c6000_7.4.4\lib\</path>
         <kind>archive</kind>
         <file>rts6740.lib</file>
         <name>fflush.obj</name>
      </input_file>
      <input_file id="fl-2c">
         <path>D:\Softwares\CCSv9_software\c6000_7.4.4\lib\</path>
         <kind>archive</kind>
         <file>rts6740.lib</file>
         <name>fseek.obj</name>
      </input_file>
      <input_file id="fl-2d">
         <path>D:\Softwares\CCSv9_software\c6000_7.4.4\lib\</path>
         <kind>archive</kind>
         <file>rts6740.lib</file>
         <name>setvbuf.obj</name>
      </input_file>
      <input_file id="fl-2e">
         <path>D:\Softwares\CCSv9_software\c6000_7.4.4\lib\</path>
         <kind>archive</kind>
         <file>rts6740.lib</file>
         <name>fopen.obj</name>
      </input_file>
      <input_file id="fl-2f">
         <path>D:\Softwares\CCSv9_software\c6000_7.4.4\lib\</path>
         <kind>archive</kind>
         <file>rts6740.lib</file>
         <name>fclose.obj</name>
      </input_file>
      <input_file id="fl-30">
         <path>D:\Softwares\CCSv9_software\c6000_7.4.4\lib\</path>
         <kind>archive</kind>
         <file>rts6740.lib</file>
         <name>remove.obj</name>
      </input_file>
      <input_file id="fl-31">
         <path>D:\Softwares\CCSv9_software\DSP_LIB_C6748\board_support_lib\lib\</path>
         <kind>archive</kind>
         <file>evmomapl138_bsl.lib</file>
         <name>evmomapl138_timer.obj</name>
      </input_file>
      <input_file id="fl-32">
         <path>D:\Softwares\CCSv9_software\DSP_LIB_C6748\board_support_lib\lib\</path>
         <kind>archive</kind>
         <file>evmomapl138_bsl.lib</file>
         <name>evmomapl138_gpio.obj</name>
      </input_file>
      <input_file id="fl-33">
         <path>D:\Softwares\CCSv9_software\DSP_LIB_C6748\board_support_lib\lib\</path>
         <kind>archive</kind>
         <file>evmomapl138_bsl.lib</file>
         <name>evmomapl138_aic3106.obj</name>
      </input_file>
      <input_file id="fl-34">
         <path>D:\Softwares\CCSv9_software\DSP_LIB_C6748\board_support_lib\lib\</path>
         <kind>archive</kind>
         <file>evmomapl138_bsl.lib</file>
         <name>evmomapl138.obj</name>
      </input_file>
      <input_file id="fl-35">
         <path>D:\Softwares\CCSv9_software\DSP_LIB_C6748\board_support_lib\lib\</path>
         <kind>archive</kind>
         <file>evmomapl138_bsl.lib</file>
         <name>evmomapl138_i2c_gpio.obj</name>
      </input_file>
      <input_file id="fl-36">
         <path>D:\Softwares\CCSv9_software\DSP_LIB_C6748\board_support_lib\lib\</path>
         <kind>archive</kind>
         <file>evmomapl138_bsl.lib</file>
         <name>evmomapl138_i2c.obj</name>
      </input_file>
   </input_file_list>
   <object_component_list>
      <object_component id="oc-d9">
         <name>.text</name>
         <load_address>0x11810000</load_address>
         <run_address>0x11810000</run_address>
         <size>0x16e0</size>
         <input_file_ref idref="fl-2"/>
      </object_component>
      <object_component id="oc-e1">
         <name>.text</name>
         <load_address>0x118116e0</load_address>
         <run_address>0x118116e0</run_address>
         <size>0xc20</size>
         <input_file_ref idref="fl-34"/>
      </object_component>
      <object_component id="oc-109">
         <name>.text:__divd</name>
         <load_address>0x11812300</load_address>
         <run_address>0x11812300</run_address>
         <size>0x5a0</size>
         <input_file_ref idref="fl-16"/>
      </object_component>
      <object_component id="oc-fe">
         <name>.text:__getarg_diouxp</name>
         <load_address>0x118128a0</load_address>
         <run_address>0x118128a0</run_address>
         <size>0x580</size>
         <input_file_ref idref="fl-e"/>
      </object_component>
      <object_component id="oc-ed">
         <name>.text</name>
         <load_address>0x11812e20</load_address>
         <run_address>0x11812e20</run_address>
         <size>0x4e0</size>
         <input_file_ref idref="fl-35"/>
      </object_component>
      <object_component id="oc-db">
         <name>.text:__printfi</name>
         <load_address>0x11813300</load_address>
         <run_address>0x11813300</run_address>
         <size>0x440</size>
         <input_file_ref idref="fl-e"/>
      </object_component>
      <object_component id="oc-e5">
         <name>.text:__setfield</name>
         <load_address>0x11813740</load_address>
         <run_address>0x11813740</run_address>
         <size>0x440</size>
         <input_file_ref idref="fl-e"/>
      </object_component>
      <object_component id="oc-e2">
         <name>.text:_fputs</name>
         <load_address>0x11813b80</load_address>
         <run_address>0x11813b80</run_address>
         <size>0x3a0</size>
         <input_file_ref idref="fl-1b"/>
      </object_component>
      <object_component id="oc-de">
         <name>.text</name>
         <load_address>0x11813f20</load_address>
         <run_address>0x11813f20</run_address>
         <size>0x380</size>
         <input_file_ref idref="fl-32"/>
      </object_component>
      <object_component id="oc-e8">
         <name>.text</name>
         <load_address>0x118142a0</load_address>
         <run_address>0x118142a0</run_address>
         <size>0x380</size>
         <input_file_ref idref="fl-36"/>
      </object_component>
      <object_component id="oc-f3">
         <name>.text:__pproc_fge</name>
         <load_address>0x11814620</load_address>
         <run_address>0x11814620</run_address>
         <size>0x320</size>
         <input_file_ref idref="fl-e"/>
      </object_component>
      <object_component id="oc-e4">
         <name>.text:__pproc_fwp</name>
         <load_address>0x11814940</load_address>
         <run_address>0x11814940</run_address>
         <size>0x2c0</size>
         <input_file_ref idref="fl-e"/>
      </object_component>
      <object_component id="oc-104">
         <name>.text:_ecvt</name>
         <load_address>0x11814c00</load_address>
         <run_address>0x11814c00</run_address>
         <size>0x2a0</size>
         <input_file_ref idref="fl-e"/>
      </object_component>
      <object_component id="oc-107">
         <name>.text:_fcvt</name>
         <load_address>0x11814ea0</load_address>
         <run_address>0x11814ea0</run_address>
         <size>0x2a0</size>
         <input_file_ref idref="fl-e"/>
      </object_component>
      <object_component id="oc-102">
         <name>.text:_free</name>
         <load_address>0x11815140</load_address>
         <run_address>0x11815140</run_address>
         <size>0x280</size>
         <input_file_ref idref="fl-b"/>
      </object_component>
      <object_component id="oc-113">
         <name>.text:__divull</name>
         <load_address>0x118153c0</load_address>
         <run_address>0x118153c0</run_address>
         <size>0x260</size>
         <input_file_ref idref="fl-1e"/>
      </object_component>
      <object_component id="oc-fd">
         <name>.text:__pconv_e</name>
         <load_address>0x11815620</load_address>
         <run_address>0x11815620</run_address>
         <size>0x260</size>
         <input_file_ref idref="fl-e"/>
      </object_component>
      <object_component id="oc-f4">
         <name>.text:__pproc_diouxp</name>
         <load_address>0x11815880</load_address>
         <run_address>0x11815880</run_address>
         <size>0x240</size>
         <input_file_ref idref="fl-e"/>
      </object_component>
      <object_component id="oc-e6">
         <name>.text:__pproc_str</name>
         <load_address>0x11815ac0</load_address>
         <run_address>0x11815ac0</run_address>
         <size>0x220</size>
         <input_file_ref idref="fl-e"/>
      </object_component>
      <object_component id="oc-e7">
         <name>.text:_fputc</name>
         <load_address>0x11815ce0</load_address>
         <run_address>0x11815ce0</run_address>
         <size>0x220</size>
         <input_file_ref idref="fl-1a"/>
      </object_component>
      <object_component id="oc-fb">
         <name>.text:__pconv_g</name>
         <load_address>0x11815f00</load_address>
         <run_address>0x11815f00</run_address>
         <size>0x200</size>
         <input_file_ref idref="fl-e"/>
      </object_component>
      <object_component id="oc-f7">
         <name>.text:_setvbuf</name>
         <load_address>0x11816100</load_address>
         <run_address>0x11816100</run_address>
         <size>0x200</size>
         <input_file_ref idref="fl-2d"/>
      </object_component>
      <object_component id="oc-e0">
         <name>.text</name>
         <load_address>0x11816300</load_address>
         <run_address>0x11816300</run_address>
         <size>0x1e0</size>
         <input_file_ref idref="fl-31"/>
      </object_component>
      <object_component id="oc-106">
         <name>.text:__mcpy</name>
         <load_address>0x118164e0</load_address>
         <run_address>0x118164e0</run_address>
         <size>0x1c0</size>
         <input_file_ref idref="fl-e"/>
      </object_component>
      <object_component id="oc-112">
         <name>.text:__divul</name>
         <load_address>0x118166a0</load_address>
         <run_address>0x118166a0</run_address>
         <size>0x1a0</size>
         <input_file_ref idref="fl-1d"/>
      </object_component>
      <object_component id="oc-dd">
         <name>.text</name>
         <load_address>0x11816840</load_address>
         <run_address>0x11816840</run_address>
         <size>0x1a0</size>
         <input_file_ref idref="fl-33"/>
      </object_component>
      <object_component id="oc-d0">
         <name>.text:_HOSTrename</name>
         <load_address>0x118169e0</load_address>
         <run_address>0x118169e0</run_address>
         <size>0x180</size>
         <input_file_ref idref="fl-27"/>
      </object_component>
      <object_component id="oc-df">
         <name>.text:_malloc</name>
         <load_address>0x11816b60</load_address>
         <run_address>0x11816b60</run_address>
         <size>0x180</size>
         <input_file_ref idref="fl-b"/>
      </object_component>
      <object_component id="oc-d4">
         <name>.text</name>
         <load_address>0x11816ce0</load_address>
         <run_address>0x11816ce0</run_address>
         <size>0x180</size>
         <input_file_ref idref="fl-3"/>
      </object_component>
      <object_component id="oc-e3">
         <name>.text:__pproc_fflags</name>
         <load_address>0x11816e60</load_address>
         <run_address>0x11816e60</run_address>
         <size>0x140</size>
         <input_file_ref idref="fl-e"/>
      </object_component>
      <object_component id="oc-11b">
         <name>.text:_getdevice</name>
         <load_address>0x11816fa0</load_address>
         <run_address>0x11816fa0</run_address>
         <size>0x140</size>
         <input_file_ref idref="fl-21"/>
      </object_component>
      <object_component id="oc-10b">
         <name>.text:__closefile</name>
         <load_address>0x118170e0</load_address>
         <run_address>0x118170e0</run_address>
         <size>0x120</size>
         <input_file_ref idref="fl-2f"/>
      </object_component>
      <object_component id="oc-100">
         <name>.text:__ltostr</name>
         <load_address>0x11817200</load_address>
         <run_address>0x11817200</run_address>
         <size>0x120</size>
         <input_file_ref idref="fl-e"/>
      </object_component>
      <object_component id="oc-f6">
         <name>.text:_fseek</name>
         <load_address>0x11817320</load_address>
         <run_address>0x11817320</run_address>
         <size>0x120</size>
         <input_file_ref idref="fl-2c"/>
      </object_component>
      <object_component id="oc-ce">
         <name>.text:_HOSTlseek</name>
         <load_address>0x11817440</load_address>
         <run_address>0x11817440</run_address>
         <size>0x100</size>
         <input_file_ref idref="fl-27"/>
      </object_component>
      <object_component id="oc-ee">
         <name>.text:__wrt_ok</name>
         <load_address>0x11817540</load_address>
         <run_address>0x11817540</run_address>
         <size>0x100</size>
         <input_file_ref idref="fl-29"/>
      </object_component>
      <object_component id="oc-ca">
         <name>.text:_HOSTopen</name>
         <load_address>0x11817640</load_address>
         <run_address>0x11817640</run_address>
         <size>0xe0</size>
         <input_file_ref idref="fl-27"/>
      </object_component>
      <object_component id="oc-f2">
         <name>.text:_atoi</name>
         <load_address>0x11817720</load_address>
         <run_address>0x11817720</run_address>
         <size>0xe0</size>
         <input_file_ref idref="fl-10"/>
      </object_component>
      <object_component id="oc-114">
         <name>.text:_close</name>
         <load_address>0x11817800</load_address>
         <run_address>0x11817800</run_address>
         <size>0xe0</size>
         <input_file_ref idref="fl-21"/>
      </object_component>
      <object_component id="oc-f1">
         <name>.text:_memset</name>
         <load_address>0x118178e0</load_address>
         <run_address>0x118178e0</run_address>
         <size>0xe0</size>
         <input_file_ref idref="fl-25"/>
      </object_component>
      <object_component id="oc-d8">
         <name>.text:_printf</name>
         <load_address>0x118179c0</load_address>
         <run_address>0x118179c0</run_address>
         <size>0xe0</size>
         <input_file_ref idref="fl-c"/>
      </object_component>
      <object_component id="oc-cc">
         <name>.text:_HOSTread</name>
         <load_address>0x11817aa0</load_address>
         <run_address>0x11817aa0</run_address>
         <size>0xc0</size>
         <input_file_ref idref="fl-27"/>
      </object_component>
      <object_component id="oc-cf">
         <name>.text:_HOSTunlink</name>
         <load_address>0x11817b60</load_address>
         <run_address>0x11817b60</run_address>
         <size>0xc0</size>
         <input_file_ref idref="fl-27"/>
      </object_component>
      <object_component id="oc-cd">
         <name>.text:_HOSTwrite</name>
         <load_address>0x11817c20</load_address>
         <run_address>0x11817c20</run_address>
         <size>0xc0</size>
         <input_file_ref idref="fl-27"/>
      </object_component>
      <object_component id="oc-c6">
         <name>.text:__auto_init</name>
         <load_address>0x11817ce0</load_address>
         <run_address>0x11817ce0</run_address>
         <size>0xc0</size>
         <input_file_ref idref="fl-11"/>
      </object_component>
      <object_component id="oc-10a">
         <name>.text:__div</name>
         <load_address>0x11817da0</load_address>
         <run_address>0x11817da0</run_address>
         <size>0xc0</size>
         <input_file_ref idref="fl-e"/>
      </object_component>
      <object_component id="oc-111">
         <name>.text:__divu</name>
         <load_address>0x11817e60</load_address>
         <run_address>0x11817e60</run_address>
         <size>0xc0</size>
         <input_file_ref idref="fl-17"/>
      </object_component>
      <object_component id="oc-ef">
         <name>.text:__doflush</name>
         <load_address>0x11817f20</load_address>
         <run_address>0x11817f20</run_address>
         <size>0xc0</size>
         <input_file_ref idref="fl-2b"/>
      </object_component>
      <object_component id="oc-c8">
         <name>.text:_exit</name>
         <load_address>0x11817fe0</load_address>
         <run_address>0x11817fe0</run_address>
         <size>0xc0</size>
         <input_file_ref idref="fl-a"/>
      </object_component>
      <object_component id="oc-10d">
         <name>.text:_ltoa</name>
         <load_address>0x118180a0</load_address>
         <run_address>0x118180a0</run_address>
         <size>0xc0</size>
         <input_file_ref idref="fl-22"/>
      </object_component>
      <object_component id="oc-cb">
         <name>.text:_HOSTclose</name>
         <load_address>0x11818160</load_address>
         <run_address>0x11818160</run_address>
         <size>0xa0</size>
         <input_file_ref idref="fl-27"/>
      </object_component>
      <object_component id="oc-103">
         <name>.text:__cleanup</name>
         <load_address>0x11818200</load_address>
         <run_address>0x11818200</run_address>
         <size>0xa0</size>
         <input_file_ref idref="fl-2e"/>
      </object_component>
      <object_component id="oc-117">
         <name>.text:__divli</name>
         <load_address>0x118182a0</load_address>
         <run_address>0x118182a0</run_address>
         <size>0xa0</size>
         <input_file_ref idref="fl-1d"/>
      </object_component>
      <object_component id="oc-105">
         <name>.text:__ecpy</name>
         <load_address>0x11818340</load_address>
         <run_address>0x11818340</run_address>
         <size>0xa0</size>
         <input_file_ref idref="fl-e"/>
      </object_component>
      <object_component id="oc-108">
         <name>.text:__fcpy</name>
         <load_address>0x118183e0</load_address>
         <run_address>0x118183e0</run_address>
         <size>0xa0</size>
         <input_file_ref idref="fl-e"/>
      </object_component>
      <object_component id="oc-10c">
         <name>.text:__fixdli</name>
         <load_address>0x11818480</load_address>
         <run_address>0x11818480</run_address>
         <size>0xa0</size>
         <input_file_ref idref="fl-18"/>
      </object_component>
      <object_component id="oc-fc">
         <name>.text:__pconv_f</name>
         <load_address>0x11818520</load_address>
         <run_address>0x11818520</run_address>
         <size>0xa0</size>
         <input_file_ref idref="fl-e"/>
      </object_component>
      <object_component id="oc-d1">
         <name>.text:_copy_in</name>
         <load_address>0x118185c0</load_address>
         <run_address>0x118185c0</run_address>
         <size>0xa0</size>
         <input_file_ref idref="fl-13"/>
      </object_component>
      <object_component id="oc-11c">
         <name>.text:_finddevice</name>
         <load_address>0x11818660</load_address>
         <run_address>0x11818660</run_address>
         <size>0xa0</size>
         <input_file_ref idref="fl-21"/>
      </object_component>
      <object_component id="oc-101">
         <name>.text:_lseek</name>
         <load_address>0x11818700</load_address>
         <run_address>0x11818700</run_address>
         <size>0xa0</size>
         <input_file_ref idref="fl-21"/>
      </object_component>
      <object_component id="oc-d2">
         <name>.text:_memcpy</name>
         <load_address>0x118187a0</load_address>
         <run_address>0x118187a0</run_address>
         <size>0xa0</size>
         <input_file_ref idref="fl-24"/>
      </object_component>
      <object_component id="oc-ec">
         <name>.text:_minsert</name>
         <load_address>0x11818840</load_address>
         <run_address>0x11818840</run_address>
         <size>0xa0</size>
         <input_file_ref idref="fl-b"/>
      </object_component>
      <object_component id="oc-eb">
         <name>.text:_mremove</name>
         <load_address>0x118188e0</load_address>
         <run_address>0x118188e0</run_address>
         <size>0xa0</size>
         <input_file_ref idref="fl-b"/>
      </object_component>
      <object_component id="oc-f0">
         <name>.text:_write</name>
         <load_address>0x11818980</load_address>
         <run_address>0x11818980</run_address>
         <size>0xa0</size>
         <input_file_ref idref="fl-21"/>
      </object_component>
      <object_component id="oc-1a">
         <name>.text:retain</name>
         <load_address>0x11818a20</load_address>
         <run_address>0x11818a20</run_address>
         <size>0xa0</size>
         <input_file_ref idref="fl-3"/>
      </object_component>
      <object_component id="oc-10e">
         <name>.text:__fltlid</name>
         <load_address>0x11818ac0</load_address>
         <run_address>0x11818ac0</run_address>
         <size>0x80</size>
         <input_file_ref idref="fl-19"/>
      </object_component>
      <object_component id="oc-118">
         <name>.text:__llshl</name>
         <load_address>0x11818b40</load_address>
         <run_address>0x11818b40</run_address>
         <size>0x80</size>
         <input_file_ref idref="fl-20"/>
      </object_component>
      <object_component id="oc-e">
         <name>.text:_c_int00</name>
         <load_address>0x11818bc0</load_address>
         <run_address>0x11818bc0</run_address>
         <size>0x80</size>
         <input_file_ref idref="fl-9"/>
      </object_component>
      <object_component id="oc-d7">
         <name>.text:_readmsg</name>
         <load_address>0x11818c40</load_address>
         <run_address>0x11818c40</run_address>
         <size>0x80</size>
         <input_file_ref idref="fl-28"/>
      </object_component>
      <object_component id="oc-11a">
         <name>.text:_unlink</name>
         <load_address>0x11818cc0</load_address>
         <run_address>0x11818cc0</run_address>
         <size>0x80</size>
         <input_file_ref idref="fl-21"/>
      </object_component>
      <object_component id="oc-d3">
         <name>.text:___TI_cpp_init</name>
         <load_address>0x11818d40</load_address>
         <run_address>0x11818d40</run_address>
         <size>0x60</size>
         <input_file_ref idref="fl-12"/>
      </object_component>
      <object_component id="oc-119">
         <name>.text:__subcull</name>
         <load_address>0x11818da0</load_address>
         <run_address>0x11818da0</run_address>
         <size>0x60</size>
         <input_file_ref idref="fl-1e"/>
      </object_component>
      <object_component id="oc-f5">
         <name>.text:_memccpy</name>
         <load_address>0x11818e00</load_address>
         <run_address>0x11818e00</run_address>
         <size>0x60</size>
         <input_file_ref idref="fl-23"/>
      </object_component>
      <object_component id="oc-d6">
         <name>.text:_writemsg</name>
         <load_address>0x11818e60</load_address>
         <run_address>0x11818e60</run_address>
         <size>0x60</size>
         <input_file_ref idref="fl-28"/>
      </object_component>
      <object_component id="oc-fa">
         <name>.text:___isinf</name>
         <load_address>0x11818ec0</load_address>
         <run_address>0x11818ec0</run_address>
         <size>0x40</size>
         <input_file_ref idref="fl-1f"/>
      </object_component>
      <object_component id="oc-f9">
         <name>.text:___isnan</name>
         <load_address>0x11818f00</load_address>
         <run_address>0x11818f00</run_address>
         <size>0x40</size>
         <input_file_ref idref="fl-e"/>
      </object_component>
      <object_component id="oc-c7">
         <name>.text:__args_main</name>
         <load_address>0x11818f40</load_address>
         <run_address>0x11818f40</run_address>
         <size>0x40</size>
         <input_file_ref idref="fl-f"/>
      </object_component>
      <object_component id="oc-110">
         <name>.text:__frcmpyd_div</name>
         <load_address>0x11818f80</load_address>
         <run_address>0x11818f80</run_address>
         <size>0x40</size>
         <input_file_ref idref="fl-1c"/>
      </object_component>
      <object_component id="oc-10f">
         <name>.text:__llshru</name>
         <load_address>0x11818fc0</load_address>
         <run_address>0x11818fc0</run_address>
         <size>0x40</size>
         <input_file_ref idref="fl-20"/>
      </object_component>
      <object_component id="oc-116">
         <name>.text:__remli</name>
         <load_address>0x11819000</load_address>
         <run_address>0x11819000</run_address>
         <size>0x40</size>
         <input_file_ref idref="fl-1d"/>
      </object_component>
      <object_component id="oc-ff">
         <name>.text:__negll</name>
         <load_address>0x11819040</load_address>
         <run_address>0x11819040</run_address>
         <size>0x20</size>
         <input_file_ref idref="fl-26"/>
      </object_component>
      <object_component id="oc-c9">
         <name>.text:__nop</name>
         <load_address>0x11819060</load_address>
         <run_address>0x11819060</run_address>
         <size>0x20</size>
         <input_file_ref idref="fl-d"/>
      </object_component>
      <object_component id="oc-dc">
         <name>.text:__outc</name>
         <load_address>0x11819080</load_address>
         <run_address>0x11819080</run_address>
         <size>0x20</size>
         <input_file_ref idref="fl-c"/>
      </object_component>
      <object_component id="oc-da">
         <name>.text:__outs</name>
         <load_address>0x118190a0</load_address>
         <run_address>0x118190a0</run_address>
         <size>0x20</size>
         <input_file_ref idref="fl-c"/>
      </object_component>
      <object_component id="oc-d5">
         <name>.text:_abort</name>
         <load_address>0x118190c0</load_address>
         <run_address>0x118190c0</run_address>
         <size>0x20</size>
         <input_file_ref idref="fl-a"/>
      </object_component>
      <object_component id="oc-115">
         <name>.text:_remove</name>
         <load_address>0x118190e0</load_address>
         <run_address>0x118190e0</run_address>
         <size>0x20</size>
         <input_file_ref idref="fl-30"/>
      </object_component>
      <object_component id="oc-1f">
         <name>.text</name>
         <load_address>0x11819100</load_address>
         <run_address>0x11819100</run_address>
         <size>0x20</size>
         <input_file_ref idref="fl-4"/>
      </object_component>
      <object_component id="oc-f8">
         <name>.const:.string:__ctypes_</name>
         <load_address>0x1181a200</load_address>
         <run_address>0x1181a200</run_address>
         <size>0x101</size>
         <input_file_ref idref="fl-14"/>
      </object_component>
      <object_component id="oc-64">
         <name>.const:.string</name>
         <load_address>0x1181a301</load_address>
         <run_address>0x1181a301</run_address>
         <size>0x2</size>
         <input_file_ref idref="fl-1b"/>
      </object_component>
      <object_component id="oc-1b">
         <name>.const:.string</name>
         <load_address>0x1181a304</load_address>
         <run_address>0x1181a304</run_address>
         <size>0x4</size>
         <input_file_ref idref="fl-3"/>
      </object_component>
      <object_component id="oc-ea">
         <name>.const:_bitval_u32</name>
         <load_address>0x1181a308</load_address>
         <run_address>0x1181a308</run_address>
         <size>0x80</size>
         <input_file_ref idref="fl-34"/>
      </object_component>
      <object_component id="oc-b9">
         <name>.const:.string</name>
         <load_address>0x1181a388</load_address>
         <run_address>0x1181a388</run_address>
         <size>0x40</size>
         <input_file_ref idref="fl-34"/>
      </object_component>
      <object_component id="oc-3c">
         <name>.const:.string</name>
         <load_address>0x1181a3c8</load_address>
         <run_address>0x1181a3c8</run_address>
         <size>0x23</size>
         <input_file_ref idref="fl-e"/>
      </object_component>
      <object_component id="oc-f">
         <name>.bss</name>
         <uninitialized>true</uninitialized>
         <run_address>0x11819f90</run_address>
         <size>0x1c</size>
         <input_file_ref idref="fl-2"/>
      </object_component>
      <object_component id="oc-16">
         <name>.bss</name>
         <uninitialized>true</uninitialized>
         <run_address>0x11819fac</run_address>
         <size>0x14</size>
         <input_file_ref idref="fl-3"/>
      </object_component>
      <object_component id="oc-c1">
         <name>.bss</name>
         <uninitialized>true</uninitialized>
         <run_address>0x11819fc0</run_address>
         <size>0x4</size>
         <input_file_ref idref="fl-36"/>
      </object_component>
      <object_component id="oc-12">
         <name>.far</name>
         <uninitialized>true</uninitialized>
         <run_address>0x11819f70</run_address>
         <size>0x8</size>
         <input_file_ref idref="fl-2"/>
      </object_component>
      <object_component id="oc-19">
         <name>.far</name>
         <uninitialized>true</uninitialized>
         <run_address>0x11819c48</run_address>
         <size>0x200</size>
         <input_file_ref idref="fl-3"/>
      </object_component>
      <object_component id="oc-2a">
         <name>.far</name>
         <uninitialized>true</uninitialized>
         <run_address>0x11819f64</run_address>
         <size>0xc</size>
         <input_file_ref idref="fl-a"/>
      </object_component>
      <object_component id="oc-2f">
         <name>.far</name>
         <uninitialized>true</uninitialized>
         <run_address>0x11819f80</run_address>
         <size>0x8</size>
         <input_file_ref idref="fl-b"/>
      </object_component>
      <object_component id="oc-38">
         <name>.far</name>
         <uninitialized>true</uninitialized>
         <run_address>0x11819f78</run_address>
         <size>0x8</size>
         <input_file_ref idref="fl-d"/>
      </object_component>
      <object_component id="oc-52">
         <name>.far</name>
         <uninitialized>true</uninitialized>
         <run_address>0x11819920</run_address>
         <size>0x324</size>
         <input_file_ref idref="fl-15"/>
      </object_component>
      <object_component id="oc-78">
         <name>.far</name>
         <uninitialized>true</uninitialized>
         <run_address>0x11819e48</run_address>
         <size>0x11c</size>
         <input_file_ref idref="fl-21"/>
      </object_component>
      <object_component id="oc-8b">
         <name>.far</name>
         <uninitialized>true</uninitialized>
         <run_address>0x11819f88</run_address>
         <size>0x8</size>
         <input_file_ref idref="fl-27"/>
      </object_component>
      <object_component id="oc-a3">
         <name>.far</name>
         <uninitialized>true</uninitialized>
         <run_address>0x11819c44</run_address>
         <size>0x4</size>
         <input_file_ref idref="fl-2e"/>
      </object_component>
      <object_component id="oc-e9">
         <name>.switch:_getRegisterBankAndBit</name>
         <load_address>0x11819fc4</load_address>
         <run_address>0x11819fc4</run_address>
         <size>0x24</size>
         <input_file_ref idref="fl-32"/>
      </object_component>
      <object_component id="oc-25">
         <name>.stack</name>
         <uninitialized>true</uninitialized>
         <run_address>0x11819120</run_address>
         <size>0x8</size>
         <input_file_ref idref="fl-9"/>
      </object_component>
      <object_component id="oc-132">
         <name>.stack</name>
         <uninitialized>true</uninitialized>
         <run_address>0x11819120</run_address>
         <size>0x0</size>
      </object_component>
      <object_component id="oc-51">
         <name>.cinit</name>
         <load_address>0x1181a3f0</load_address>
         <run_address>0x1181a3f0</run_address>
         <size>0x5c</size>
         <input_file_ref idref="fl-15"/>
      </object_component>
      <object_component id="oc-77">
         <name>.cinit</name>
         <load_address>0x1181a450</load_address>
         <run_address>0x1181a450</run_address>
         <size>0x5c</size>
         <input_file_ref idref="fl-21"/>
      </object_component>
      <object_component id="oc-11">
         <name>.cinit</name>
         <load_address>0x1181a4b0</load_address>
         <run_address>0x1181a4b0</run_address>
         <size>0x2c</size>
         <input_file_ref idref="fl-2"/>
      </object_component>
      <object_component id="oc-29">
         <name>.cinit</name>
         <load_address>0x1181a4e0</load_address>
         <run_address>0x1181a4e0</run_address>
         <size>0x2c</size>
         <input_file_ref idref="fl-a"/>
      </object_component>
      <object_component id="oc-2e">
         <name>.cinit</name>
         <load_address>0x1181a510</load_address>
         <run_address>0x1181a510</run_address>
         <size>0x2c</size>
         <input_file_ref idref="fl-b"/>
      </object_component>
      <object_component id="oc-37">
         <name>.cinit</name>
         <load_address>0x1181a540</load_address>
         <run_address>0x1181a540</run_address>
         <size>0x1c</size>
         <input_file_ref idref="fl-d"/>
      </object_component>
      <object_component id="oc-18">
         <name>.cinit</name>
         <load_address>0x1181a560</load_address>
         <run_address>0x1181a560</run_address>
         <size>0xc</size>
         <input_file_ref idref="fl-3"/>
      </object_component>
      <object_component id="oc-a2">
         <name>.cinit</name>
         <load_address>0x1181a570</load_address>
         <run_address>0x1181a570</run_address>
         <size>0xc</size>
         <input_file_ref idref="fl-2e"/>
      </object_component>
      <object_component id="oc-30">
         <name>.sysmem</name>
         <uninitialized>true</uninitialized>
         <run_address>0x11800000</run_address>
         <size>0x8</size>
         <input_file_ref idref="fl-b"/>
      </object_component>
      <object_component id="oc-133">
         <name>.sysmem</name>
         <uninitialized>true</uninitialized>
         <run_address>0x11800000</run_address>
         <size>0x0</size>
      </object_component>
      <object_component id="oc-8f">
         <name>.cio</name>
         <uninitialized>true</uninitialized>
         <run_address>0x1181a588</run_address>
         <size>0x120</size>
         <input_file_ref idref="fl-28"/>
      </object_component>
      <object_component id="oc-20">
         <name>.vecs</name>
         <load_address>0x1181a000</load_address>
         <run_address>0x1181a000</run_address>
         <size>0x200</size>
         <input_file_ref idref="fl-4"/>
      </object_component>
      <object_component id="oc-10">
         <name>.debug_info</name>
         <load_address>0x0</load_address>
         <run_address>0x0</run_address>
         <size>0x4c85</size>
         <input_file_ref idref="fl-2"/>
      </object_component>
      <object_component id="oc-17">
         <name>.debug_info</name>
         <load_address>0x4c85</load_address>
         <run_address>0x4c85</run_address>
         <size>0xa6d</size>
         <input_file_ref idref="fl-3"/>
      </object_component>
      <object_component id="oc-21">
         <name>.debug_info</name>
         <load_address>0x56f2</load_address>
         <run_address>0x56f2</run_address>
         <size>0x190</size>
         <input_file_ref idref="fl-4"/>
      </object_component>
      <object_component id="oc-24">
         <name>.debug_info</name>
         <load_address>0x5882</load_address>
         <run_address>0x5882</run_address>
         <size>0x6f2</size>
         <input_file_ref idref="fl-9"/>
      </object_component>
      <object_component id="oc-28">
         <name>.debug_info</name>
         <load_address>0x5f74</load_address>
         <run_address>0x5f74</run_address>
         <size>0x7bf</size>
         <input_file_ref idref="fl-a"/>
      </object_component>
      <object_component id="oc-2d">
         <name>.debug_info</name>
         <load_address>0x6733</load_address>
         <run_address>0x6733</run_address>
         <size>0xabf</size>
         <input_file_ref idref="fl-b"/>
      </object_component>
      <object_component id="oc-33">
         <name>.debug_info</name>
         <load_address>0x71f2</load_address>
         <run_address>0x71f2</run_address>
         <size>0x8e9</size>
         <input_file_ref idref="fl-c"/>
      </object_component>
      <object_component id="oc-36">
         <name>.debug_info</name>
         <load_address>0x7adb</load_address>
         <run_address>0x7adb</run_address>
         <size>0x633</size>
         <input_file_ref idref="fl-d"/>
      </object_component>
      <object_component id="oc-3b">
         <name>.debug_info</name>
         <load_address>0x810e</load_address>
         <run_address>0x810e</run_address>
         <size>0x2674</size>
         <input_file_ref idref="fl-e"/>
      </object_component>
      <object_component id="oc-3f">
         <name>.debug_info</name>
         <load_address>0xa782</load_address>
         <run_address>0xa782</run_address>
         <size>0x6c8</size>
         <input_file_ref idref="fl-f"/>
      </object_component>
      <object_component id="oc-42">
         <name>.debug_info</name>
         <load_address>0xae4a</load_address>
         <run_address>0xae4a</run_address>
         <size>0x6d5</size>
         <input_file_ref idref="fl-10"/>
      </object_component>
      <object_component id="oc-45">
         <name>.debug_info</name>
         <load_address>0xb51f</load_address>
         <run_address>0xb51f</run_address>
         <size>0x83e</size>
         <input_file_ref idref="fl-11"/>
      </object_component>
      <object_component id="oc-48">
         <name>.debug_info</name>
         <load_address>0xbd5d</load_address>
         <run_address>0xbd5d</run_address>
         <size>0x6b6</size>
         <input_file_ref idref="fl-12"/>
      </object_component>
      <object_component id="oc-4b">
         <name>.debug_info</name>
         <load_address>0xc413</load_address>
         <run_address>0xc413</run_address>
         <size>0x7ac</size>
         <input_file_ref idref="fl-13"/>
      </object_component>
      <object_component id="oc-4e">
         <name>.debug_info</name>
         <load_address>0xcbbf</load_address>
         <run_address>0xcbbf</run_address>
         <size>0x5e1</size>
         <input_file_ref idref="fl-14"/>
      </object_component>
      <object_component id="oc-50">
         <name>.debug_info</name>
         <load_address>0xd1a0</load_address>
         <run_address>0xd1a0</run_address>
         <size>0x6ce</size>
         <input_file_ref idref="fl-15"/>
      </object_component>
      <object_component id="oc-54">
         <name>.debug_info</name>
         <load_address>0xd86e</load_address>
         <run_address>0xd86e</run_address>
         <size>0x96a</size>
         <input_file_ref idref="fl-16"/>
      </object_component>
      <object_component id="oc-57">
         <name>.debug_info</name>
         <load_address>0xe1d8</load_address>
         <run_address>0xe1d8</run_address>
         <size>0xbd</size>
         <input_file_ref idref="fl-17"/>
      </object_component>
      <object_component id="oc-5a">
         <name>.debug_info</name>
         <load_address>0xe295</load_address>
         <run_address>0xe295</run_address>
         <size>0x67e</size>
         <input_file_ref idref="fl-18"/>
      </object_component>
      <object_component id="oc-5d">
         <name>.debug_info</name>
         <load_address>0xe913</load_address>
         <run_address>0xe913</run_address>
         <size>0x697</size>
         <input_file_ref idref="fl-19"/>
      </object_component>
      <object_component id="oc-60">
         <name>.debug_info</name>
         <load_address>0xefaa</load_address>
         <run_address>0xefaa</run_address>
         <size>0x811</size>
         <input_file_ref idref="fl-1a"/>
      </object_component>
      <object_component id="oc-63">
         <name>.debug_info</name>
         <load_address>0xf7bb</load_address>
         <run_address>0xf7bb</run_address>
         <size>0xa9d</size>
         <input_file_ref idref="fl-1b"/>
      </object_component>
      <object_component id="oc-67">
         <name>.debug_info</name>
         <load_address>0x10258</load_address>
         <run_address>0x10258</run_address>
         <size>0x653</size>
         <input_file_ref idref="fl-1c"/>
      </object_component>
      <object_component id="oc-6a">
         <name>.debug_info</name>
         <load_address>0x108ab</load_address>
         <run_address>0x108ab</run_address>
         <size>0x78a</size>
         <input_file_ref idref="fl-1d"/>
      </object_component>
      <object_component id="oc-6d">
         <name>.debug_info</name>
         <load_address>0x11035</load_address>
         <run_address>0x11035</run_address>
         <size>0x785</size>
         <input_file_ref idref="fl-1e"/>
      </object_component>
      <object_component id="oc-70">
         <name>.debug_info</name>
         <load_address>0x117ba</load_address>
         <run_address>0x117ba</run_address>
         <size>0x7fd</size>
         <input_file_ref idref="fl-1f"/>
      </object_component>
      <object_component id="oc-73">
         <name>.debug_info</name>
         <load_address>0x11fb7</load_address>
         <run_address>0x11fb7</run_address>
         <size>0x6e8</size>
         <input_file_ref idref="fl-20"/>
      </object_component>
      <object_component id="oc-76">
         <name>.debug_info</name>
         <load_address>0x1269f</load_address>
         <run_address>0x1269f</run_address>
         <size>0xe70</size>
         <input_file_ref idref="fl-21"/>
      </object_component>
      <object_component id="oc-7b">
         <name>.debug_info</name>
         <load_address>0x1350f</load_address>
         <run_address>0x1350f</run_address>
         <size>0x716</size>
         <input_file_ref idref="fl-22"/>
      </object_component>
      <object_component id="oc-7e">
         <name>.debug_info</name>
         <load_address>0x13c25</load_address>
         <run_address>0x13c25</run_address>
         <size>0x6b9</size>
         <input_file_ref idref="fl-23"/>
      </object_component>
      <object_component id="oc-81">
         <name>.debug_info</name>
         <load_address>0x142de</load_address>
         <run_address>0x142de</run_address>
         <size>0xcc</size>
         <input_file_ref idref="fl-24"/>
      </object_component>
      <object_component id="oc-84">
         <name>.debug_info</name>
         <load_address>0x143aa</load_address>
         <run_address>0x143aa</run_address>
         <size>0x79d</size>
         <input_file_ref idref="fl-25"/>
      </object_component>
      <object_component id="oc-87">
         <name>.debug_info</name>
         <load_address>0x14b47</load_address>
         <run_address>0x14b47</run_address>
         <size>0x5ff</size>
         <input_file_ref idref="fl-26"/>
      </object_component>
      <object_component id="oc-8a">
         <name>.debug_info</name>
         <load_address>0x15146</load_address>
         <run_address>0x15146</run_address>
         <size>0xdc3</size>
         <input_file_ref idref="fl-27"/>
      </object_component>
      <object_component id="oc-8e">
         <name>.debug_info</name>
         <load_address>0x15f09</load_address>
         <run_address>0x15f09</run_address>
         <size>0x850</size>
         <input_file_ref idref="fl-28"/>
      </object_component>
      <object_component id="oc-92">
         <name>.debug_info</name>
         <load_address>0x16759</load_address>
         <run_address>0x16759</run_address>
         <size>0x741</size>
         <input_file_ref idref="fl-29"/>
      </object_component>
      <object_component id="oc-95">
         <name>.debug_info</name>
         <load_address>0x16e9a</load_address>
         <run_address>0x16e9a</run_address>
         <size>0x5b3</size>
         <input_file_ref idref="fl-2a"/>
      </object_component>
      <object_component id="oc-98">
         <name>.debug_info</name>
         <load_address>0x1744d</load_address>
         <run_address>0x1744d</run_address>
         <size>0x768</size>
         <input_file_ref idref="fl-2b"/>
      </object_component>
      <object_component id="oc-9b">
         <name>.debug_info</name>
         <load_address>0x17bb5</load_address>
         <run_address>0x17bb5</run_address>
         <size>0x7a0</size>
         <input_file_ref idref="fl-2c"/>
      </object_component>
      <object_component id="oc-9e">
         <name>.debug_info</name>
         <load_address>0x18355</load_address>
         <run_address>0x18355</run_address>
         <size>0x7f3</size>
         <input_file_ref idref="fl-2d"/>
      </object_component>
      <object_component id="oc-a1">
         <name>.debug_info</name>
         <load_address>0x18b48</load_address>
         <run_address>0x18b48</run_address>
         <size>0x852</size>
         <input_file_ref idref="fl-2e"/>
      </object_component>
      <object_component id="oc-a6">
         <name>.debug_info</name>
         <load_address>0x1939a</load_address>
         <run_address>0x1939a</run_address>
         <size>0x7ed</size>
         <input_file_ref idref="fl-2f"/>
      </object_component>
      <object_component id="oc-a9">
         <name>.debug_info</name>
         <load_address>0x19b87</load_address>
         <run_address>0x19b87</run_address>
         <size>0x64b</size>
         <input_file_ref idref="fl-30"/>
      </object_component>
      <object_component id="oc-ac">
         <name>.debug_info</name>
         <load_address>0x1a1d2</load_address>
         <run_address>0x1a1d2</run_address>
         <size>0xb66</size>
         <input_file_ref idref="fl-31"/>
      </object_component>
      <object_component id="oc-b0">
         <name>.debug_info</name>
         <load_address>0x1ad38</load_address>
         <run_address>0x1ad38</run_address>
         <size>0x103b</size>
         <input_file_ref idref="fl-32"/>
      </object_component>
      <object_component id="oc-b4">
         <name>.debug_info</name>
         <load_address>0x1bd73</load_address>
         <run_address>0x1bd73</run_address>
         <size>0xf0d</size>
         <input_file_ref idref="fl-33"/>
      </object_component>
      <object_component id="oc-b8">
         <name>.debug_info</name>
         <load_address>0x1cc80</load_address>
         <run_address>0x1cc80</run_address>
         <size>0x27ab</size>
         <input_file_ref idref="fl-34"/>
      </object_component>
      <object_component id="oc-bd">
         <name>.debug_info</name>
         <load_address>0x1f42b</load_address>
         <run_address>0x1f42b</run_address>
         <size>0xf63</size>
         <input_file_ref idref="fl-35"/>
      </object_component>
      <object_component id="oc-c2">
         <name>.debug_info</name>
         <load_address>0x2038e</load_address>
         <run_address>0x2038e</run_address>
         <size>0x1400</size>
         <input_file_ref idref="fl-36"/>
      </object_component>
      <object_component id="oc-134">
         <name>.debug_info</name>
         <load_address>0x2178e</load_address>
         <run_address>0x2178e</run_address>
         <size>0x6d</size>
      </object_component>
      <object_component id="oc-13">
         <name>.debug_frame</name>
         <load_address>0x0</load_address>
         <run_address>0x0</run_address>
         <size>0x44d</size>
         <input_file_ref idref="fl-2"/>
      </object_component>
      <object_component id="oc-1c">
         <name>.debug_frame</name>
         <load_address>0x44d</load_address>
         <run_address>0x44d</run_address>
         <size>0x2aa</size>
         <input_file_ref idref="fl-3"/>
      </object_component>
      <object_component id="oc-ad">
         <name>.debug_frame</name>
         <load_address>0x6f7</load_address>
         <run_address>0x6f7</run_address>
         <size>0x2b9</size>
         <input_file_ref idref="fl-31"/>
      </object_component>
      <object_component id="oc-b1">
         <name>.debug_frame</name>
         <load_address>0x9b0</load_address>
         <run_address>0x9b0</run_address>
         <size>0x2d0</size>
         <input_file_ref idref="fl-32"/>
      </object_component>
      <object_component id="oc-b5">
         <name>.debug_frame</name>
         <load_address>0xc80</load_address>
         <run_address>0xc80</run_address>
         <size>0x29a</size>
         <input_file_ref idref="fl-33"/>
      </object_component>
      <object_component id="oc-ba">
         <name>.debug_frame</name>
         <load_address>0xf1a</load_address>
         <run_address>0xf1a</run_address>
         <size>0x38b</size>
         <input_file_ref idref="fl-34"/>
      </object_component>
      <object_component id="oc-be">
         <name>.debug_frame</name>
         <load_address>0x12a5</load_address>
         <run_address>0x12a5</run_address>
         <size>0x2da</size>
         <input_file_ref idref="fl-35"/>
      </object_component>
      <object_component id="oc-c3">
         <name>.debug_frame</name>
         <load_address>0x157f</load_address>
         <run_address>0x157f</run_address>
         <size>0x29c</size>
         <input_file_ref idref="fl-36"/>
      </object_component>
      <object_component id="oc-14">
         <name>.debug_line</name>
         <load_address>0x0</load_address>
         <run_address>0x0</run_address>
         <size>0x692</size>
         <input_file_ref idref="fl-2"/>
      </object_component>
      <object_component id="oc-1d">
         <name>.debug_line</name>
         <load_address>0x692</load_address>
         <run_address>0x692</run_address>
         <size>0xcd</size>
         <input_file_ref idref="fl-3"/>
      </object_component>
      <object_component id="oc-22">
         <name>.debug_line</name>
         <load_address>0x75f</load_address>
         <run_address>0x75f</run_address>
         <size>0x102</size>
         <input_file_ref idref="fl-4"/>
      </object_component>
      <object_component id="oc-26">
         <name>.debug_line</name>
         <load_address>0x861</load_address>
         <run_address>0x861</run_address>
         <size>0x3d</size>
         <input_file_ref idref="fl-9"/>
      </object_component>
      <object_component id="oc-2b">
         <name>.debug_line</name>
         <load_address>0x89e</load_address>
         <run_address>0x89e</run_address>
         <size>0x4f</size>
         <input_file_ref idref="fl-a"/>
      </object_component>
      <object_component id="oc-31">
         <name>.debug_line</name>
         <load_address>0x8ed</load_address>
         <run_address>0x8ed</run_address>
         <size>0xa7</size>
         <input_file_ref idref="fl-b"/>
      </object_component>
      <object_component id="oc-34">
         <name>.debug_line</name>
         <load_address>0x994</load_address>
         <run_address>0x994</run_address>
         <size>0x6a</size>
         <input_file_ref idref="fl-c"/>
      </object_component>
      <object_component id="oc-39">
         <name>.debug_line</name>
         <load_address>0x9fe</load_address>
         <run_address>0x9fe</run_address>
         <size>0x35</size>
         <input_file_ref idref="fl-d"/>
      </object_component>
      <object_component id="oc-3d">
         <name>.debug_line</name>
         <load_address>0xa33</load_address>
         <run_address>0xa33</run_address>
         <size>0x31a</size>
         <input_file_ref idref="fl-e"/>
      </object_component>
      <object_component id="oc-40">
         <name>.debug_line</name>
         <load_address>0xd4d</load_address>
         <run_address>0xd4d</run_address>
         <size>0x3f</size>
         <input_file_ref idref="fl-f"/>
      </object_component>
      <object_component id="oc-43">
         <name>.debug_line</name>
         <load_address>0xd8c</load_address>
         <run_address>0xd8c</run_address>
         <size>0x45</size>
         <input_file_ref idref="fl-10"/>
      </object_component>
      <object_component id="oc-46">
         <name>.debug_line</name>
         <load_address>0xdd1</load_address>
         <run_address>0xdd1</run_address>
         <size>0x49</size>
         <input_file_ref idref="fl-11"/>
      </object_component>
      <object_component id="oc-49">
         <name>.debug_line</name>
         <load_address>0xe1a</load_address>
         <run_address>0xe1a</run_address>
         <size>0x45</size>
         <input_file_ref idref="fl-12"/>
      </object_component>
      <object_component id="oc-4c">
         <name>.debug_line</name>
         <load_address>0xe5f</load_address>
         <run_address>0xe5f</run_address>
         <size>0x44</size>
         <input_file_ref idref="fl-13"/>
      </object_component>
      <object_component id="oc-55">
         <name>.debug_line</name>
         <load_address>0xea3</load_address>
         <run_address>0xea3</run_address>
         <size>0x3c</size>
         <input_file_ref idref="fl-16"/>
      </object_component>
      <object_component id="oc-58">
         <name>.debug_line</name>
         <load_address>0xedf</load_address>
         <run_address>0xedf</run_address>
         <size>0x44</size>
         <input_file_ref idref="fl-17"/>
      </object_component>
      <object_component id="oc-5b">
         <name>.debug_line</name>
         <load_address>0xf23</load_address>
         <run_address>0xf23</run_address>
         <size>0x3d</size>
         <input_file_ref idref="fl-18"/>
      </object_component>
      <object_component id="oc-5e">
         <name>.debug_line</name>
         <load_address>0xf60</load_address>
         <run_address>0xf60</run_address>
         <size>0x3d</size>
         <input_file_ref idref="fl-19"/>
      </object_component>
      <object_component id="oc-61">
         <name>.debug_line</name>
         <load_address>0xf9d</load_address>
         <run_address>0xf9d</run_address>
         <size>0x3f</size>
         <input_file_ref idref="fl-1a"/>
      </object_component>
      <object_component id="oc-65">
         <name>.debug_line</name>
         <load_address>0xfdc</load_address>
         <run_address>0xfdc</run_address>
         <size>0x93</size>
         <input_file_ref idref="fl-1b"/>
      </object_component>
      <object_component id="oc-68">
         <name>.debug_line</name>
         <load_address>0x106f</load_address>
         <run_address>0x106f</run_address>
         <size>0x3e</size>
         <input_file_ref idref="fl-1c"/>
      </object_component>
      <object_component id="oc-6b">
         <name>.debug_line</name>
         <load_address>0x10ad</load_address>
         <run_address>0x10ad</run_address>
         <size>0x73</size>
         <input_file_ref idref="fl-1d"/>
      </object_component>
      <object_component id="oc-6e">
         <name>.debug_line</name>
         <load_address>0x1120</load_address>
         <run_address>0x1120</run_address>
         <size>0x61</size>
         <input_file_ref idref="fl-1e"/>
      </object_component>
      <object_component id="oc-71">
         <name>.debug_line</name>
         <load_address>0x1181</load_address>
         <run_address>0x1181</run_address>
         <size>0x38</size>
         <input_file_ref idref="fl-1f"/>
      </object_component>
      <object_component id="oc-74">
         <name>.debug_line</name>
         <load_address>0x11b9</load_address>
         <run_address>0x11b9</run_address>
         <size>0x56</size>
         <input_file_ref idref="fl-20"/>
      </object_component>
      <object_component id="oc-79">
         <name>.debug_line</name>
         <load_address>0x120f</load_address>
         <run_address>0x120f</run_address>
         <size>0xf5</size>
         <input_file_ref idref="fl-21"/>
      </object_component>
      <object_component id="oc-7c">
         <name>.debug_line</name>
         <load_address>0x1304</load_address>
         <run_address>0x1304</run_address>
         <size>0x40</size>
         <input_file_ref idref="fl-22"/>
      </object_component>
      <object_component id="oc-7f">
         <name>.debug_line</name>
         <load_address>0x1344</load_address>
         <run_address>0x1344</run_address>
         <size>0x3f</size>
         <input_file_ref idref="fl-23"/>
      </object_component>
      <object_component id="oc-82">
         <name>.debug_line</name>
         <load_address>0x1383</load_address>
         <run_address>0x1383</run_address>
         <size>0x4a</size>
         <input_file_ref idref="fl-24"/>
      </object_component>
      <object_component id="oc-85">
         <name>.debug_line</name>
         <load_address>0x13cd</load_address>
         <run_address>0x13cd</run_address>
         <size>0x46</size>
         <input_file_ref idref="fl-25"/>
      </object_component>
      <object_component id="oc-88">
         <name>.debug_line</name>
         <load_address>0x1413</load_address>
         <run_address>0x1413</run_address>
         <size>0x39</size>
         <input_file_ref idref="fl-26"/>
      </object_component>
      <object_component id="oc-8c">
         <name>.debug_line</name>
         <load_address>0x144c</load_address>
         <run_address>0x144c</run_address>
         <size>0x126</size>
         <input_file_ref idref="fl-27"/>
      </object_component>
      <object_component id="oc-90">
         <name>.debug_line</name>
         <load_address>0x1572</load_address>
         <run_address>0x1572</run_address>
         <size>0x66</size>
         <input_file_ref idref="fl-28"/>
      </object_component>
      <object_component id="oc-93">
         <name>.debug_line</name>
         <load_address>0x15d8</load_address>
         <run_address>0x15d8</run_address>
         <size>0x40</size>
         <input_file_ref idref="fl-29"/>
      </object_component>
      <object_component id="oc-96">
         <name>.debug_line</name>
         <load_address>0x1618</load_address>
         <run_address>0x1618</run_address>
         <size>0x23</size>
         <input_file_ref idref="fl-2a"/>
      </object_component>
      <object_component id="oc-99">
         <name>.debug_line</name>
         <load_address>0x163b</load_address>
         <run_address>0x163b</run_address>
         <size>0x3e</size>
         <input_file_ref idref="fl-2b"/>
      </object_component>
      <object_component id="oc-9c">
         <name>.debug_line</name>
         <load_address>0x1679</load_address>
         <run_address>0x1679</run_address>
         <size>0x3c</size>
         <input_file_ref idref="fl-2c"/>
      </object_component>
      <object_component id="oc-9f">
         <name>.debug_line</name>
         <load_address>0x16b5</load_address>
         <run_address>0x16b5</run_address>
         <size>0x3f</size>
         <input_file_ref idref="fl-2d"/>
      </object_component>
      <object_component id="oc-a4">
         <name>.debug_line</name>
         <load_address>0x16f4</load_address>
         <run_address>0x16f4</run_address>
         <size>0x42</size>
         <input_file_ref idref="fl-2e"/>
      </object_component>
      <object_component id="oc-a7">
         <name>.debug_line</name>
         <load_address>0x1736</load_address>
         <run_address>0x1736</run_address>
         <size>0x3e</size>
         <input_file_ref idref="fl-2f"/>
      </object_component>
      <object_component id="oc-aa">
         <name>.debug_line</name>
         <load_address>0x1774</load_address>
         <run_address>0x1774</run_address>
         <size>0x39</size>
         <input_file_ref idref="fl-30"/>
      </object_component>
      <object_component id="oc-ae">
         <name>.debug_line</name>
         <load_address>0x17ad</load_address>
         <run_address>0x17ad</run_address>
         <size>0xd8</size>
         <input_file_ref idref="fl-31"/>
      </object_component>
      <object_component id="oc-b2">
         <name>.debug_line</name>
         <load_address>0x1885</load_address>
         <run_address>0x1885</run_address>
         <size>0x1ba</size>
         <input_file_ref idref="fl-32"/>
      </object_component>
      <object_component id="oc-b6">
         <name>.debug_line</name>
         <load_address>0x1a3f</load_address>
         <run_address>0x1a3f</run_address>
         <size>0xad</size>
         <input_file_ref idref="fl-33"/>
      </object_component>
      <object_component id="oc-bb">
         <name>.debug_line</name>
         <load_address>0x1aec</load_address>
         <run_address>0x1aec</run_address>
         <size>0x2d8</size>
         <input_file_ref idref="fl-34"/>
      </object_component>
      <object_component id="oc-bf">
         <name>.debug_line</name>
         <load_address>0x1dc4</load_address>
         <run_address>0x1dc4</run_address>
         <size>0x169</size>
         <input_file_ref idref="fl-35"/>
      </object_component>
      <object_component id="oc-c4">
         <name>.debug_line</name>
         <load_address>0x1f2d</load_address>
         <run_address>0x1f2d</run_address>
         <size>0x143</size>
         <input_file_ref idref="fl-36"/>
      </object_component>
      <object_component id="oc-15">
         <name>.debug_abbrev</name>
         <load_address>0x0</load_address>
         <run_address>0x0</run_address>
         <size>0x230</size>
         <input_file_ref idref="fl-2"/>
      </object_component>
      <object_component id="oc-1e">
         <name>.debug_abbrev</name>
         <load_address>0x230</load_address>
         <run_address>0x230</run_address>
         <size>0x16f</size>
         <input_file_ref idref="fl-3"/>
      </object_component>
      <object_component id="oc-23">
         <name>.debug_abbrev</name>
         <load_address>0x39f</load_address>
         <run_address>0x39f</run_address>
         <size>0x20</size>
         <input_file_ref idref="fl-4"/>
      </object_component>
      <object_component id="oc-27">
         <name>.debug_abbrev</name>
         <load_address>0x3bf</load_address>
         <run_address>0x3bf</run_address>
         <size>0xfe</size>
         <input_file_ref idref="fl-9"/>
      </object_component>
      <object_component id="oc-2c">
         <name>.debug_abbrev</name>
         <load_address>0x4bd</load_address>
         <run_address>0x4bd</run_address>
         <size>0x119</size>
         <input_file_ref idref="fl-a"/>
      </object_component>
      <object_component id="oc-32">
         <name>.debug_abbrev</name>
         <load_address>0x5d6</load_address>
         <run_address>0x5d6</run_address>
         <size>0x1f8</size>
         <input_file_ref idref="fl-b"/>
      </object_component>
      <object_component id="oc-35">
         <name>.debug_abbrev</name>
         <load_address>0x7ce</load_address>
         <run_address>0x7ce</run_address>
         <size>0x161</size>
         <input_file_ref idref="fl-c"/>
      </object_component>
      <object_component id="oc-3a">
         <name>.debug_abbrev</name>
         <load_address>0x92f</load_address>
         <run_address>0x92f</run_address>
         <size>0x9f</size>
         <input_file_ref idref="fl-d"/>
      </object_component>
      <object_component id="oc-3e">
         <name>.debug_abbrev</name>
         <load_address>0x9ce</load_address>
         <run_address>0x9ce</run_address>
         <size>0x1d1</size>
         <input_file_ref idref="fl-e"/>
      </object_component>
      <object_component id="oc-41">
         <name>.debug_abbrev</name>
         <load_address>0xb9f</load_address>
         <run_address>0xb9f</run_address>
         <size>0xe1</size>
         <input_file_ref idref="fl-f"/>
      </object_component>
      <object_component id="oc-44">
         <name>.debug_abbrev</name>
         <load_address>0xc80</load_address>
         <run_address>0xc80</run_address>
         <size>0xcc</size>
         <input_file_ref idref="fl-10"/>
      </object_component>
      <object_component id="oc-47">
         <name>.debug_abbrev</name>
         <load_address>0xd4c</load_address>
         <run_address>0xd4c</run_address>
         <size>0x13f</size>
         <input_file_ref idref="fl-11"/>
      </object_component>
      <object_component id="oc-4a">
         <name>.debug_abbrev</name>
         <load_address>0xe8b</load_address>
         <run_address>0xe8b</run_address>
         <size>0xdd</size>
         <input_file_ref idref="fl-12"/>
      </object_component>
      <object_component id="oc-4d">
         <name>.debug_abbrev</name>
         <load_address>0xf68</load_address>
         <run_address>0xf68</run_address>
         <size>0x10c</size>
         <input_file_ref idref="fl-13"/>
      </object_component>
      <object_component id="oc-4f">
         <name>.debug_abbrev</name>
         <load_address>0x1074</load_address>
         <run_address>0x1074</run_address>
         <size>0x5f</size>
         <input_file_ref idref="fl-14"/>
      </object_component>
      <object_component id="oc-53">
         <name>.debug_abbrev</name>
         <load_address>0x10d3</load_address>
         <run_address>0x10d3</run_address>
         <size>0x8e</size>
         <input_file_ref idref="fl-15"/>
      </object_component>
      <object_component id="oc-56">
         <name>.debug_abbrev</name>
         <load_address>0x1161</load_address>
         <run_address>0x1161</run_address>
         <size>0xf5</size>
         <input_file_ref idref="fl-16"/>
      </object_component>
      <object_component id="oc-59">
         <name>.debug_abbrev</name>
         <load_address>0x1256</load_address>
         <run_address>0x1256</run_address>
         <size>0x3a</size>
         <input_file_ref idref="fl-17"/>
      </object_component>
      <object_component id="oc-5c">
         <name>.debug_abbrev</name>
         <load_address>0x1290</load_address>
         <run_address>0x1290</run_address>
         <size>0xac</size>
         <input_file_ref idref="fl-18"/>
      </object_component>
      <object_component id="oc-5f">
         <name>.debug_abbrev</name>
         <load_address>0x133c</load_address>
         <run_address>0x133c</run_address>
         <size>0xc3</size>
         <input_file_ref idref="fl-19"/>
      </object_component>
      <object_component id="oc-62">
         <name>.debug_abbrev</name>
         <load_address>0x13ff</load_address>
         <run_address>0x13ff</run_address>
         <size>0x11f</size>
         <input_file_ref idref="fl-1a"/>
      </object_component>
      <object_component id="oc-66">
         <name>.debug_abbrev</name>
         <load_address>0x151e</load_address>
         <run_address>0x151e</run_address>
         <size>0x14b</size>
         <input_file_ref idref="fl-1b"/>
      </object_component>
      <object_component id="oc-69">
         <name>.debug_abbrev</name>
         <load_address>0x1669</load_address>
         <run_address>0x1669</run_address>
         <size>0x8c</size>
         <input_file_ref idref="fl-1c"/>
      </object_component>
      <object_component id="oc-6c">
         <name>.debug_abbrev</name>
         <load_address>0x16f5</load_address>
         <run_address>0x16f5</run_address>
         <size>0xc3</size>
         <input_file_ref idref="fl-1d"/>
      </object_component>
      <object_component id="oc-6f">
         <name>.debug_abbrev</name>
         <load_address>0x17b8</load_address>
         <run_address>0x17b8</run_address>
         <size>0xc3</size>
         <input_file_ref idref="fl-1e"/>
      </object_component>
      <object_component id="oc-72">
         <name>.debug_abbrev</name>
         <load_address>0x187b</load_address>
         <run_address>0x187b</run_address>
         <size>0xd0</size>
         <input_file_ref idref="fl-1f"/>
      </object_component>
      <object_component id="oc-75">
         <name>.debug_abbrev</name>
         <load_address>0x194b</load_address>
         <run_address>0x194b</run_address>
         <size>0xa3</size>
         <input_file_ref idref="fl-20"/>
      </object_component>
      <object_component id="oc-7a">
         <name>.debug_abbrev</name>
         <load_address>0x19ee</load_address>
         <run_address>0x19ee</run_address>
         <size>0x215</size>
         <input_file_ref idref="fl-21"/>
      </object_component>
      <object_component id="oc-7d">
         <name>.debug_abbrev</name>
         <load_address>0x1c03</load_address>
         <run_address>0x1c03</run_address>
         <size>0xe3</size>
         <input_file_ref idref="fl-22"/>
      </object_component>
      <object_component id="oc-80">
         <name>.debug_abbrev</name>
         <load_address>0x1ce6</load_address>
         <run_address>0x1ce6</run_address>
         <size>0xae</size>
         <input_file_ref idref="fl-23"/>
      </object_component>
      <object_component id="oc-83">
         <name>.debug_abbrev</name>
         <load_address>0x1d94</load_address>
         <run_address>0x1d94</run_address>
         <size>0x3a</size>
         <input_file_ref idref="fl-24"/>
      </object_component>
      <object_component id="oc-86">
         <name>.debug_abbrev</name>
         <load_address>0x1dce</load_address>
         <run_address>0x1dce</run_address>
         <size>0xd0</size>
         <input_file_ref idref="fl-25"/>
      </object_component>
      <object_component id="oc-89">
         <name>.debug_abbrev</name>
         <load_address>0x1e9e</load_address>
         <run_address>0x1e9e</run_address>
         <size>0x71</size>
         <input_file_ref idref="fl-26"/>
      </object_component>
      <object_component id="oc-8d">
         <name>.debug_abbrev</name>
         <load_address>0x1f0f</load_address>
         <run_address>0x1f0f</run_address>
         <size>0x180</size>
         <input_file_ref idref="fl-27"/>
      </object_component>
      <object_component id="oc-91">
         <name>.debug_abbrev</name>
         <load_address>0x208f</load_address>
         <run_address>0x208f</run_address>
         <size>0xd5</size>
         <input_file_ref idref="fl-28"/>
      </object_component>
      <object_component id="oc-94">
         <name>.debug_abbrev</name>
         <load_address>0x2164</load_address>
         <run_address>0x2164</run_address>
         <size>0xd1</size>
         <input_file_ref idref="fl-29"/>
      </object_component>
      <object_component id="oc-97">
         <name>.debug_abbrev</name>
[...]
      </symbol>
      <symbol id="sm-188">
         <name>_left_buffer</name>
         <value>0x11819c48</value>
         <object_component_ref idref="oc-19"/>
      </symbol>
      <symbol id="sm-189">
         <name>_process_buffer</name>
         <value>0x11816ce0</value>
         <object_component_ref idref="oc-d4"/>
      </symbol>
      <symbol id="sm-18a">
         <name>_interrupt4</name>
         <value>0x11818a20</value>
         <object_component_ref idref="oc-1a"/>
      </symbol>
      <symbol id="sm-18b">
         <name>_output</name>
         <value>0x11819fbc</value>
         <object_component_ref idref="oc-16"/>
      </symbol>
      <symbol id="sm-18c">
         <name>_procBuffer</name>
         <value>0x11819fb0</value>
         <object_component_ref idref="oc-16"/>
      </symbol>
      <symbol id="sm-18d">
         <name>_right_buffer</name>
         <value>0x11819d48</value>
         <object_component_ref idref="oc-19"/>
      </symbol>
      <symbol id="sm-18e">
         <name>_input</name>
         <value>0x11819fb8</value>
         <object_component_ref idref="oc-16"/>
      </symbol>
      <symbol id="sm-19b">
         <name>_vector10</name>
         <value>0x1181a140</value>
         <object_component_ref idref="oc-20"/>
      </symbol>
      <symbol id="sm-19c">
         <name>_vector11</name>
         <value>0x1181a160</value>
         <object_component_ref idref="oc-20"/>
      </symbol>
      <symbol id="sm-19d">
         <name>_vector12</name>
         <value>0x1181a180</value>
         <object_component_ref idref="oc-20"/>
      </symbol>
      <symbol id="sm-19e">
         <name>_vector13</name>
         <value>0x1181a1a0</value>
         <object_component_ref idref="oc-20"/>
      </symbol>
      <symbol id="sm-19f">
         <name>_vector14</name>
         <value>0x1181a1c0</value>
         <object_component_ref idref="oc-20"/>
      </symbol>
      <symbol id="sm-1a0">
         <name>_vector15</name>
         <value>0x1181a1e0</value>
         <object_component_ref idref="oc-20"/>
      </symbol>
      <symbol id="sm-1a1">
         <name>_vectors</name>
         <value>0x1181a000</value>
         <object_component_ref idref="oc-20"/>
      </symbol>
      <symbol id="sm-1a2">
         <name>_vector1</name>
         <value>0x1181a020</value>
         <object_component_ref idref="oc-20"/>
      </symbol>
      <symbol id="sm-1a3">
         <name>_vector3</name>
         <value>0x1181a060</value>
         <object_component_ref idref="oc-20"/>
      </symbol>
      <symbol id="sm-1a4">
         <name>_vector2</name>
         <value>0x1181a040</value>
         <object_component_ref idref="oc-20"/>
      </symbol>
      <symbol id="sm-1a5">
         <name>_vector5</name>
         <value>0x1181a0a0</value>
         <object_component_ref idref="oc-20"/>
      </symbol>
      <symbol id="sm-1a6">
         <name>_vector7</name>
         <value>0x1181a0e0</value>
         <object_component_ref idref="oc-20"/>
      </symbol>
      <symbol id="sm-1a7">
         <name>_vector6</name>
         <value>0x1181a0c0</value>
         <object_component_ref idref="oc-20"/>
      </symbol>
      <symbol id="sm-1a8">
         <name>_vector9</name>
         <value>0x1181a120</value>
         <object_component_ref idref="oc-20"/>
      </symbol>
      <symbol id="sm-1a9">
         <name>_vector8</name>
         <value>0x1181a100</value>
         <object_component_ref idref="oc-20"/>
      </symbol>
      <symbol id="sm-1b8">
         <name>_c_int00</name>
         <value>0x11818bc0</value>
         <object_component_ref idref="oc-e"/>
      </symbol>
      <symbol id="sm-1b9">
         <name>__stack</name>
         <value>0x11819120</value>
         <object_component_ref idref="oc-25"/>
      </symbol>
      <symbol id="sm-1d0">
         <name>C$$EXIT</name>
         <value>0x118190c0</value>
         <object_component_ref idref="oc-d5"/>
      </symbol>
      <symbol id="sm-1d1">
         <name>_exit</name>
         <value>0x11817fe0</value>
         <object_component_ref idref="oc-c8"/>
      </symbol>
      <symbol id="sm-1d2">
         <name>___TI_enable_exit_profile_output</name>
         <value>0x11819f6c</value>
         <object_component_ref idref="oc-2a"/>
      </symbol>
      <symbol id="sm-1d3">
         <name>_abort</name>
         <value>0x118190c0</value>
         <object_component_ref idref="oc-d5"/>
      </symbol>
      <symbol id="sm-1d4">
         <name>__cleanup_ptr</name>
         <value>0x11819f64</value>
         <object_component_ref idref="oc-2a"/>
      </symbol>
      <symbol id="sm-1d5">
         <name>__dtors_ptr</name>
         <value>0x11819f68</value>
         <object_component_ref idref="oc-2a"/>
      </symbol>
      <symbol id="sm-20e">
         <name>__sys_memory</name>
         <value>0x11800000</value>
         <object_component_ref idref="oc-30"/>
      </symbol>
      <symbol id="sm-20f">
         <name>_free</name>
         <value>0x11815140</value>
         <object_component_ref idref="oc-102"/>
      </symbol>
      <symbol id="sm-210">
         <name>_malloc</name>
         <value>0x11816b60</value>
         <object_component_ref idref="oc-df"/>
      </symbol>
      <symbol id="sm-225">
         <name>_printf</name>
         <value>0x118179c0</value>
         <object_component_ref idref="oc-d8"/>
      </symbol>
      <symbol id="sm-233">
         <name>__unlock</name>
         <value>0x11819f7c</value>
         <object_component_ref idref="oc-38"/>
      </symbol>
      <symbol id="sm-234">
         <name>__lock</name>
         <value>0x11819f78</value>
         <object_component_ref idref="oc-38"/>
      </symbol>
      <symbol id="sm-235">
         <name>__nop</name>
         <value>0x11819060</value>
         <object_component_ref idref="oc-c9"/>
      </symbol>
      <symbol id="sm-33f">
         <name>__printfi</name>
         <value>0x11813300</value>
         <object_component_ref idref="oc-db"/>
      </symbol>
      <symbol id="sm-349">
         <name>__args_main</name>
         <value>0x11818f40</value>
         <object_component_ref idref="oc-c7"/>
      </symbol>
      <symbol id="sm-34a">
         <name>__TI_args_main</name>
         <value>0x1</value>
      </symbol>
      <symbol id="sm-358">
         <name>_atoi</name>
         <value>0x11817720</value>
         <object_component_ref idref="oc-f2"/>
      </symbol>
      <symbol id="sm-367">
         <name>__auto_init</name>
         <value>0x11817ce0</value>
         <object_component_ref idref="oc-c6"/>
      </symbol>
      <symbol id="sm-374">
         <name>___TI_cpp_init</name>
         <value>0x11818d40</value>
         <object_component_ref idref="oc-d3"/>
      </symbol>
      <symbol id="sm-382">
         <name>_copy_in</name>
         <value>0x118185c0</value>
         <object_component_ref idref="oc-d1"/>
      </symbol>
      <symbol id="sm-38a">
         <name>__ctypes_</name>
         <value>0x1181a200</value>
         <object_component_ref idref="oc-f8"/>
      </symbol>
      <symbol id="sm-394">
         <name>__tmpnams</name>
         <value>0x11819b00</value>
         <object_component_ref idref="oc-52"/>
      </symbol>
      <symbol id="sm-395">
         <name>__ft_end</name>
         <value>0x11819c40</value>
         <object_component_ref idref="oc-52"/>
      </symbol>
      <symbol id="sm-396">
         <name>__ftable</name>
         <value>0x11819920</value>
         <object_component_ref idref="oc-52"/>
      </symbol>
      <symbol id="sm-3a8">
         <name>__divd</name>
         <value>0x11812300</value>
         <object_component_ref idref="oc-109"/>
      </symbol>
      <symbol id="sm-3b1">
         <name>__c6xabi_divu</name>
         <value>0x11817e60</value>
         <object_component_ref idref="oc-111"/>
      </symbol>
      <symbol id="sm-3b2">
         <name>__divu</name>
         <value>0x11817e60</value>
         <object_component_ref idref="oc-111"/>
      </symbol>
      <symbol id="sm-3bf">
         <name>__fixdli</name>
         <value>0x11818480</value>
         <object_component_ref idref="oc-10c"/>
      </symbol>
      <symbol id="sm-3ca">
         <name>__fltlid</name>
         <value>0x11818ac0</value>
         <object_component_ref idref="oc-10e"/>
      </symbol>
      <symbol id="sm-3e5">
         <name>_putc</name>
         <value>0x11815ce0</value>
         <object_component_ref idref="oc-e7"/>
      </symbol>
      <symbol id="sm-3e6">
         <name>_fputc</name>
         <value>0x11815ce0</value>
         <object_component_ref idref="oc-e7"/>
      </symbol>
      <symbol id="sm-408">
         <name>_fputs</name>
         <value>0x11813b80</value>
         <object_component_ref idref="oc-e2"/>
      </symbol>
      <symbol id="sm-412">
         <name>__frcmpyd_div</name>
         <value>0x11818f80</value>
         <object_component_ref idref="oc-110"/>
      </symbol>
      <symbol id="sm-422">
         <name>__divul</name>
         <value>0x118166a0</value>
         <object_component_ref idref="oc-112"/>
      </symbol>
      <symbol id="sm-423">
         <name>__remli</name>
         <value>0x11819000</value>
         <object_component_ref idref="oc-116"/>
      </symbol>
      <symbol id="sm-424">
         <name>__divli</name>
         <value>0x118182a0</value>
         <object_component_ref idref="oc-117"/>
      </symbol>
      <symbol id="sm-438">
         <name>__subcull</name>
         <value>0x11818da0</value>
         <object_component_ref idref="oc-119"/>
      </symbol>
      <symbol id="sm-439">
         <name>__divull</name>
         <value>0x118153c0</value>
         <object_component_ref idref="oc-113"/>
      </symbol>
      <symbol id="sm-443">
         <name>___isinf</name>
         <value>0x11818ec0</value>
         <object_component_ref idref="oc-fa"/>
      </symbol>
      <symbol id="sm-451">
         <name>__llshl</name>
         <value>0x11818b40</value>
         <object_component_ref idref="oc-118"/>
      </symbol>
      <symbol id="sm-452">
         <name>__llshru</name>
         <value>0x11818fc0</value>
         <object_component_ref idref="oc-10f"/>
      </symbol>
      <symbol id="sm-48f">
         <name>_unlink</name>
         <value>0x11818cc0</value>
         <object_component_ref idref="oc-11a"/>
      </symbol>
      <symbol id="sm-490">
         <name>_lseek</name>
         <value>0x11818700</value>
         <object_component_ref idref="oc-101"/>
      </symbol>
      <symbol id="sm-491">
         <name>_close</name>
         <value>0x11817800</value>
         <object_component_ref idref="oc-114"/>
      </symbol>
      <symbol id="sm-492">
         <name>_write</name>
         <value>0x11818980</value>
         <object_component_ref idref="oc-f0"/>
      </symbol>
      <symbol id="sm-49f">
         <name>_ltoa</name>
         <value>0x118180a0</value>
         <object_component_ref idref="oc-10d"/>
      </symbol>
      <symbol id="sm-4ac">
         <name>_memccpy</name>
         <value>0x11818e00</value>
         <object_component_ref idref="oc-f5"/>
      </symbol>
      <symbol id="sm-4b4">
         <name>_memcpy</name>
         <value>0x118187a0</value>
         <object_component_ref idref="oc-d2"/>
      </symbol>
      <symbol id="sm-4bf">
         <name>_memset</name>
         <value>0x118178e0</value>
         <object_component_ref idref="oc-f1"/>
      </symbol>
      <symbol id="sm-4c9">
         <name>__negll</name>
         <value>0x11819040</value>
         <object_component_ref idref="oc-ff"/>
      </symbol>
      <symbol id="sm-4f2">
         <name>_HOSTopen</name>
         <value>0x11817640</value>
         <object_component_ref idref="oc-ca"/>
      </symbol>
      <symbol id="sm-4f3">
         <name>_HOSTread</name>
         <value>0x11817aa0</value>
         <object_component_ref idref="oc-cc"/>
      </symbol>
      <symbol id="sm-4f4">
         <name>_HOSTrename</name>
         <value>0x118169e0</value>
         <object_component_ref idref="oc-d0"/>
      </symbol>
      <symbol id="sm-4f5">
         <name>_HOSTwrite</name>
         <value>0x11817c20</value>
         <object_component_ref idref="oc-cd"/>
      </symbol>
      <symbol id="sm-4f6">
         <name>_HOSTlseek</name>
         <value>0x11817440</value>
         <object_component_ref idref="oc-ce"/>
      </symbol>
      <symbol id="sm-4f7">
         <name>_HOSTunlink</name>
         <value>0x11817b60</value>
         <object_component_ref idref="oc-cf"/>
      </symbol>
      <symbol id="sm-4f8">
         <name>_HOSTclose</name>
         <value>0x11818160</value>
         <object_component_ref idref="oc-cb"/>
      </symbol>
      <symbol id="sm-508">
         <name>C$$IO$$</name>
         <value>0x11818eb8</value>
         <object_component_ref idref="oc-d6"/>
      </symbol>
      <symbol id="sm-509">
         <name>__CIOBUF_</name>
         <value>0x1181a588</value>
         <object_component_ref idref="oc-8f"/>
      </symbol>
      <symbol id="sm-50a">
         <name>_readmsg</name>
         <value>0x11818c40</value>
         <object_component_ref idref="oc-d7"/>
      </symbol>
      <symbol id="sm-50b">
         <name>_writemsg</name>
         <value>0x11818e60</value>
         <object_component_ref idref="oc-d6"/>
      </symbol>
      <symbol id="sm-51a">
         <name>__wrt_ok</name>
         <value>0x11817540</value>
         <object_component_ref idref="oc-ee"/>
      </symbol>
      <symbol id="sm-52e">
         <name>__doflush</name>
         <value>0x11817f20</value>
         <object_component_ref idref="oc-ef"/>
      </symbol>
      <symbol id="sm-53f">
         <name>_fseek</name>
         <value>0x11817320</value>
         <object_component_ref idref="oc-f6"/>
      </symbol>
      <symbol id="sm-555">
         <name>_setvbuf</name>
         <value>0x11816100</value>
         <object_component_ref idref="oc-f7"/>
      </symbol>
      <symbol id="sm-568">
         <name>__cleanup</name>
         <value>0x11818200</value>
         <object_component_ref idref="oc-103"/>
      </symbol>
      <symbol id="sm-57a">
         <name>__closefile</name>
         <value>0x118170e0</value>
         <object_component_ref idref="oc-10b"/>
      </symbol>
      <symbol id="sm-584">
         <name>_remove</name>
         <value>0x118190e0</value>
         <object_component_ref idref="oc-115"/>
      </symbol>
      <symbol id="sm-593">
         <name>_USTIMER_get</name>
         <value>0x118164a4</value>
         <object_component_ref idref="oc-e0"/>
      </symbol>
      <symbol id="sm-594">
         <name>_USTIMER_delay</name>
         <value>0x118163e4</value>
         <object_component_ref idref="oc-e0"/>
      </symbol>
      <symbol id="sm-595">
         <name>_USTIMER_set</name>
         <value>0x118164b8</value>
         <object_component_ref idref="oc-e0"/>
      </symbol>
      <symbol id="sm-596">
         <name>_USTIMER_init</name>
         <value>0x11816300</value>
         <object_component_ref idref="oc-e0"/>
      </symbol>
      <symbol id="sm-597">
         <name>_USTIMER_reset</name>
         <value>0x11816474</value>
         <object_component_ref idref="oc-e0"/>
      </symbol>
      <symbol id="sm-5d1">
         <name>_GPIO_getInput</name>
         <value>0x11813f98</value>
         <object_component_ref idref="oc-de"/>
      </symbol>
      <symbol id="sm-5d2">
         <name>_GPIO_setDir</name>
         <value>0x11813f20</value>
         <object_component_ref idref="oc-de"/>
      </symbol>
      <symbol id="sm-5d3">
         <name>_GPIO_toggleLoop</name>
         <value>0x1181408c</value>
         <object_component_ref idref="oc-de"/>
      </symbol>
      <symbol id="sm-5d4">
         <name>_GPIO_setOutput</name>
         <value>0x1181400c</value>
         <object_component_ref idref="oc-de"/>
      </symbol>
      <symbol id="sm-600">
         <name>_AIC3106_writeRegister</name>
         <value>0x11816990</value>
         <object_component_ref idref="oc-dd"/>
      </symbol>
      <symbol id="sm-601">
         <name>_AIC3106_init</name>
         <value>0x11816840</value>
         <object_component_ref idref="oc-dd"/>
      </symbol>
      <symbol id="sm-602">
         <name>_AIC3106_readRegister</name>
         <value>0x11816938</value>
         <object_component_ref idref="oc-dd"/>
      </symbol>
      <symbol id="sm-69f">
         <name>_config_pll1</name>
         <value>0x11811fa4</value>
         <object_component_ref idref="oc-e1"/>
      </symbol>
      <symbol id="sm-6a0">
         <name>_config_pll0</name>
         <value>0x11811d68</value>
         <object_component_ref idref="oc-e1"/>
      </symbol>
      <symbol id="sm-6a1">
         <name>_UTIL_isUIBoardAttached</name>
         <value>0x118122e0</value>
         <object_component_ref idref="oc-e1"/>
      </symbol>
      <symbol id="sm-6a2">
         <name>_EVMOMAPL138_initRAM</name>
         <value>0x1181170c</value>
         <object_component_ref idref="oc-e1"/>
      </symbol>
      <symbol id="sm-6a3">
         <name>_EVMOMAPL138_lpscTransition</name>
         <value>0x11811990</value>
         <object_component_ref idref="oc-e1"/>
      </symbol>
      <symbol id="sm-6a4">
         <name>_EVMOMAPL138_enableDsp</name>
         <value>0x118118c8</value>
         <object_component_ref idref="oc-e1"/>
      </symbol>
      <symbol id="sm-6a5">
         <name>_EVMOMAPL138_init</name>
         <value>0x118116e0</value>
         <object_component_ref idref="oc-e1"/>
      </symbol>
      <symbol id="sm-6a6">
         <name>_UTIL_printMem</name>
         <value>0x11812188</value>
         <object_component_ref idref="oc-e1"/>
      </symbol>
      <symbol id="sm-6a7">
         <name>_EVMOMAPL138_pinmuxConfig</name>
         <value>0x118118f4</value>
         <object_component_ref idref="oc-e1"/>
      </symbol>
      <symbol id="sm-6a8">
         <name>_bitval_u32</name>
         <value>0x1181a308</value>
         <object_component_ref idref="oc-ea"/>
      </symbol>
      <symbol id="sm-6d6">
         <name>_I2CGPIO_getInput</name>
         <value>0x11812ef4</value>
         <object_component_ref idref="oc-ed"/>
      </symbol>
      <symbol id="sm-6d7">
         <name>_I2CGPIO_setOutputAll</name>
         <value>0x11813268</value>
         <object_component_ref idref="oc-ed"/>
      </symbol>
      <symbol id="sm-6d8">
         <name>_I2CGPIO_setOutput</name>
         <value>0x11813120</value>
         <object_component_ref idref="oc-ed"/>
      </symbol>
      <symbol id="sm-6d9">
         <name>_I2CGPIO_getInputAll</name>
         <value>0x11813010</value>
         <object_component_ref idref="oc-ed"/>
      </symbol>
      <symbol id="sm-6da">
         <name>_I2CGPIO_init</name>
         <value>0x11812e20</value>
         <object_component_ref idref="oc-ed"/>
      </symbol>
      <symbol id="sm-723">
         <name>_I2C_read</name>
         <value>0x1181438c</value>
         <object_component_ref idref="oc-e8"/>
      </symbol>
      <symbol id="sm-724">
         <name>_I2C_write</name>
         <value>0x118144e8</value>
         <object_component_ref idref="oc-e8"/>
      </symbol>
      <symbol id="sm-725">
         <name>_I2C_init</name>
         <value>0x118142a0</value>
         <object_component_ref idref="oc-e8"/>
      </symbol>
   </symbol_table>
</link_info>
