******************************************************************************
               TMS320C6x Linker PC v7.4.4                      
******************************************************************************
>> Linked Fri Jun 09 11:25:39 2023

OUTPUT FILE NAME:   <echo.out>
ENTRY POINT SYMBOL: "_c_int00"  address: 11818cc0


MEMORY CONFIGURATION

         name            origin    length      used     unused   attr    fill
----------------------  --------  ---------  --------  --------  ----  --------
  dsp_l2_ram            11800000   00040000  000222df  0001dd21  RWIX
  shared_ram            80000000   00020000  00000000  00020000  RWIX
  external_ram          c0000000   08000000  00000000  08000000  RWIX


SECTION ALLOCATION MAP

 output                                  attributes/
section   page    origin      length       input sections
--------  ----  ----------  ----------   ----------------
.data      0    11800000    00000000     UNINITIALIZED

.sysmem    0    11800000    00010000     UNINITIALIZED
                  11800000    00000008     rts6740.lib : memory.obj (.sysmem)
                  11800008    0000fff8     --HOLE--

.text      0    11810000    00009280     
                  11810000    000016e0     L138_LCDK_aic3106_init.obj (.text)
                  118116e0    00000c20     evmomapl138_bsl.lib : evmomapl138.obj (.text)
                  11812300    000005a0     rts6740.lib : divd.obj (.text:__divd)
                  118128a0    00000580                 : _printfi.obj (.text:__getarg_diouxp)
                  11812e20    000004e0     evmomapl138_bsl.lib : evmomapl138_i2c_gpio.obj (.text)
                  11813300    00000440     rts6740.lib : _printfi.obj (.text:__printfi)
                  11813740    00000440                 : _printfi.obj (.text:__setfield)
                  11813b80    000003a0                 : fputs.obj (.text:_fputs)
                  11813f20    00000380     evmomapl138_bsl.lib : evmomapl138_gpio.obj (.text)
                  118142a0    00000380                         : evmomapl138_i2c.obj (.text)
                  11814620    00000320     rts6740.lib : _printfi.obj (.text:__pproc_fge)
                  11814940    000002c0                 : _printfi.obj (.text:__pproc_fwp)
                  11814c00    000002a0                 : _printfi.obj (.text:_ecvt)
                  11814ea0    000002a0                 : _printfi.obj (.text:_fcvt)
                  11815140    00000280                 : memory.obj (.text:_free)
                  118153c0    00000260                 : imath64.obj (.text:__divull)
                  11815620    00000260                 : _printfi.obj (.text:__pconv_e)
                  11815880    00000260     main.obj (.text:retain)
                  11815ae0    00000240     rts6740.lib : _printfi.obj (.text:__pproc_diouxp)
                  11815d20    00000220                 : _printfi.obj (.text:__pproc_str)
                  11815f40    00000220                 : fputc.obj (.text:_fputc)
                  11816160    00000200                 : _printfi.obj (.text:__pconv_g)
                  11816360    00000200                 : setvbuf.obj (.text:_setvbuf)
                  11816560    000001e0     evmomapl138_bsl.lib : evmomapl138_timer.obj (.text)
                  11816740    000001c0     rts6740.lib : _printfi.obj (.text:__mcpy)
                  11816900    000001a0                 : imath40.obj (.text:__divul)
                  11816aa0    000001a0     evmomapl138_bsl.lib : evmomapl138_aic3106.obj (.text)
                  11816c40    00000180     rts6740.lib : trgdrv.obj (.text:_HOSTrename)
                  11816dc0    00000180                 : memory.obj (.text:_malloc)
                  11816f40    00000140                 : _printfi.obj (.text:__pproc_fflags)
                  11817080    00000140                 : lowlev.obj (.text:_getdevice)
                  118171c0    00000120                 : fclose.obj (.text:__closefile)
                  118172e0    00000120                 : _printfi.obj (.text:__ltostr)
                  11817400    00000120                 : fseek.obj (.text:_fseek)
                  11817520    00000100                 : trgdrv.obj (.text:_HOSTlseek)
                  11817620    00000100                 : _io_perm.obj (.text:__wrt_ok)
                  11817720    000000e0                 : trgdrv.obj (.text:_HOSTopen)
                  11817800    000000e0                 : atoi.obj (.text:_atoi)
                  118178e0    000000e0                 : lowlev.obj (.text:_close)
                  118179c0    000000e0                 : memset.obj (.text:_memset)
                  11817aa0    000000e0                 : printf.obj (.text:_printf)
                  11817b80    000000c0                 : trgdrv.obj (.text:_HOSTread)
                  11817c40    000000c0                 : trgdrv.obj (.text:_HOSTunlink)
                  11817d00    000000c0                 : trgdrv.obj (.text:_HOSTwrite)
                  11817dc0    000000c0                 : autoinit.obj (.text:__auto_init)
                  11817e80    000000c0                 : _printfi.obj (.text:__div)
                  11817f40    000000c0                 : divu.obj (.text:__divu)
                  11818000    000000c0                 : fflush.obj (.text:__doflush)
                  118180c0    000000c0                 : remi.obj (.text:__remi)
                  11818180    000000c0                 : exit.obj (.text:_exit)
                  11818240    000000c0                 : ltoa.obj (.text:_ltoa)
                  11818300    000000a0                 : trgdrv.obj (.text:_HOSTclose)
                  118183a0    000000a0                 : fopen.obj (.text:__cleanup)
                  11818440    000000a0                 : imath40.obj (.text:__divli)
                  118184e0    000000a0                 : _printfi.obj (.text:__ecpy)
                  11818580    000000a0                 : _printfi.obj (.text:__fcpy)
                  11818620    000000a0                 : fixdli.obj (.text:__fixdli)
                  118186c0    000000a0                 : _printfi.obj (.text:__pconv_f)
                  11818760    000000a0                 : cpy_tbl.obj (.text:_copy_in)
                  11818800    000000a0                 : lowlev.obj (.text:_finddevice)
                  118188a0    000000a0                 : lowlev.obj (.text:_lseek)
                  11818940    000000a0                 : memcpy64.obj (.text:_memcpy)
                  118189e0    000000a0                 : memory.obj (.text:_minsert)
                  11818a80    000000a0                 : memory.obj (.text:_mremove)
                  11818b20    000000a0                 : lowlev.obj (.text:_write)
                  11818bc0    00000080                 : fltlid.obj (.text:__fltlid)
                  11818c40    00000080                 : llshift.obj (.text:__llshl)
                  11818cc0    00000080                 : boot.obj (.text:_c_int00)
                  11818d40    00000080                 : trgmsg.obj (.text:_readmsg)
                  11818dc0    00000080                 : lowlev.obj (.text:_unlink)
                  11818e40    00000060                 : cpp_init.obj (.text:___TI_cpp_init)
                  11818ea0    00000060                 : imath64.obj (.text:__subcull)
                  11818f00    00000060                 : memccpy.obj (.text:_memccpy)
                  11818f60    00000060                 : trgmsg.obj (.text:_writemsg)
                  11818fc0    00000060     main.obj (.text)
                  11819020    00000040     rts6740.lib : isinf.obj (.text:___isinf)
                  11819060    00000040                 : _printfi.obj (.text:___isnan)
                  118190a0    00000040                 : args_main.obj (.text:__args_main)
                  118190e0    00000040                 : frcmpyd_div.obj (.text:__frcmpyd_div)
                  11819120    00000040                 : llshift.obj (.text:__llshru)
                  11819160    00000040                 : imath40.obj (.text:__remli)
                  118191a0    00000020                 : negll.obj (.text:__negll)
                  118191c0    00000020                 : _lock.obj (.text:__nop)
                  118191e0    00000020                 : printf.obj (.text:__outc)
                  11819200    00000020                 : printf.obj (.text:__outs)
                  11819220    00000020                 : exit.obj (.text:_abort)
                  11819240    00000020                 : remove.obj (.text:_remove)
                  11819260    00000020     vectors_intr.obj (.text)

.far       0    11819280    00008170     UNINITIALIZED
                  11819280    00007d00     main.obj (.far)
                  11820f80    00000324     rts6740.lib : defs.obj (.far)
                  118212a4    00000004                 : fopen.obj (.far)
                  118212a8    0000011c                 : lowlev.obj (.far)
                  118213c4    0000000c                 : exit.obj (.far)
                  118213d0    00000008     L138_LCDK_aic3106_init.obj (.far)
                  118213d8    00000008     rts6740.lib : _lock.obj (.far)
                  118213e0    00000008                 : memory.obj (.far)
                  118213e8    00000008                 : trgdrv.obj (.far)

.stack     0    118213f0    00000800     UNINITIALIZED
                  118213f0    00000008     rts6740.lib : boot.obj (.stack)
                  118213f8    000007f8     --HOLE--

.vecs      0    11821c00    00000200     
                  11821c00    00000200     vectors_intr.obj (.vecs)

.const     0    11821e00    000001eb     
                  11821e00    00000101     rts6740.lib : ctype.obj (.const:.string:__ctypes_)
                  11821f01    00000002                 : fputs.obj (.const:.string)
                  11821f03    00000005     --HOLE-- [fill = 0]
                  11821f08    00000080     evmomapl138_bsl.lib : evmomapl138.obj (.const:_bitval_u32)
                  11821f88    00000040                         : evmomapl138.obj (.const:.string)
                  11821fc8    00000023     rts6740.lib : _printfi.obj (.const:.string)

.cinit     0    11821ff0    00000194     
                  11821ff0    0000005c     rts6740.lib : defs.obj (.cinit)
                  1182204c    00000004     --HOLE-- [fill = 0]
                  11822050    0000005c                 : lowlev.obj (.cinit)
                  118220ac    00000004     --HOLE-- [fill = 0]
                  118220b0    0000002c     L138_LCDK_aic3106_init.obj (.cinit)
                  118220dc    00000004     --HOLE-- [fill = 0]
                  118220e0    0000002c     rts6740.lib : exit.obj (.cinit)
                  1182210c    00000004     --HOLE-- [fill = 0]
                  11822110    0000002c                 : memory.obj (.cinit)
                  1182213c    00000004     --HOLE-- [fill = 0]
                  11822140    0000001c                 : _lock.obj (.cinit)
                  1182215c    00000004     --HOLE-- [fill = 0]
                  11822160    0000000c     main.obj (.cinit)
                  1182216c    00000004     --HOLE-- [fill = 0]
                  11822170    0000000c     rts6740.lib : fopen.obj (.cinit)
                  1182217c    00000004     --HOLE-- [fill = 0]
                  11822180    00000004     (.pad.cinit) [fill = 0]

.cio       0    11822188    00000120     UNINITIALIZED
                  11822188    00000120     rts6740.lib : trgmsg.obj (.cio)

.bss       0    118222a8    0000002c     UNINITIALIZED
                  118222a8    0000001c     L138_LCDK_aic3106_init.obj (.bss)
                  118222c4    0000000c     main.obj (.bss)
                  118222d0    00000004     evmomapl138_bsl.lib : evmomapl138_i2c.obj (.bss)

.switch    0    118222d4    00000024     
                  118222d4    00000024     evmomapl138_bsl.lib : evmomapl138_gpio.obj (.switch:_getRegisterBankAndBit)


GLOBAL SYMBOLS: SORTED ALPHABETICALLY BY Name 

address    name
--------   ----
118222a8   $bss
118222a8   .bss
11800000   .data
11810000   .text
11819220   C$$EXIT
11818fb8   C$$IO$$
11816aa0   _AIC3106_init
11816b98   _AIC3106_readRegister
11816bf0   _AIC3106_writeRegister
118213d0   _AIC31_data
11810258   _EDMA3_PaRAM_setup
118118c8   _EVMOMAPL138_enableDsp
118116e0   _EVMOMAPL138_init
1181170c   _EVMOMAPL138_initRAM
11811990   _EVMOMAPL138_lpscTransition
118118f4   _EVMOMAPL138_pinmuxConfig
11813f98   _GPIO_getInput
11813f20   _GPIO_setDir
1181400c   _GPIO_setOutput
1181408c   _GPIO_toggleLoop
11818300   _HOSTclose
11817520   _HOSTlseek
11817720   _HOSTopen
11817b80   _HOSTread
11816c40   _HOSTrename
11817c40   _HOSTunlink
11817d00   _HOSTwrite
11812ef4   _I2CGPIO_getInput
11813010   _I2CGPIO_getInputAll
11812e20   _I2CGPIO_init
11813120   _I2CGPIO_setOutput
11813268   _I2CGPIO_setOutputAll
118142a0   _I2C_init
1181438c   _I2C_read
118144e8   _I2C_write
11811118   _L138_init_LCDK_DIP
11810de0   _L138_init_aic3106_registers
11810630   _L138_init_mcasp_edma
118108ec   _L138_init_mcasp_intr
11810b4c   _L138_init_mcasp_poll
118111c4   _L138_initialise_edma
1181142c   _L138_initialise_intr
11811348   _L138_initialise_poll
11816644   _USTIMER_delay
11816704   _USTIMER_get
11816560   _USTIMER_init
118166d4   _USTIMER_reset
11816718   _USTIMER_set
118122e0   _UTIL_isUIBoardAttached
11812188   _UTIL_printMem
11822188   __CIOBUF_
11821bf0   __STACK_END
00000800   __STACK_SIZE
00010000   __SYSMEM_SIZE
00000001   __TI_args_main
11818e40   ___TI_cpp_init
118213cc   ___TI_enable_exit_profile_output
ffffffff   ___TI_pprof_out_hndl
ffffffff   ___TI_prof_data_size
ffffffff   ___TI_prof_data_start
ffffffff   ___binit__
118222a8   ___bss__
ffffffff   ___c_args__
11821ff0   ___cinit__
11800000   ___data__
11800000   ___edata__
118222d4   ___end__
11819280   ___etext__
11819020   ___isinf
ffffffff   ___pinit__
11810000   ___text__
118190a0   __args_main
11817dc0   __auto_init
11817f40   __c6xabi_divu
118180c0   __c6xabi_remi
118183a0   __cleanup
118213c4   __cleanup_ptr
118171c0   __closefile
11821e00   __ctypes_
11812300   __divd
11818440   __divli
11817f40   __divu
11816900   __divul
118153c0   __divull
11818000   __doflush
118213c8   __dtors_ptr
11818620   __fixdli
11818bc0   __fltlid
118190e0   __frcmpyd_div
118212a0   __ft_end
11820f80   __ftable
11818c40   __llshl
11819120   __llshru
118213d8   __lock
118191a0   __negll
118191c0   __nop
11813300   __printfi
118180c0   __remi
11819160   __remli
118213f0   __stack
11818ea0   __subcull
11800000   __sys_memory
11821160   __tmpnams
118213dc   __unlock
11817620   __wrt_ok
11819220   _abort
11817800   _atoi
11821f08   _bitval_u32
11819280   _buffer
11818cc0   _c_int00
118178e0   _close
11811d68   _config_pll0
11811fa4   _config_pll1
11818760   _copy_in
118222c8   _delayed
11818180   _exit
118222bc   _fb
11815f40   _fputc
11813b80   _fputs
11815140   _free
11817400   _fseek
118222cc   _i
118222c4   _input
118101a8   _input_left_sample
11810200   _input_right_sample
11810150   _input_sample
11815880   _interrupt4
118188a0   _lseek
11818240   _ltoa
11818fc0   _main
11816dc0   _malloc
11818f00   _memccpy
11818940   _memcpy
118179c0   _memset
118222c6   _output
11810068   _output_left_sample
118100e0   _output_right_sample
11810000   _output_sample
118222ac   _pingIN
118222b0   _pingOUT
118222b4   _pongIN
118222b8   _pongOUT
118116b4   _prand
118222c0   _prand_seed
11811568   _prbs
11817aa0   _printf
11815f40   _putc
11811638   _rand31_next
11811160   _read_LCDK_user_DIP
11818d40   _readmsg
11819240   _remove
11816360   _setvbuf
118213d4   _sreg
11818dc0   _unlink
11821c20   _vector1
11821d40   _vector10
11821d60   _vector11
11821d80   _vector12
11821da0   _vector13
11821dc0   _vector14
11821de0   _vector15
11821c40   _vector2
11821c60   _vector3
11821ca0   _vector5
11821cc0   _vector6
11821ce0   _vector7
11821d00   _vector8
11821d20   _vector9
11821c00   _vectors
11818b20   _write
11818f60   _writemsg
ffffffff   binit
11821ff0   cinit
11800000   edata
118222d4   end
11819280   etext
ffffffff   pinit


GLOBAL SYMBOLS: SORTED BY Symbol Address 

address    name
--------   ----
00000001   __TI_args_main
00000800   __STACK_SIZE
00010000   __SYSMEM_SIZE
11800000   .data
11800000   ___data__
11800000   ___edata__
11800000   __sys_memory
11800000   edata
11810000   .text
11810000   ___text__
11810000   _output_sample
11810068   _output_left_sample
118100e0   _output_right_sample
11810150   _input_sample
118101a8   _input_left_sample
11810200   _input_right_sample
11810258   _EDMA3_PaRAM_setup
11810630   _L138_init_mcasp_edma
118108ec   _L138_init_mcasp_intr
11810b4c   _L138_init_mcasp_poll
11810de0   _L138_init_aic3106_registers
11811118   _L138_init_LCDK_DIP
11811160   _read_LCDK_user_DIP
118111c4   _L138_initialise_edma
11811348   _L138_initialise_poll
1181142c   _L138_initialise_intr
11811568   _prbs
11811638   _rand31_next
118116b4   _prand
118116e0   _EVMOMAPL138_init
1181170c   _EVMOMAPL138_initRAM
118118c8   _EVMOMAPL138_enableDsp
118118f4   _EVMOMAPL138_pinmuxConfig
11811990   _EVMOMAPL138_lpscTransition
11811d68   _config_pll0
11811fa4   _config_pll1
11812188   _UTIL_printMem
118122e0   _UTIL_isUIBoardAttached
11812300   __divd
11812e20   _I2CGPIO_init
11812ef4   _I2CGPIO_getInput
11813010   _I2CGPIO_getInputAll
11813120   _I2CGPIO_setOutput
11813268   _I2CGPIO_setOutputAll
11813300   __printfi
11813b80   _fputs
11813f20   _GPIO_setDir
11813f98   _GPIO_getInput
1181400c   _GPIO_setOutput
1181408c   _GPIO_toggleLoop
118142a0   _I2C_init
1181438c   _I2C_read
118144e8   _I2C_write
11815140   _free
118153c0   __divull
11815880   _interrupt4
11815f40   _fputc
11815f40   _putc
11816360   _setvbuf
11816560   _USTIMER_init
11816644   _USTIMER_delay
118166d4   _USTIMER_reset
11816704   _USTIMER_get
11816718   _USTIMER_set
11816900   __divul
11816aa0   _AIC3106_init
11816b98   _AIC3106_readRegister
11816bf0   _AIC3106_writeRegister
11816c40   _HOSTrename
11816dc0   _malloc
118171c0   __closefile
11817400   _fseek
11817520   _HOSTlseek
11817620   __wrt_ok
11817720   _HOSTopen
11817800   _atoi
118178e0   _close
118179c0   _memset
11817aa0   _printf
11817b80   _HOSTread
11817c40   _HOSTunlink
11817d00   _HOSTwrite
11817dc0   __auto_init
11817f40   __c6xabi_divu
11817f40   __divu
11818000   __doflush
118180c0   __c6xabi_remi
118180c0   __remi
11818180   _exit
11818240   _ltoa
11818300   _HOSTclose
118183a0   __cleanup
11818440   __divli
11818620   __fixdli
11818760   _copy_in
118188a0   _lseek
11818940   _memcpy
11818b20   _write
11818bc0   __fltlid
11818c40   __llshl
11818cc0   _c_int00
11818d40   _readmsg
11818dc0   _unlink
11818e40   ___TI_cpp_init
11818ea0   __subcull
11818f00   _memccpy
11818f60   _writemsg
11818fb8   C$$IO$$
11818fc0   _main
11819020   ___isinf
118190a0   __args_main
118190e0   __frcmpyd_div
11819120   __llshru
11819160   __remli
118191a0   __negll
118191c0   __nop
11819220   C$$EXIT
11819220   _abort
11819240   _remove
11819280   ___etext__
11819280   _buffer
11819280   etext
11820f80   __ftable
11821160   __tmpnams
118212a0   __ft_end
118213c4   __cleanup_ptr
118213c8   __dtors_ptr
118213cc   ___TI_enable_exit_profile_output
118213d0   _AIC31_data
118213d4   _sreg
118213d8   __lock
118213dc   __unlock
118213f0   __stack
11821bf0   __STACK_END
11821c00   _vectors
11821c20   _vector1
11821c40   _vector2
11821c60   _vector3
11821ca0   _vector5
11821cc0   _vector6
11821ce0   _vector7
11821d00   _vector8
11821d20   _vector9
11821d40   _vector10
11821d60   _vector11
11821d80   _vector12
11821da0   _vector13
11821dc0   _vector14
11821de0   _vector15
11821e00   __ctypes_
11821f08   _bitval_u32
11821ff0   ___cinit__
11821ff0   cinit
11822188   __CIOBUF_
118222a8   $bss
118222a8   .bss
118222a8   ___bss__
118222ac   _pingIN
118222b0   _pingOUT
118222b4   _pongIN
118222b8   _pongOUT
118222bc   _fb
118222c0   _prand_seed
118222c4   _input
118222c6   _output
118222c8   _delayed
118222cc   _i
118222d4   ___end__
118222d4   end
ffffffff   ___TI_pprof_out_hndl
ffffffff   ___TI_prof_data_size
ffffffff   ___TI_prof_data_start
ffffffff   ___binit__
ffffffff   ___c_args__
ffffffff   ___pinit__
ffffffff   binit
ffffffff   pinit

[177 symbols]
