<?xml version="1.0"?>
<link_info>
   <banner>TMS320C6x Linker PC v7.4.4</banner>
   <copyright>Copyright (c) 1996-2013 Texas Instruments Incorporated</copyright>
   <link_time>0x6482bedb</link_time>
   <output_file>echo.out</output_file>
   <entry_point>
      <name>_c_int00</name>
      <address>0x11818cc0</address>
   </entry_point>
   <input_file_list>
      <input_file id="fl-2">
         <path>.\</path>
         <kind>object</kind>
         <file>L138_LCDK_aic3106_init.obj</file>
         <name>L138_LCDK_aic3106_init.obj</name>
      </input_file>
      <input_file id="fl-3">
         <path>.\</path>
         <kind>object</kind>
         <file>main.obj</file>
         <name>main.obj</name>
      </input_file>
      <input_file id="fl-4">
         <path>.\</path>
         <kind>object</kind>
         <file>vectors_intr.obj</file>
         <name>vectors_intr.obj</name>
      </input_file>
      <input_file id="fl-9">
         <path>D:\Softwares\CCSv9_software\c6000_7.4.4\lib\</path>
         <kind>archive</kind>
         <file>rts6740.lib</file>
         <name>boot.obj</name>
      </input_file>
      <input_file id="fl-a">
         <path>D:\Softwares\CCSv9_software\c6000_7.4.4\lib\</path>
         <kind>archive</kind>
         <file>rts6740.lib</file>
         <name>exit.obj</name>
      </input_file>
      <input_file id="fl-b">
         <path>D:\Softwares\CCSv9_software\c6000_7.4.4\lib\</path>
         <kind>archive</kind>
         <file>rts6740.lib</file>
         <name>memory.obj</name>
      </input_file>
      <input_file id="fl-c">
         <path>D:\Softwares\CCSv9_software\c6000_7.4.4\lib\</path>
         <kind>archive</kind>
         <file>rts6740.lib</file>
         <name>remi.obj</name>
      </input_file>
      <input_file id="fl-d">
         <path>D:\Softwares\CCSv9_software\c6000_7.4.4\lib\</path>
         <kind>archive</kind>
         <file>rts6740.lib</file>
         <name>_lock.obj</name>
      </input_file>
      <input_file id="fl-e">
         <path>D:\Softwares\CCSv9_software\c6000_7.4.4\lib\</path>
         <kind>archive</kind>
         <file>rts6740.lib</file>
         <name>args_main.obj</name>
      </input_file>
      <input_file id="fl-f">
         <path>D:\Softwares\CCSv9_software\c6000_7.4.4\lib\</path>
         <kind>archive</kind>
         <file>rts6740.lib</file>
         <name>autoinit.obj</name>
      </input_file>
      <input_file id="fl-10">
         <path>D:\Softwares\CCSv9_software\c6000_7.4.4\lib\</path>
         <kind>archive</kind>
         <file>rts6740.lib</file>
         <name>cpp_init.obj</name>
      </input_file>
      <input_file id="fl-11">
         <path>D:\Softwares\CCSv9_software\c6000_7.4.4\lib\</path>
         <kind>archive</kind>
         <file>rts6740.lib</file>
         <name>cpy_tbl.obj</name>
      </input_file>
      <input_file id="fl-12">
         <path>D:\Softwares\CCSv9_software\c6000_7.4.4\lib\</path>
         <kind>archive</kind>
         <file>rts6740.lib</file>
         <name>memcpy64.obj</name>
      </input_file>
      <input_file id="fl-13">
         <path>D:\Softwares\CCSv9_software\DSP_LIB_C6748\board_support_lib\lib\</path>
         <kind>archive</kind>
         <file>evmomapl138_bsl.lib</file>
         <name>evmomapl138_timer.obj</name>
      </input_file>
      <input_file id="fl-14">
         <path>D:\Softwares\CCSv9_software\DSP_LIB_C6748\board_support_lib\lib\</path>
         <kind>archive</kind>
         <file>evmomapl138_bsl.lib</file>
         <name>evmomapl138_gpio.obj</name>
      </input_file>
      <input_file id="fl-15">
         <path>D:\Softwares\CCSv9_software\DSP_LIB_C6748\board_support_lib\lib\</path>
         <kind>archive</kind>
         <file>evmomapl138_bsl.lib</file>
         <name>evmomapl138_aic3106.obj</name>
      </input_file>
      <input_file id="fl-16">
         <path>D:\Softwares\CCSv9_software\DSP_LIB_C6748\board_support_lib\lib\</path>
         <kind>archive</kind>
         <file>evmomapl138_bsl.lib</file>
         <name>evmomapl138.obj</name>
      </input_file>
      <input_file id="fl-17">
         <path>D:\Softwares\CCSv9_software\DSP_LIB_C6748\board_support_lib\lib\</path>
         <kind>archive</kind>
         <file>evmomapl138_bsl.lib</file>
         <name>evmomapl138_i2c_gpio.obj</name>
      </input_file>
      <input_file id="fl-18">
         <path>D:\Softwares\CCSv9_software\DSP_LIB_C6748\board_support_lib\lib\</path>
         <kind>archive</kind>
         <file>evmomapl138_bsl.lib</file>
         <name>evmomapl138_i2c.obj</name>
      </input_file>
      <input_file id="fl-19">
         <path>D:\Softwares\CCSv9_software\c6000_7.4.4\lib\</path>
         <kind>archive</kind>
         <file>rts6740.lib</file>
         <name>printf.obj</name>
      </input_file>
      <input_file id="fl-1a">
         <path>D:\Softwares\CCSv9_software\c6000_7.4.4\lib\</path>
         <kind>archive</kind>
         <file>rts6740.lib</file>
         <name>_printfi.obj</name>
      </input_file>
      <input_file id="fl-1b">
         <path>D:\Softwares\CCSv9_software\c6000_7.4.4\lib\</path>
         <kind>archive</kind>
         <file>rts6740.lib</file>
         <name>atoi.obj</name>
      </input_file>
      <input_file id="fl-1c">
         <path>D:\Softwares\CCSv9_software\c6000_7.4.4\lib\</path>
         <kind>archive</kind>
         <file>rts6740.lib</file>
         <name>ctype.obj</name>
      </input_file>
      <input_file id="fl-1d">
         <path>D:\Softwares\CCSv9_software\c6000_7.4.4\lib\</path>
         <kind>archive</kind>
         <file>rts6740.lib</file>
         <name>defs.obj</name>
      </input_file>
      <input_file id="fl-1e">
         <path>D:\Softwares\CCSv9_software\c6000_7.4.4\lib\</path>
         <kind>archive</kind>
         <file>rts6740.lib</file>
         <name>divd.obj</name>
      </input_file>
      <input_file id="fl-1f">
         <path>D:\Softwares\CCSv9_software\c6000_7.4.4\lib\</path>
         <kind>archive</kind>
         <file>rts6740.lib</file>
         <name>divu.obj</name>
      </input_file>
      <input_file id="fl-20">
         <path>D:\Softwares\CCSv9_software\c6000_7.4.4\lib\</path>
         <kind>archive</kind>
         <file>rts6740.lib</file>
         <name>fixdli.obj</name>
      </input_file>
      <input_file id="fl-21">
         <path>D:\Softwares\CCSv9_software\c6000_7.4.4\lib\</path>
         <kind>archive</kind>
         <file>rts6740.lib</file>
         <name>fltlid.obj</name>
      </input_file>
      <input_file id="fl-22">
         <path>D:\Softwares\CCSv9_software\c6000_7.4.4\lib\</path>
         <kind>archive</kind>
         <file>rts6740.lib</file>
         <name>fputc.obj</name>
      </input_file>
      <input_file id="fl-23">
         <path>D:\Softwares\CCSv9_software\c6000_7.4.4\lib\</path>
         <kind>archive</kind>
         <file>rts6740.lib</file>
         <name>fputs.obj</name>
      </input_file>
      <input_file id="fl-24">
         <path>D:\Softwares\CCSv9_software\c6000_7.4.4\lib\</path>
         <kind>archive</kind>
         <file>rts6740.lib</file>
         <name>frcmpyd_div.obj</name>
      </input_file>
      <input_file id="fl-25">
         <path>D:\Softwares\CCSv9_software\c6000_7.4.4\lib\</path>
         <kind>archive</kind>
         <file>rts6740.lib</file>
         <name>imath40.obj</name>
      </input_file>
      <input_file id="fl-26">
         <path>D:\Softwares\CCSv9_software\c6000_7.4.4\lib\</path>
         <kind>archive</kind>
         <file>rts6740.lib</file>
         <name>imath64.obj</name>
      </input_file>
      <input_file id="fl-27">
         <path>D:\Softwares\CCSv9_software\c6000_7.4.4\lib\</path>
         <kind>archive</kind>
         <file>rts6740.lib</file>
         <name>isinf.obj</name>
      </input_file>
      <input_file id="fl-28">
         <path>D:\Softwares\CCSv9_software\c6000_7.4.4\lib\</path>
         <kind>archive</kind>
         <file>rts6740.lib</file>
         <name>llshift.obj</name>
      </input_file>
      <input_file id="fl-29">
         <path>D:\Softwares\CCSv9_software\c6000_7.4.4\lib\</path>
         <kind>archive</kind>
         <file>rts6740.lib</file>
         <name>lowlev.obj</name>
      </input_file>
      <input_file id="fl-2a">
         <path>D:\Softwares\CCSv9_software\c6000_7.4.4\lib\</path>
         <kind>archive</kind>
         <file>rts6740.lib</file>
         <name>ltoa.obj</name>
      </input_file>
      <input_file id="fl-2b">
         <path>D:\Softwares\CCSv9_software\c6000_7.4.4\lib\</path>
         <kind>archive</kind>
         <file>rts6740.lib</file>
         <name>memccpy.obj</name>
      </input_file>
      <input_file id="fl-2c">
         <path>D:\Softwares\CCSv9_software\c6000_7.4.4\lib\</path>
         <kind>archive</kind>
         <file>rts6740.lib</file>
         <name>memset.obj</name>
      </input_file>
      <input_file id="fl-2d">
         <path>D:\Softwares\CCSv9_software\c6000_7.4.4\lib\</path>
         <kind>archive</kind>
         <file>rts6740.lib</file>
         <name>negll.obj</name>
      </input_file>
      <input_file id="fl-2e">
         <path>D:\Softwares\CCSv9_software\c6000_7.4.4\lib\</path>
         <kind>archive</kind>
         <file>rts6740.lib</file>
         <name>trgdrv.obj</name>
      </input_file>
      <input_file id="fl-2f">
         <path>D:\Softwares\CCSv9_software\c6000_7.4.4\lib\</path>
         <kind>archive</kind>
         <file>rts6740.lib</file>
         <name>trgmsg.obj</name>
      </input_file>
      <input_file id="fl-30">
         <path>D:\Softwares\CCSv9_software\c6000_7.4.4\lib\</path>
         <kind>archive</kind>
         <file>rts6740.lib</file>
         <name>_io_perm.obj</name>
      </input_file>
      <input_file id="fl-31">
         <path>D:\Softwares\CCSv9_software\c6000_7.4.4\lib\</path>
         <kind>archive</kind>
         <file>rts6740.lib</file>
         <name>abs.obj</name>
      </input_file>
      <input_file id="fl-32">
         <path>D:\Softwares\CCSv9_software\c6000_7.4.4\lib\</path>
         <kind>archive</kind>
         <file>rts6740.lib</file>
         <name>fflush.obj</name>
      </input_file>
      <input_file id="fl-33">
         <path>D:\Softwares\CCSv9_software\c6000_7.4.4\lib\</path>
         <kind>archive</kind>
         <file>rts6740.lib</file>
         <name>fseek.obj</name>
      </input_file>
      <input_file id="fl-34">
         <path>D:\Softwares\CCSv9_software\c6000_7.4.4\lib\</path>
         <kind>archive</kind>
         <file>rts6740.lib</file>
         <name>setvbuf.obj</name>
      </input_file>
      <input_file id="fl-35">
         <path>D:\Softwares\CCSv9_software\c6000_7.4.4\lib\</path>
         <kind>archive</kind>
         <file>rts6740.lib</file>
         <name>fopen.obj</name>
      </input_file>
      <input_file id="fl-36">
         <path>D:\Softwares\CCSv9_software\c6000_7.4.4\lib\</path>
         <kind>archive</kind>
         <file>rts6740.lib</file>
         <name>fclose.obj</name>
      </input_file>
      <input_file id="fl-37">
         <path>D:\Softwares\CCSv9_software\c6000_7.4.4\lib\</path>
         <kind>archive</kind>
         <file>rts6740.lib</file>
         <name>remove.obj</name>
      </input_file>
   </input_file_list>
   <object_component_list>
      <object_component id="oc-cb">
         <name>.text</name>
         <load_address>0x11810000</load_address>
         <run_address>0x11810000</run_address>
         <size>0x16e0</size>
         <input_file_ref idref="fl-2"/>
      </object_component>
      <object_component id="oc-de">
         <name>.text</name>
         <load_address>0x118116e0</load_address>
         <run_address>0x118116e0</run_address>
         <size>0xc20</size>
         <input_file_ref idref="fl-16"/>
      </object_component>
      <object_component id="oc-10c">
         <name>.text:__divd</name>
         <load_address>0x11812300</load_address>
         <run_address>0x11812300</run_address>
         <size>0x5a0</size>
         <input_file_ref idref="fl-1e"/>
      </object_component>
      <object_component id="oc-101">
         <name>.text:__getarg_diouxp</name>
         <load_address>0x118128a0</load_address>
         <run_address>0x118128a0</run_address>
         <size>0x580</size>
         <input_file_ref idref="fl-1a"/>
      </object_component>
      <object_component id="oc-e7">
         <name>.text</name>
         <load_address>0x11812e20</load_address>
         <run_address>0x11812e20</run_address>
         <size>0x4e0</size>
         <input_file_ref idref="fl-17"/>
      </object_component>
      <object_component id="oc-e9">
         <name>.text:__printfi</name>
         <load_address>0x11813300</load_address>
         <run_address>0x11813300</run_address>
         <size>0x440</size>
         <input_file_ref idref="fl-1a"/>
      </object_component>
      <object_component id="oc-ee">
         <name>.text:__setfield</name>
         <load_address>0x11813740</load_address>
         <run_address>0x11813740</run_address>
         <size>0x440</size>
         <input_file_ref idref="fl-1a"/>
      </object_component>
      <object_component id="oc-eb">
         <name>.text:_fputs</name>
         <load_address>0x11813b80</load_address>
         <run_address>0x11813b80</run_address>
         <size>0x3a0</size>
         <input_file_ref idref="fl-23"/>
      </object_component>
      <object_component id="oc-db">
         <name>.text</name>
         <load_address>0x11813f20</load_address>
         <run_address>0x11813f20</run_address>
         <size>0x380</size>
         <input_file_ref idref="fl-14"/>
      </object_component>
      <object_component id="oc-e1">
         <name>.text</name>
         <load_address>0x118142a0</load_address>
         <run_address>0x118142a0</run_address>
         <size>0x380</size>
         <input_file_ref idref="fl-18"/>
      </object_component>
      <object_component id="oc-f6">
         <name>.text:__pproc_fge</name>
         <load_address>0x11814620</load_address>
         <run_address>0x11814620</run_address>
         <size>0x320</size>
         <input_file_ref idref="fl-1a"/>
      </object_component>
      <object_component id="oc-ed">
         <name>.text:__pproc_fwp</name>
         <load_address>0x11814940</load_address>
         <run_address>0x11814940</run_address>
         <size>0x2c0</size>
         <input_file_ref idref="fl-1a"/>
      </object_component>
      <object_component id="oc-107">
         <name>.text:_ecvt</name>
         <load_address>0x11814c00</load_address>
         <run_address>0x11814c00</run_address>
         <size>0x2a0</size>
         <input_file_ref idref="fl-1a"/>
      </object_component>
      <object_component id="oc-10a">
         <name>.text:_fcvt</name>
         <load_address>0x11814ea0</load_address>
         <run_address>0x11814ea0</run_address>
         <size>0x2a0</size>
         <input_file_ref idref="fl-1a"/>
      </object_component>
      <object_component id="oc-105">
         <name>.text:_free</name>
         <load_address>0x11815140</load_address>
         <run_address>0x11815140</run_address>
         <size>0x280</size>
         <input_file_ref idref="fl-b"/>
      </object_component>
      <object_component id="oc-116">
         <name>.text:__divull</name>
         <load_address>0x118153c0</load_address>
         <run_address>0x118153c0</run_address>
         <size>0x260</size>
         <input_file_ref idref="fl-26"/>
      </object_component>
      <object_component id="oc-100">
         <name>.text:__pconv_e</name>
         <load_address>0x11815620</load_address>
         <run_address>0x11815620</run_address>
         <size>0x260</size>
         <input_file_ref idref="fl-1a"/>
      </object_component>
      <object_component id="oc-1a">
         <name>.text:retain</name>
         <load_address>0x11815880</load_address>
         <run_address>0x11815880</run_address>
         <size>0x260</size>
         <input_file_ref idref="fl-3"/>
      </object_component>
      <object_component id="oc-f7">
         <name>.text:__pproc_diouxp</name>
         <load_address>0x11815ae0</load_address>
         <run_address>0x11815ae0</run_address>
         <size>0x240</size>
         <input_file_ref idref="fl-1a"/>
      </object_component>
      <object_component id="oc-ef">
         <name>.text:__pproc_str</name>
         <load_address>0x11815d20</load_address>
         <run_address>0x11815d20</run_address>
         <size>0x220</size>
         <input_file_ref idref="fl-1a"/>
      </object_component>
      <object_component id="oc-f0">
         <name>.text:_fputc</name>
         <load_address>0x11815f40</load_address>
         <run_address>0x11815f40</run_address>
         <size>0x220</size>
         <input_file_ref idref="fl-22"/>
      </object_component>
      <object_component id="oc-fe">
         <name>.text:__pconv_g</name>
         <load_address>0x11816160</load_address>
         <run_address>0x11816160</run_address>
         <size>0x200</size>
         <input_file_ref idref="fl-1a"/>
      </object_component>
      <object_component id="oc-fa">
         <name>.text:_setvbuf</name>
         <load_address>0x11816360</load_address>
         <run_address>0x11816360</run_address>
         <size>0x200</size>
         <input_file_ref idref="fl-34"/>
      </object_component>
      <object_component id="oc-dd">
         <name>.text</name>
         <load_address>0x11816560</load_address>
         <run_address>0x11816560</run_address>
         <size>0x1e0</size>
         <input_file_ref idref="fl-13"/>
      </object_component>
      <object_component id="oc-109">
         <name>.text:__mcpy</name>
         <load_address>0x11816740</load_address>
         <run_address>0x11816740</run_address>
         <size>0x1c0</size>
         <input_file_ref idref="fl-1a"/>
      </object_component>
      <object_component id="oc-115">
         <name>.text:__divul</name>
         <load_address>0x11816900</load_address>
         <run_address>0x11816900</run_address>
         <size>0x1a0</size>
         <input_file_ref idref="fl-25"/>
      </object_component>
      <object_component id="oc-da">
         <name>.text</name>
         <load_address>0x11816aa0</load_address>
         <run_address>0x11816aa0</run_address>
         <size>0x1a0</size>
         <input_file_ref idref="fl-15"/>
      </object_component>
      <object_component id="oc-d4">
         <name>.text:_HOSTrename</name>
         <load_address>0x11816c40</load_address>
         <run_address>0x11816c40</run_address>
         <size>0x180</size>
         <input_file_ref idref="fl-2e"/>
      </object_component>
      <object_component id="oc-dc">
         <name>.text:_malloc</name>
         <load_address>0x11816dc0</load_address>
         <run_address>0x11816dc0</run_address>
         <size>0x180</size>
         <input_file_ref idref="fl-b"/>
      </object_component>
      <object_component id="oc-ec">
         <name>.text:__pproc_fflags</name>
         <load_address>0x11816f40</load_address>
         <run_address>0x11816f40</run_address>
         <size>0x140</size>
         <input_file_ref idref="fl-1a"/>
      </object_component>
      <object_component id="oc-11e">
         <name>.text:_getdevice</name>
         <load_address>0x11817080</load_address>
         <run_address>0x11817080</run_address>
         <size>0x140</size>
         <input_file_ref idref="fl-29"/>
      </object_component>
      <object_component id="oc-10e">
         <name>.text:__closefile</name>
         <load_address>0x118171c0</load_address>
         <run_address>0x118171c0</run_address>
         <size>0x120</size>
         <input_file_ref idref="fl-36"/>
      </object_component>
      <object_component id="oc-103">
         <name>.text:__ltostr</name>
         <load_address>0x118172e0</load_address>
         <run_address>0x118172e0</run_address>
         <size>0x120</size>
         <input_file_ref idref="fl-1a"/>
      </object_component>
      <object_component id="oc-f9">
         <name>.text:_fseek</name>
         <load_address>0x11817400</load_address>
         <run_address>0x11817400</run_address>
         <size>0x120</size>
         <input_file_ref idref="fl-33"/>
      </object_component>
      <object_component id="oc-d2">
         <name>.text:_HOSTlseek</name>
         <load_address>0x11817520</load_address>
         <run_address>0x11817520</run_address>
         <size>0x100</size>
         <input_file_ref idref="fl-2e"/>
      </object_component>
      <object_component id="oc-f1">
         <name>.text:__wrt_ok</name>
         <load_address>0x11817620</load_address>
         <run_address>0x11817620</run_address>
         <size>0x100</size>
         <input_file_ref idref="fl-30"/>
      </object_component>
      <object_component id="oc-ce">
         <name>.text:_HOSTopen</name>
         <load_address>0x11817720</load_address>
         <run_address>0x11817720</run_address>
         <size>0xe0</size>
         <input_file_ref idref="fl-2e"/>
      </object_component>
      <object_component id="oc-f5">
         <name>.text:_atoi</name>
         <load_address>0x11817800</load_address>
         <run_address>0x11817800</run_address>
         <size>0xe0</size>
         <input_file_ref idref="fl-1b"/>
      </object_component>
      <object_component id="oc-117">
         <name>.text:_close</name>
         <load_address>0x118178e0</load_address>
         <run_address>0x118178e0</run_address>
         <size>0xe0</size>
         <input_file_ref idref="fl-29"/>
      </object_component>
      <object_component id="oc-f4">
         <name>.text:_memset</name>
         <load_address>0x118179c0</load_address>
         <run_address>0x118179c0</run_address>
         <size>0xe0</size>
         <input_file_ref idref="fl-2c"/>
      </object_component>
      <object_component id="oc-e6">
         <name>.text:_printf</name>
         <load_address>0x11817aa0</load_address>
         <run_address>0x11817aa0</run_address>
         <size>0xe0</size>
         <input_file_ref idref="fl-19"/>
      </object_component>
      <object_component id="oc-d0">
         <name>.text:_HOSTread</name>
         <load_address>0x11817b80</load_address>
         <run_address>0x11817b80</run_address>
         <size>0xc0</size>
         <input_file_ref idref="fl-2e"/>
      </object_component>
      <object_component id="oc-d3">
         <name>.text:_HOSTunlink</name>
         <load_address>0x11817c40</load_address>
         <run_address>0x11817c40</run_address>
         <size>0xc0</size>
         <input_file_ref idref="fl-2e"/>
      </object_component>
      <object_component id="oc-d1">
         <name>.text:_HOSTwrite</name>
         <load_address>0x11817d00</load_address>
         <run_address>0x11817d00</run_address>
         <size>0xc0</size>
         <input_file_ref idref="fl-2e"/>
      </object_component>
      <object_component id="oc-c8">
         <name>.text:__auto_init</name>
         <load_address>0x11817dc0</load_address>
         <run_address>0x11817dc0</run_address>
         <size>0xc0</size>
         <input_file_ref idref="fl-f"/>
      </object_component>
      <object_component id="oc-10d">
         <name>.text:__div</name>
         <load_address>0x11817e80</load_address>
         <run_address>0x11817e80</run_address>
         <size>0xc0</size>
         <input_file_ref idref="fl-1a"/>
      </object_component>
      <object_component id="oc-114">
         <name>.text:__divu</name>
         <load_address>0x11817f40</load_address>
         <run_address>0x11817f40</run_address>
         <size>0xc0</size>
         <input_file_ref idref="fl-1f"/>
      </object_component>
      <object_component id="oc-f2">
         <name>.text:__doflush</name>
         <load_address>0x11818000</load_address>
         <run_address>0x11818000</run_address>
         <size>0xc0</size>
         <input_file_ref idref="fl-32"/>
      </object_component>
      <object_component id="oc-cc">
         <name>.text:__remi</name>
         <load_address>0x118180c0</load_address>
         <run_address>0x118180c0</run_address>
         <size>0xc0</size>
         <input_file_ref idref="fl-c"/>
      </object_component>
      <object_component id="oc-ca">
         <name>.text:_exit</name>
         <load_address>0x11818180</load_address>
         <run_address>0x11818180</run_address>
         <size>0xc0</size>
         <input_file_ref idref="fl-a"/>
      </object_component>
      <object_component id="oc-110">
         <name>.text:_ltoa</name>
         <load_address>0x11818240</load_address>
         <run_address>0x11818240</run_address>
         <size>0xc0</size>
         <input_file_ref idref="fl-2a"/>
      </object_component>
      <object_component id="oc-cf">
         <name>.text:_HOSTclose</name>
         <load_address>0x11818300</load_address>
         <run_address>0x11818300</run_address>
         <size>0xa0</size>
         <input_file_ref idref="fl-2e"/>
      </object_component>
      <object_component id="oc-106">
         <name>.text:__cleanup</name>
         <load_address>0x118183a0</load_address>
         <run_address>0x118183a0</run_address>
         <size>0xa0</size>
         <input_file_ref idref="fl-35"/>
      </object_component>
      <object_component id="oc-11a">
         <name>.text:__divli</name>
         <load_address>0x11818440</load_address>
         <run_address>0x11818440</run_address>
         <size>0xa0</size>
         <input_file_ref idref="fl-25"/>
      </object_component>
      <object_component id="oc-108">
         <name>.text:__ecpy</name>
         <load_address>0x118184e0</load_address>
         <run_address>0x118184e0</run_address>
         <size>0xa0</size>
         <input_file_ref idref="fl-1a"/>
      </object_component>
      <object_component id="oc-10b">
         <name>.text:__fcpy</name>
         <load_address>0x11818580</load_address>
         <run_address>0x11818580</run_address>
         <size>0xa0</size>
         <input_file_ref idref="fl-1a"/>
      </object_component>
      <object_component id="oc-10f">
         <name>.text:__fixdli</name>
         <load_address>0x11818620</load_address>
         <run_address>0x11818620</run_address>
         <size>0xa0</size>
         <input_file_ref idref="fl-20"/>
      </object_component>
      <object_component id="oc-ff">
         <name>.text:__pconv_f</name>
         <load_address>0x118186c0</load_address>
         <run_address>0x118186c0</run_address>
         <size>0xa0</size>
         <input_file_ref idref="fl-1a"/>
      </object_component>
      <object_component id="oc-d5">
         <name>.text:_copy_in</name>
         <load_address>0x11818760</load_address>
         <run_address>0x11818760</run_address>
         <size>0xa0</size>
         <input_file_ref idref="fl-11"/>
      </object_component>
      <object_component id="oc-11f">
         <name>.text:_finddevice</name>
         <load_address>0x11818800</load_address>
         <run_address>0x11818800</run_address>
         <size>0xa0</size>
         <input_file_ref idref="fl-29"/>
      </object_component>
      <object_component id="oc-104">
         <name>.text:_lseek</name>
         <load_address>0x118188a0</load_address>
         <run_address>0x118188a0</run_address>
         <size>0xa0</size>
         <input_file_ref idref="fl-29"/>
      </object_component>
      <object_component id="oc-d6">
         <name>.text:_memcpy</name>
         <load_address>0x11818940</load_address>
         <run_address>0x11818940</run_address>
         <size>0xa0</size>
         <input_file_ref idref="fl-12"/>
      </object_component>
      <object_component id="oc-e5">
         <name>.text:_minsert</name>
         <load_address>0x118189e0</load_address>
         <run_address>0x118189e0</run_address>
         <size>0xa0</size>
         <input_file_ref idref="fl-b"/>
      </object_component>
      <object_component id="oc-e4">
         <name>.text:_mremove</name>
         <load_address>0x11818a80</load_address>
         <run_address>0x11818a80</run_address>
         <size>0xa0</size>
         <input_file_ref idref="fl-b"/>
      </object_component>
      <object_component id="oc-f3">
         <name>.text:_write</name>
         <load_address>0x11818b20</load_address>
         <run_address>0x11818b20</run_address>
         <size>0xa0</size>
         <input_file_ref idref="fl-29"/>
      </object_component>
      <object_component id="oc-111">
         <name>.text:__fltlid</name>
         <load_address>0x11818bc0</load_address>
         <run_address>0x11818bc0</run_address>
         <size>0x80</size>
         <input_file_ref idref="fl-21"/>
      </object_component>
      <object_component id="oc-11b">
         <name>.text:__llshl</name>
         <load_address>0x11818c40</load_address>
         <run_address>0x11818c40</run_address>
         <size>0x80</size>
         <input_file_ref idref="fl-28"/>
      </object_component>
      <object_component id="oc-e">
         <name>.text:_c_int00</name>
         <load_address>0x11818cc0</load_address>
         <run_address>0x11818cc0</run_address>
         <size>0x80</size>
         <input_file_ref idref="fl-9"/>
      </object_component>
      <object_component id="oc-e0">
         <name>.text:_readmsg</name>
         <load_address>0x11818d40</load_address>
         <run_address>0x11818d40</run_address>
         <size>0x80</size>
         <input_file_ref idref="fl-2f"/>
      </object_component>
      <object_component id="oc-11d">
         <name>.text:_unlink</name>
         <load_address>0x11818dc0</load_address>
         <run_address>0x11818dc0</run_address>
         <size>0x80</size>
         <input_file_ref idref="fl-29"/>
      </object_component>
      <object_component id="oc-d7">
         <name>.text:___TI_cpp_init</name>
         <load_address>0x11818e40</load_address>
         <run_address>0x11818e40</run_address>
         <size>0x60</size>
         <input_file_ref idref="fl-10"/>
      </object_component>
      <object_component id="oc-11c">
         <name>.text:__subcull</name>
         <load_address>0x11818ea0</load_address>
         <run_address>0x11818ea0</run_address>
         <size>0x60</size>
         <input_file_ref idref="fl-26"/>
      </object_component>
      <object_component id="oc-f8">
         <name>.text:_memccpy</name>
         <load_address>0x11818f00</load_address>
         <run_address>0x11818f00</run_address>
         <size>0x60</size>
         <input_file_ref idref="fl-2b"/>
      </object_component>
      <object_component id="oc-df">
         <name>.text:_writemsg</name>
         <load_address>0x11818f60</load_address>
         <run_address>0x11818f60</run_address>
         <size>0x60</size>
         <input_file_ref idref="fl-2f"/>
      </object_component>
      <object_component id="oc-d8">
         <name>.text</name>
         <load_address>0x11818fc0</load_address>
         <run_address>0x11818fc0</run_address>
         <size>0x60</size>
         <input_file_ref idref="fl-3"/>
      </object_component>
      <object_component id="oc-fd">
         <name>.text:___isinf</name>
         <load_address>0x11819020</load_address>
         <run_address>0x11819020</run_address>
         <size>0x40</size>
         <input_file_ref idref="fl-27"/>
      </object_component>
      <object_component id="oc-fc">
         <name>.text:___isnan</name>
         <load_address>0x11819060</load_address>
         <run_address>0x11819060</run_address>
         <size>0x40</size>
         <input_file_ref idref="fl-1a"/>
      </object_component>
      <object_component id="oc-c9">
         <name>.text:__args_main</name>
         <load_address>0x118190a0</load_address>
         <run_address>0x118190a0</run_address>
         <size>0x40</size>
         <input_file_ref idref="fl-e"/>
      </object_component>
      <object_component id="oc-113">
         <name>.text:__frcmpyd_div</name>
         <load_address>0x118190e0</load_address>
         <run_address>0x118190e0</run_address>
         <size>0x40</size>
         <input_file_ref idref="fl-24"/>
      </object_component>
      <object_component id="oc-112">
         <name>.text:__llshru</name>
         <load_address>0x11819120</load_address>
         <run_address>0x11819120</run_address>
         <size>0x40</size>
         <input_file_ref idref="fl-28"/>
      </object_component>
      <object_component id="oc-119">
         <name>.text:__remli</name>
         <load_address>0x11819160</load_address>
         <run_address>0x11819160</run_address>
         <size>0x40</size>
         <input_file_ref idref="fl-25"/>
      </object_component>
      <object_component id="oc-102">
         <name>.text:__negll</name>
         <load_address>0x118191a0</load_address>
         <run_address>0x118191a0</run_address>
         <size>0x20</size>
         <input_file_ref idref="fl-2d"/>
      </object_component>
      <object_component id="oc-cd">
         <name>.text:__nop</name>
         <load_address>0x118191c0</load_address>
         <run_address>0x118191c0</run_address>
         <size>0x20</size>
         <input_file_ref idref="fl-d"/>
      </object_component>
      <object_component id="oc-ea">
         <name>.text:__outc</name>
         <load_address>0x118191e0</load_address>
         <run_address>0x118191e0</run_address>
         <size>0x20</size>
         <input_file_ref idref="fl-19"/>
      </object_component>
      <object_component id="oc-e8">
         <name>.text:__outs</name>
         <load_address>0x11819200</load_address>
         <run_address>0x11819200</run_address>
         <size>0x20</size>
         <input_file_ref idref="fl-19"/>
      </object_component>
      <object_component id="oc-d9">
         <name>.text:_abort</name>
         <load_address>0x11819220</load_address>
         <run_address>0x11819220</run_address>
         <size>0x20</size>
         <input_file_ref idref="fl-a"/>
      </object_component>
      <object_component id="oc-118">
         <name>.text:_remove</name>
         <load_address>0x11819240</load_address>
         <run_address>0x11819240</run_address>
         <size>0x20</size>
         <input_file_ref idref="fl-37"/>
      </object_component>
      <object_component id="oc-1e">
         <name>.text</name>
         <load_address>0x11819260</load_address>
         <run_address>0x11819260</run_address>
         <size>0x20</size>
         <input_file_ref idref="fl-4"/>
      </object_component>
      <object_component id="oc-fb">
         <name>.const:.string:__ctypes_</name>
         <load_address>0x11821e00</load_address>
         <run_address>0x11821e00</run_address>
         <size>0x101</size>
         <input_file_ref idref="fl-1c"/>
      </object_component>
      <object_component id="oc-83">
         <name>.const:.string</name>
         <load_address>0x11821f01</load_address>
         <run_address>0x11821f01</run_address>
         <size>0x2</size>
         <input_file_ref idref="fl-23"/>
      </object_component>
      <object_component id="oc-e3">
         <name>.const:_bitval_u32</name>
         <load_address>0x11821f08</load_address>
         <run_address>0x11821f08</run_address>
         <size>0x80</size>
         <input_file_ref idref="fl-16"/>
      </object_component>
      <object_component id="oc-56">
         <name>.const:.string</name>
         <load_address>0x11821f88</load_address>
         <run_address>0x11821f88</run_address>
         <size>0x40</size>
         <input_file_ref idref="fl-16"/>
      </object_component>
      <object_component id="oc-67">
         <name>.const:.string</name>
         <load_address>0x11821fc8</load_address>
         <run_address>0x11821fc8</run_address>
         <size>0x23</size>
         <input_file_ref idref="fl-1a"/>
      </object_component>
      <object_component id="oc-f">
         <name>.bss</name>
         <uninitialized>true</uninitialized>
         <run_address>0x118222a8</run_address>
         <size>0x1c</size>
         <input_file_ref idref="fl-2"/>
      </object_component>
      <object_component id="oc-16">
         <name>.bss</name>
         <uninitialized>true</uninitialized>
         <run_address>0x118222c4</run_address>
         <size>0xc</size>
         <input_file_ref idref="fl-3"/>
      </object_component>
      <object_component id="oc-5e">
         <name>.bss</name>
         <uninitialized>true</uninitialized>
         <run_address>0x118222d0</run_address>
         <size>0x4</size>
         <input_file_ref idref="fl-18"/>
      </object_component>
      <object_component id="oc-12">
         <name>.far</name>
         <uninitialized>true</uninitialized>
         <run_address>0x118213d0</run_address>
         <size>0x8</size>
         <input_file_ref idref="fl-2"/>
      </object_component>
      <object_component id="oc-19">
         <name>.far</name>
         <uninitialized>true</uninitialized>
         <run_address>0x11819280</run_address>
         <size>0x7d00</size>
         <input_file_ref idref="fl-3"/>
      </object_component>
      <object_component id="oc-29">
         <name>.far</name>
         <uninitialized>true</uninitialized>
         <run_address>0x118213c4</run_address>
         <size>0xc</size>
         <input_file_ref idref="fl-a"/>
      </object_component>
      <object_component id="oc-2e">
         <name>.far</name>
         <uninitialized>true</uninitialized>
         <run_address>0x118213e0</run_address>
         <size>0x8</size>
         <input_file_ref idref="fl-b"/>
      </object_component>
      <object_component id="oc-37">
         <name>.far</name>
         <uninitialized>true</uninitialized>
         <run_address>0x118213d8</run_address>
         <size>0x8</size>
         <input_file_ref idref="fl-d"/>
      </object_component>
      <object_component id="oc-71">
         <name>.far</name>
         <uninitialized>true</uninitialized>
         <run_address>0x11820f80</run_address>
         <size>0x324</size>
         <input_file_ref idref="fl-1d"/>
      </object_component>
      <object_component id="oc-97">
         <name>.far</name>
         <uninitialized>true</uninitialized>
         <run_address>0x118212a8</run_address>
         <size>0x11c</size>
         <input_file_ref idref="fl-29"/>
      </object_component>
      <object_component id="oc-a7">
         <name>.far</name>
         <uninitialized>true</uninitialized>
         <run_address>0x118213e8</run_address>
         <size>0x8</size>
         <input_file_ref idref="fl-2e"/>
      </object_component>
      <object_component id="oc-bf">
         <name>.far</name>
         <uninitialized>true</uninitialized>
         <run_address>0x118212a4</run_address>
         <size>0x4</size>
         <input_file_ref idref="fl-35"/>
      </object_component>
      <object_component id="oc-e2">
         <name>.switch:_getRegisterBankAndBit</name>
         <load_address>0x118222d4</load_address>
         <run_address>0x118222d4</run_address>
         <size>0x24</size>
         <input_file_ref idref="fl-14"/>
      </object_component>
      <object_component id="oc-24">
         <name>.stack</name>
         <uninitialized>true</uninitialized>
         <run_address>0x118213f0</run_address>
         <size>0x8</size>
         <input_file_ref idref="fl-9"/>
      </object_component>
      <object_component id="oc-135">
         <name>.stack</name>
         <uninitialized>true</uninitialized>
         <run_address>0x118213f0</run_address>
         <size>0x0</size>
      </object_component>
      <object_component id="oc-70">
         <name>.cinit</name>
         <load_address>0x11821ff0</load_address>
         <run_address>0x11821ff0</run_address>
         <size>0x5c</size>
         <input_file_ref idref="fl-1d"/>
      </object_component>
      <object_component id="oc-96">
         <name>.cinit</name>
         <load_address>0x11822050</load_address>
         <run_address>0x11822050</run_address>
         <size>0x5c</size>
         <input_file_ref idref="fl-29"/>
      </object_component>
      <object_component id="oc-11">
         <name>.cinit</name>
         <load_address>0x118220b0</load_address>
         <run_address>0x118220b0</run_address>
         <size>0x2c</size>
         <input_file_ref idref="fl-2"/>
      </object_component>
      <object_component id="oc-28">
         <name>.cinit</name>
         <load_address>0x118220e0</load_address>
         <run_address>0x118220e0</run_address>
         <size>0x2c</size>
         <input_file_ref idref="fl-a"/>
      </object_component>
      <object_component id="oc-2d">
         <name>.cinit</name>
         <load_address>0x11822110</load_address>
         <run_address>0x11822110</run_address>
         <size>0x2c</size>
         <input_file_ref idref="fl-b"/>
      </object_component>
      <object_component id="oc-36">
         <name>.cinit</name>
         <load_address>0x11822140</load_address>
         <run_address>0x11822140</run_address>
         <size>0x1c</size>
         <input_file_ref idref="fl-d"/>
      </object_component>
      <object_component id="oc-18">
         <name>.cinit</name>
         <load_address>0x11822160</load_address>
         <run_address>0x11822160</run_address>
         <size>0xc</size>
         <input_file_ref idref="fl-3"/>
      </object_component>
      <object_component id="oc-be">
         <name>.cinit</name>
         <load_address>0x11822170</load_address>
         <run_address>0x11822170</run_address>
         <size>0xc</size>
         <input_file_ref idref="fl-35"/>
      </object_component>
      <object_component id="oc-2f">
         <name>.sysmem</name>
         <uninitialized>true</uninitialized>
         <run_address>0x11800000</run_address>
         <size>0x8</size>
         <input_file_ref idref="fl-b"/>
      </object_component>
      <object_component id="oc-136">
         <name>.sysmem</name>
         <uninitialized>true</uninitialized>
         <run_address>0x11800000</run_address>
         <size>0x0</size>
      </object_component>
      <object_component id="oc-ab">
         <name>.cio</name>
         <uninitialized>true</uninitialized>
         <run_address>0x11822188</run_address>
         <size>0x120</size>
         <input_file_ref idref="fl-2f"/>
      </object_component>
      <object_component id="oc-1f">
         <name>.vecs</name>
         <load_address>0x11821c00</load_address>
         <run_address>0x11821c00</run_address>
         <size>0x200</size>
         <input_file_ref idref="fl-4"/>
      </object_component>
      <object_component id="oc-10">
         <name>.debug_info</name>
         <load_address>0x0</load_address>
         <run_address>0x0</run_address>
         <size>0x4c81</size>
         <input_file_ref idref="fl-2"/>
      </object_component>
      <object_component id="oc-17">
         <name>.debug_info</name>
         <load_address>0x4c81</load_address>
         <run_address>0x4c81</run_address>
         <size>0x881</size>
         <input_file_ref idref="fl-3"/>
      </object_component>
      <object_component id="oc-20">
         <name>.debug_info</name>
         <load_address>0x5502</load_address>
         <run_address>0x5502</run_address>
         <size>0x18c</size>
         <input_file_ref idref="fl-4"/>
      </object_component>
      <object_component id="oc-23">
         <name>.debug_info</name>
         <load_address>0x568e</load_address>
         <run_address>0x568e</run_address>
         <size>0x6f2</size>
         <input_file_ref idref="fl-9"/>
      </object_component>
      <object_component id="oc-27">
         <name>.debug_info</name>
         <load_address>0x5d80</load_address>
         <run_address>0x5d80</run_address>
         <size>0x7bf</size>
         <input_file_ref idref="fl-a"/>
      </object_component>
      <object_component id="oc-2c">
         <name>.debug_info</name>
         <load_address>0x653f</load_address>
         <run_address>0x653f</run_address>
         <size>0xabf</size>
         <input_file_ref idref="fl-b"/>
      </object_component>
      <object_component id="oc-32">
         <name>.debug_info</name>
         <load_address>0x6ffe</load_address>
         <run_address>0x6ffe</run_address>
         <size>0xbd</size>
         <input_file_ref idref="fl-c"/>
      </object_component>
      <object_component id="oc-35">
         <name>.debug_info</name>
         <load_address>0x70bb</load_address>
         <run_address>0x70bb</run_address>
         <size>0x633</size>
         <input_file_ref idref="fl-d"/>
      </object_component>
      <object_component id="oc-3a">
         <name>.debug_info</name>
         <load_address>0x76ee</load_address>
         <run_address>0x76ee</run_address>
         <size>0x6c8</size>
         <input_file_ref idref="fl-e"/>
      </object_component>
      <object_component id="oc-3d">
         <name>.debug_info</name>
         <load_address>0x7db6</load_address>
         <run_address>0x7db6</run_address>
         <size>0x83e</size>
         <input_file_ref idref="fl-f"/>
      </object_component>
      <object_component id="oc-40">
         <name>.debug_info</name>
         <load_address>0x85f4</load_address>
         <run_address>0x85f4</run_address>
         <size>0x6b6</size>
         <input_file_ref idref="fl-10"/>
      </object_component>
      <object_component id="oc-43">
         <name>.debug_info</name>
         <load_address>0x8caa</load_address>
         <run_address>0x8caa</run_address>
         <size>0x7ac</size>
         <input_file_ref idref="fl-11"/>
      </object_component>
      <object_component id="oc-46">
         <name>.debug_info</name>
         <load_address>0x9456</load_address>
         <run_address>0x9456</run_address>
         <size>0xcc</size>
         <input_file_ref idref="fl-12"/>
      </object_component>
      <object_component id="oc-49">
         <name>.debug_info</name>
         <load_address>0x9522</load_address>
         <run_address>0x9522</run_address>
         <size>0xb66</size>
         <input_file_ref idref="fl-13"/>
      </object_component>
      <object_component id="oc-4d">
         <name>.debug_info</name>
         <load_address>0xa088</load_address>
         <run_address>0xa088</run_address>
         <size>0x103b</size>
         <input_file_ref idref="fl-14"/>
      </object_component>
      <object_component id="oc-51">
         <name>.debug_info</name>
         <load_address>0xb0c3</load_address>
         <run_address>0xb0c3</run_address>
         <size>0xf0d</size>
         <input_file_ref idref="fl-15"/>
      </object_component>
      <object_component id="oc-55">
         <name>.debug_info</name>
         <load_address>0xbfd0</load_address>
         <run_address>0xbfd0</run_address>
         <size>0x27ab</size>
         <input_file_ref idref="fl-16"/>
      </object_component>
      <object_component id="oc-5a">
         <name>.debug_info</name>
         <load_address>0xe77b</load_address>
         <run_address>0xe77b</run_address>
         <size>0xf63</size>
         <input_file_ref idref="fl-17"/>
      </object_component>
      <object_component id="oc-5f">
         <name>.debug_info</name>
         <load_address>0xf6de</load_address>
         <run_address>0xf6de</run_address>
         <size>0x1400</size>
         <input_file_ref idref="fl-18"/>
      </object_component>
      <object_component id="oc-63">
         <name>.debug_info</name>
         <load_address>0x10ade</load_address>
         <run_address>0x10ade</run_address>
         <size>0x8e9</size>
         <input_file_ref idref="fl-19"/>
      </object_component>
      <object_component id="oc-66">
         <name>.debug_info</name>
         <load_address>0x113c7</load_address>
         <run_address>0x113c7</run_address>
         <size>0x2674</size>
         <input_file_ref idref="fl-1a"/>
      </object_component>
      <object_component id="oc-6a">
         <name>.debug_info</name>
         <load_address>0x13a3b</load_address>
         <run_address>0x13a3b</run_address>
         <size>0x6d5</size>
         <input_file_ref idref="fl-1b"/>
      </object_component>
      <object_component id="oc-6d">
         <name>.debug_info</name>
         <load_address>0x14110</load_address>
         <run_address>0x14110</run_address>
         <size>0x5e1</size>
         <input_file_ref idref="fl-1c"/>
      </object_component>
      <object_component id="oc-6f">
         <name>.debug_info</name>
         <load_address>0x146f1</load_address>
         <run_address>0x146f1</run_address>
         <size>0x6ce</size>
         <input_file_ref idref="fl-1d"/>
      </object_component>
      <object_component id="oc-73">
         <name>.debug_info</name>
         <load_address>0x14dbf</load_address>
         <run_address>0x14dbf</run_address>
         <size>0x96a</size>
         <input_file_ref idref="fl-1e"/>
      </object_component>
      <object_component id="oc-76">
         <name>.debug_info</name>
         <load_address>0x15729</load_address>
         <run_address>0x15729</run_address>
         <size>0xbd</size>
         <input_file_ref idref="fl-1f"/>
      </object_component>
      <object_component id="oc-79">
         <name>.debug_info</name>
         <load_address>0x157e6</load_address>
         <run_address>0x157e6</run_address>
         <size>0x67e</size>
         <input_file_ref idref="fl-20"/>
      </object_component>
      <object_component id="oc-7c">
         <name>.debug_info</name>
         <load_address>0x15e64</load_address>
         <run_address>0x15e64</run_address>
         <size>0x697</size>
         <input_file_ref idref="fl-21"/>
      </object_component>
      <object_component id="oc-7f">
         <name>.debug_info</name>
         <load_address>0x164fb</load_address>
         <run_address>0x164fb</run_address>
         <size>0x811</size>
         <input_file_ref idref="fl-22"/>
      </object_component>
      <object_component id="oc-82">
         <name>.debug_info</name>
         <load_address>0x16d0c</load_address>
         <run_address>0x16d0c</run_address>
         <size>0xa9d</size>
         <input_file_ref idref="fl-23"/>
      </object_component>
      <object_component id="oc-86">
         <name>.debug_info</name>
         <load_address>0x177a9</load_address>
         <run_address>0x177a9</run_address>
         <size>0x653</size>
         <input_file_ref idref="fl-24"/>
      </object_component>
      <object_component id="oc-89">
         <name>.debug_info</name>
         <load_address>0x17dfc</load_address>
         <run_address>0x17dfc</run_address>
         <size>0x78a</size>
         <input_file_ref idref="fl-25"/>
      </object_component>
      <object_component id="oc-8c">
         <name>.debug_info</name>
         <load_address>0x18586</load_address>
         <run_address>0x18586</run_address>
         <size>0x785</size>
         <input_file_ref idref="fl-26"/>
      </object_component>
      <object_component id="oc-8f">
         <name>.debug_info</name>
         <load_address>0x18d0b</load_address>
         <run_address>0x18d0b</run_address>
         <size>0x7fd</size>
         <input_file_ref idref="fl-27"/>
      </object_component>
      <object_component id="oc-92">
         <name>.debug_info</name>
         <load_address>0x19508</load_address>
         <run_address>0x19508</run_address>
         <size>0x6e8</size>
         <input_file_ref idref="fl-28"/>
      </object_component>
      <object_component id="oc-95">
         <name>.debug_info</name>
         <load_address>0x19bf0</load_address>
         <run_address>0x19bf0</run_address>
         <size>0xe70</size>
         <input_file_ref idref="fl-29"/>
      </object_component>
      <object_component id="oc-9a">
         <name>.debug_info</name>
         <load_address>0x1aa60</load_address>
         <run_address>0x1aa60</run_address>
         <size>0x716</size>
         <input_file_ref idref="fl-2a"/>
      </object_component>
      <object_component id="oc-9d">
         <name>.debug_info</name>
         <load_address>0x1b176</load_address>
         <run_address>0x1b176</run_address>
         <size>0x6b9</size>
         <input_file_ref idref="fl-2b"/>
      </object_component>
      <object_component id="oc-a0">
         <name>.debug_info</name>
         <load_address>0x1b82f</load_address>
         <run_address>0x1b82f</run_address>
         <size>0x79d</size>
         <input_file_ref idref="fl-2c"/>
      </object_component>
      <object_component id="oc-a3">
         <name>.debug_info</name>
         <load_address>0x1bfcc</load_address>
         <run_address>0x1bfcc</run_address>
         <size>0x5ff</size>
         <input_file_ref idref="fl-2d"/>
      </object_component>
      <object_component id="oc-a6">
         <name>.debug_info</name>
         <load_address>0x1c5cb</load_address>
         <run_address>0x1c5cb</run_address>
         <size>0xdc3</size>
         <input_file_ref idref="fl-2e"/>
      </object_component>
      <object_component id="oc-aa">
         <name>.debug_info</name>
         <load_address>0x1d38e</load_address>
         <run_address>0x1d38e</run_address>
         <size>0x850</size>
         <input_file_ref idref="fl-2f"/>
      </object_component>
      <object_component id="oc-ae">
         <name>.debug_info</name>
         <load_address>0x1dbde</load_address>
         <run_address>0x1dbde</run_address>
         <size>0x741</size>
         <input_file_ref idref="fl-30"/>
      </object_component>
      <object_component id="oc-b1">
         <name>.debug_info</name>
         <load_address>0x1e31f</load_address>
         <run_address>0x1e31f</run_address>
         <size>0x5b3</size>
         <input_file_ref idref="fl-31"/>
      </object_component>
      <object_component id="oc-b4">
         <name>.debug_info</name>
         <load_address>0x1e8d2</load_address>
         <run_address>0x1e8d2</run_address>
         <size>0x768</size>
         <input_file_ref idref="fl-32"/>
      </object_component>
      <object_component id="oc-b7">
         <name>.debug_info</name>
         <load_address>0x1f03a</load_address>
         <run_address>0x1f03a</run_address>
         <size>0x7a0</size>
         <input_file_ref idref="fl-33"/>
      </object_component>
      <object_component id="oc-ba">
         <name>.debug_info</name>
         <load_address>0x1f7da</load_address>
         <run_address>0x1f7da</run_address>
         <size>0x7f3</size>
         <input_file_ref idref="fl-34"/>
      </object_component>
      <object_component id="oc-bd">
         <name>.debug_info</name>
         <load_address>0x1ffcd</load_address>
         <run_address>0x1ffcd</run_address>
         <size>0x852</size>
         <input_file_ref idref="fl-35"/>
      </object_component>
      <object_component id="oc-c2">
         <name>.debug_info</name>
         <load_address>0x2081f</load_address>
         <run_address>0x2081f</run_address>
         <size>0x7ed</size>
         <input_file_ref idref="fl-36"/>
      </object_component>
      <object_component id="oc-c5">
         <name>.debug_info</name>
         <load_address>0x2100c</load_address>
         <run_address>0x2100c</run_address>
         <size>0x64b</size>
         <input_file_ref idref="fl-37"/>
      </object_component>
      <object_component id="oc-137">
         <name>.debug_info</name>
         <load_address>0x21657</load_address>
         <run_address>0x21657</run_address>
         <size>0x6d</size>
      </object_component>
      <object_component id="oc-13">
         <name>.debug_frame</name>
         <load_address>0x0</load_address>
         <run_address>0x0</run_address>
         <size>0x44d</size>
         <input_file_ref idref="fl-2"/>
      </object_component>
      <object_component id="oc-1b">
         <name>.debug_frame</name>
         <load_address>0x44d</load_address>
         <run_address>0x44d</run_address>
         <size>0x399</size>
         <input_file_ref idref="fl-3"/>
      </object_component>
      <object_component id="oc-4a">
         <name>.debug_frame</name>
         <load_address>0x7e6</load_address>
         <run_address>0x7e6</run_address>
         <size>0x2b9</size>
         <input_file_ref idref="fl-13"/>
      </object_component>
      <object_component id="oc-4e">
         <name>.debug_frame</name>
         <load_address>0xa9f</load_address>
         <run_address>0xa9f</run_address>
         <size>0x2d0</size>
         <input_file_ref idref="fl-14"/>
      </object_component>
      <object_component id="oc-52">
         <name>.debug_frame</name>
         <load_address>0xd6f</load_address>
         <run_address>0xd6f</run_address>
         <size>0x29a</size>
         <input_file_ref idref="fl-15"/>
      </object_component>
      <object_component id="oc-57">
         <name>.debug_frame</name>
         <load_address>0x1009</load_address>
         <run_address>0x1009</run_address>
         <size>0x38b</size>
         <input_file_ref idref="fl-16"/>
      </object_component>
      <object_component id="oc-5b">
         <name>.debug_frame</name>
         <load_address>0x1394</load_address>
         <run_address>0x1394</run_address>
         <size>0x2da</size>
         <input_file_ref idref="fl-17"/>
      </object_component>
      <object_component id="oc-60">
         <name>.debug_frame</name>
         <load_address>0x166e</load_address>
         <run_address>0x166e</run_address>
         <size>0x29c</size>
         <input_file_ref idref="fl-18"/>
      </object_component>
      <object_component id="oc-14">
         <name>.debug_line</name>
         <load_address>0x0</load_address>
         <run_address>0x0</run_address>
         <size>0x692</size>
         <input_file_ref idref="fl-2"/>
      </object_component>
      <object_component id="oc-1c">
         <name>.debug_line</name>
         <load_address>0x692</load_address>
         <run_address>0x692</run_address>
         <size>0x70</size>
         <input_file_ref idref="fl-3"/>
      </object_component>
      <object_component id="oc-21">
         <name>.debug_line</name>
         <load_address>0x702</load_address>
         <run_address>0x702</run_address>
         <size>0x102</size>
         <input_file_ref idref="fl-4"/>
      </object_component>
      <object_component id="oc-25">
         <name>.debug_line</name>
         <load_address>0x804</load_address>
         <run_address>0x804</run_address>
         <size>0x3d</size>
         <input_file_ref idref="fl-9"/>
      </object_component>
      <object_component id="oc-2a">
         <name>.debug_line</name>
         <load_address>0x841</load_address>
         <run_address>0x841</run_address>
         <size>0x4f</size>
         <input_file_ref idref="fl-a"/>
      </object_component>
      <object_component id="oc-30">
         <name>.debug_line</name>
         <load_address>0x890</load_address>
         <run_address>0x890</run_address>
         <size>0xa7</size>
         <input_file_ref idref="fl-b"/>
      </object_component>
      <object_component id="oc-33">
         <name>.debug_line</name>
         <load_address>0x937</load_address>
         <run_address>0x937</run_address>
         <size>0x43</size>
         <input_file_ref idref="fl-c"/>
      </object_component>
      <object_component id="oc-38">
         <name>.debug_line</name>
         <load_address>0x97a</load_address>
         <run_address>0x97a</run_address>
         <size>0x35</size>
         <input_file_ref idref="fl-d"/>
      </object_component>
      <object_component id="oc-3b">
         <name>.debug_line</name>
         <load_address>0x9af</load_address>
         <run_address>0x9af</run_address>
         <size>0x3f</size>
         <input_file_ref idref="fl-e"/>
      </object_component>
      <object_component id="oc-3e">
         <name>.debug_line</name>
         <load_address>0x9ee</load_address>
         <run_address>0x9ee</run_address>
         <size>0x49</size>
         <input_file_ref idref="fl-f"/>
      </object_component>
      <object_component id="oc-41">
         <name>.debug_line</name>
         <load_address>0xa37</load_address>
         <run_address>0xa37</run_address>
         <size>0x45</size>
         <input_file_ref idref="fl-10"/>
      </object_component>
      <object_component id="oc-44">
         <name>.debug_line</name>
         <load_address>0xa7c</load_address>
         <run_address>0xa7c</run_address>
         <size>0x44</size>
         <input_file_ref idref="fl-11"/>
      </object_component>
      <object_component id="oc-47">
         <name>.debug_line</name>
         <load_address>0xac0</load_address>
         <run_address>0xac0</run_address>
         <size>0x4a</size>
         <input_file_ref idref="fl-12"/>
      </object_component>
      <object_component id="oc-4b">
         <name>.debug_line</name>
         <load_address>0xb0a</load_address>
         <run_address>0xb0a</run_address>
         <size>0xd8</size>
         <input_file_ref idref="fl-13"/>
      </object_component>
      <object_component id="oc-4f">
         <name>.debug_line</name>
         <load_address>0xbe2</load_address>
         <run_address>0xbe2</run_address>
         <size>0x1ba</size>
         <input_file_ref idref="fl-14"/>
      </object_component>
      <object_component id="oc-53">
         <name>.debug_line</name>
         <load_address>0xd9c</load_address>
         <run_address>0xd9c</run_address>
         <size>0xad</size>
         <input_file_ref idref="fl-15"/>
      </object_component>
      <object_component id="oc-58">
         <name>.debug_line</name>
         <load_address>0xe49</load_address>
         <run_address>0xe49</run_address>
         <size>0x2d8</size>
         <input_file_ref idref="fl-16"/>
      </object_component>
      <object_component id="oc-5c">
         <name>.debug_line</name>
         <load_address>0x1121</load_address>
         <run_address>0x1121</run_address>
         <size>0x169</size>
         <input_file_ref idref="fl-17"/>
      </object_component>
      <object_component id="oc-61">
         <name>.debug_line</name>
         <load_address>0x128a</load_address>
         <run_address>0x128a</run_address>
         <size>0x143</size>
         <input_file_ref idref="fl-18"/>
      </object_component>
      <object_component id="oc-64">
         <name>.debug_line</name>
         <load_address>0x13cd</load_address>
         <run_address>0x13cd</run_address>
         <size>0x6a</size>
         <input_file_ref idref="fl-19"/>
      </object_component>
      <object_component id="oc-68">
         <name>.debug_line</name>
         <load_address>0x1437</load_address>
         <run_address>0x1437</run_address>
         <size>0x31a</size>
         <input_file_ref idref="fl-1a"/>
      </object_component>
      <object_component id="oc-6b">
         <name>.debug_line</name>
         <load_address>0x1751</load_address>
         <run_address>0x1751</run_address>
         <size>0x45</size>
         <input_file_ref idref="fl-1b"/>
      </object_component>
      <object_component id="oc-74">
         <name>.debug_line</name>
         <load_address>0x1796</load_address>
         <run_address>0x1796</run_address>
         <size>0x3c</size>
         <input_file_ref idref="fl-1e"/>
      </object_component>
      <object_component id="oc-77">
         <name>.debug_line</name>
         <load_address>0x17d2</load_address>
         <run_address>0x17d2</run_address>
         <size>0x44</size>
         <input_file_ref idref="fl-1f"/>
      </object_component>
      <object_component id="oc-7a">
         <name>.debug_line</name>
         <load_address>0x1816</load_address>
         <run_address>0x1816</run_address>
         <size>0x3d</size>
         <input_file_ref idref="fl-20"/>
      </object_component>
      <object_component id="oc-7d">
         <name>.debug_line</name>
         <load_address>0x1853</load_address>
         <run_address>0x1853</run_address>
         <size>0x3d</size>
         <input_file_ref idref="fl-21"/>
      </object_component>
      <object_component id="oc-80">
         <name>.debug_line</name>
         <load_address>0x1890</load_address>
         <run_address>0x1890</run_address>
         <size>0x3f</size>
         <input_file_ref idref="fl-22"/>
      </object_component>
      <object_component id="oc-84">
         <name>.debug_line</name>
         <load_address>0x18cf</load_address>
         <run_address>0x18cf</run_address>
         <size>0x93</size>
         <input_file_ref idref="fl-23"/>
      </object_component>
      <object_component id="oc-87">
         <name>.debug_line</name>
         <load_address>0x1962</load_address>
         <run_address>0x1962</run_address>
         <size>0x3e</size>
         <input_file_ref idref="fl-24"/>
      </object_component>
      <object_component id="oc-8a">
         <name>.debug_line</name>
         <load_address>0x19a0</load_address>
         <run_address>0x19a0</run_address>
         <size>0x73</size>
         <input_file_ref idref="fl-25"/>
      </object_component>
      <object_component id="oc-8d">
         <name>.debug_line</name>
         <load_address>0x1a13</load_address>
         <run_address>0x1a13</run_address>
         <size>0x61</size>
         <input_file_ref idref="fl-26"/>
      </object_component>
      <object_component id="oc-90">
         <name>.debug_line</name>
         <load_address>0x1a74</load_address>
         <run_address>0x1a74</run_address>
         <size>0x38</size>
         <input_file_ref idref="fl-27"/>
      </object_component>
      <object_component id="oc-93">
         <name>.debug_line</name>
         <load_address>0x1aac</load_address>
         <run_address>0x1aac</run_address>
         <size>0x56</size>
         <input_file_ref idref="fl-28"/>
      </object_component>
      <object_component id="oc-98">
         <name>.debug_line</name>
         <load_address>0x1b02</load_address>
         <run_address>0x1b02</run_address>
         <size>0xf5</size>
         <input_file_ref idref="fl-29"/>
      </object_component>
      <object_component id="oc-9b">
         <name>.debug_line</name>
         <load_address>0x1bf7</load_address>
         <run_address>0x1bf7</run_address>
         <size>0x40</size>
         <input_file_ref idref="fl-2a"/>
      </object_component>
      <object_component id="oc-9e">
         <name>.debug_line</name>
         <load_address>0x1c37</load_address>
         <run_address>0x1c37</run_address>
         <size>0x3f</size>
         <input_file_ref idref="fl-2b"/>
      </object_component>
      <object_component id="oc-a1">
         <name>.debug_line</name>
         <load_address>0x1c76</load_address>
         <run_address>0x1c76</run_address>
         <size>0x46</size>
         <input_file_ref idref="fl-2c"/>
      </object_component>
      <object_component id="oc-a4">
         <name>.debug_line</name>
         <load_address>0x1cbc</load_address>
         <run_address>0x1cbc</run_address>
         <size>0x39</size>
         <input_file_ref idref="fl-2d"/>
      </object_component>
      <object_component id="oc-a8">
         <name>.debug_line</name>
         <load_address>0x1cf5</load_address>
         <run_address>0x1cf5</run_address>
         <size>0x126</size>
         <input_file_ref idref="fl-2e"/>
      </object_component>
      <object_component id="oc-ac">
         <name>.debug_line</name>
         <load_address>0x1e1b</load_address>
         <run_address>0x1e1b</run_address>
         <size>0x66</size>
         <input_file_ref idref="fl-2f"/>
      </object_component>
      <object_component id="oc-af">
         <name>.debug_line</name>
         <load_address>0x1e81</load_address>
         <run_address>0x1e81</run_address>
         <size>0x40</size>
         <input_file_ref idref="fl-30"/>
      </object_component>
      <object_component id="oc-b2">
         <name>.debug_line</name>
         <load_address>0x1ec1</load_address>
         <run_address>0x1ec1</run_address>
         <size>0x23</size>
         <input_file_ref idref="fl-31"/>
      </object_component>
      <object_component id="oc-b5">
         <name>.debug_line</name>
         <load_address>0x1ee4</load_address>
         <run_address>0x1ee4</run_address>
         <size>0x3e</size>
         <input_file_ref idref="fl-32"/>
      </object_component>
      <object_component id="oc-b8">
         <name>.debug_line</name>
         <load_address>0x1f22</load_address>
         <run_address>0x1f22</run_address>
         <size>0x3c</size>
         <input_file_ref idref="fl-33"/>
      </object_component>
      <object_component id="oc-bb">
         <name>.debug_line</name>
         <load_address>0x1f5e</load_address>
         <run_address>0x1f5e</run_address>
         <size>0x3f</size>
         <input_file_ref idref="fl-34"/>
      </object_component>
      <object_component id="oc-c0">
         <name>.debug_line</name>
         <load_address>0x1f9d</load_address>
         <run_address>0x1f9d</run_address>
         <size>0x42</size>
         <input_file_ref idref="fl-35"/>
      </object_component>
      <object_component id="oc-c3">
         <name>.debug_line</name>
         <load_address>0x1fdf</load_address>
         <run_address>0x1fdf</run_address>
         <size>0x3e</size>
         <input_file_ref idref="fl-36"/>
      </object_component>
      <object_component id="oc-c6">
         <name>.debug_line</name>
         <load_address>0x201d</load_address>
         <run_address>0x201d</run_address>
         <size>0x39</size>
         <input_file_ref idref="fl-37"/>
      </object_component>
      <object_component id="oc-15">
         <name>.debug_abbrev</name>
         <load_address>0x0</load_address>
         <run_address>0x0</run_address>
         <size>0x230</size>
         <input_file_ref idref="fl-2"/>
      </object_component>
      <object_component id="oc-1d">
         <name>.debug_abbrev</name>
         <load_address>0x230</load_address>
         <run_address>0x230</run_address>
         <size>0x11e</size>
         <input_file_ref idref="fl-3"/>
      </object_component>
      <object_component id="oc-22">
         <name>.debug_abbrev</name>
         <load_address>0x34e</load_address>
         <run_address>0x34e</run_address>
         <size>0x20</size>
         <input_file_ref idref="fl-4"/>
      </object_component>
      <object_component id="oc-26">
         <name>.debug_abbrev</name>
         <load_address>0x36e</load_address>
         <run_address>0x36e</run_address>
         <size>0xfe</size>
         <input_file_ref idref="fl-9"/>
      </object_component>
      <object_component id="oc-2b">
         <name>.debug_abbrev</name>
         <load_address>0x46c</load_address>
         <run_address>0x46c</run_address>
         <size>0x119</size>
         <input_file_ref idref="fl-a"/>
      </object_component>
      <object_component id="oc-31">
         <name>.debug_abbrev</name>
         <load_address>0x585</load_address>
         <run_address>0x585</run_address>
         <size>0x1f8</size>
         <input_file_ref idref="fl-b"/>
      </object_component>
      <object_component id="oc-34">
         <name>.debug_abbrev</name>
         <load_address>0x77d</load_address>
         <run_address>0x77d</run_address>
         <size>0x3a</size>
         <input_file_ref idref="fl-c"/>
      </object_component>
      <object_component id="oc-39">
         <name>.debug_abbrev</name>
         <load_address>0x7b7</load_address>
         <run_address>0x7b7</run_address>
         <size>0x9f</size>
         <input_file_ref idref="fl-d"/>
      </object_component>
      <object_component id="oc-3c">
         <name>.debug_abbrev</name>
         <load_address>0x856</load_address>
         <run_address>0x856</run_address>
         <size>0xe1</size>
         <input_file_ref idref="fl-e"/>
      </object_component>
      <object_component id="oc-3f">
         <name>.debug_abbrev</name>
         <load_address>0x937</load_address>
         <run_address>0x937</run_address>
         <size>0x13f</size>
         <input_file_ref idref="fl-f"/>
      </object_component>
      <object_component id="oc-42">
         <name>.debug_abbrev</name>
         <load_address>0xa76</load_address>
         <run_address>0xa76</run_address>
         <size>0xdd</size>
         <input_file_ref idref="fl-10"/>
      </object_component>
      <object_component id="oc-45">
         <name>.debug_abbrev</name>
         <load_address>0xb53</load_address>
         <run_address>0xb53</run_address>
         <size>0x10c</size>
         <input_file_ref idref="fl-11"/>
      </object_component>
      <object_component id="oc-48">
         <name>.debug_abbrev</name>
         <load_address>0xc5f</load_address>
         <run_address>0xc5f</run_address>
         <size>0x3a</size>
         <input_file_ref idref="fl-12"/>
      </object_component>
      <object_component id="oc-4c">
         <name>.debug_abbrev</name>
         <load_address>0xc99</load_address>
         <run_address>0xc99</run_address>
         <size>0x104</size>
         <input_file_ref idref="fl-13"/>
      </object_component>
      <object_component id="oc-50">
         <name>.debug_abbrev</name>
         <load_address>0xd9d</load_address>
         <run_address>0xd9d</run_address>
         <size>0x175</size>
         <input_file_ref idref="fl-14"/>
      </object_component>
      <object_component id="oc-54">
         <name>.debug_abbrev</name>
         <load_address>0xf12</load_address>
         <run_address>0xf12</run_address>
         <size>0xf0</size>
         <input_file_ref idref="fl-15"/>
      </object_component>
      <object_component id="oc-59">
         <name>.debug_abbrev</name>
         <load_address>0x1002</load_address>
         <run_address>0x1002</run_address>
         <size>0x208</size>
         <input_file_ref idref="fl-16"/>
      </object_component>
      <object_component id="oc-5d">
         <name>.debug_abbrev</name>
         <load_address>0x120a</load_address>
         <run_address>0x120a</run_address>
         <size>0x147</size>
         <input_file_ref idref="fl-17"/>
      </object_component>
      <object_component id="oc-62">
         <name>.debug_abbrev</name>
         <load_address>0x1351</load_address>
         <run_address>0x1351</run_address>
         <size>0x136</size>
         <input_file_ref idref="fl-18"/>
      </object_component>
      <object_component id="oc-65">
         <name>.debug_abbrev</name>
         <load_address>0x1487</load_address>
         <run_address>0x1487</run_address>
         <size>0x161</size>
         <input_file_ref idref="fl-19"/>
      </object_component>
      <object_component id="oc-69">
         <name>.debug_abbrev</name>
         <load_address>0x15e8</load_address>
         <run_address>0x15e8</run_address>
         <size>0x1d1</size>
         <input_file_ref idref="fl-1a"/>
      </object_component>
      <object_component id="oc-6c">
         <name>.debug_abbrev</name>
         <load_address>0x17b9</load_address>
         <run_address>0x17b9</run_address>
         <size>0xcc</size>
         <input_file_ref idref="fl-1b"/>
      </object_component>
      <object_component id="oc-6e">
         <name>.debug_abbrev</name>
         <load_address>0x1885</load_address>
         <run_address>0x1885</run_address>
         <size>0x5f</size>
         <input_file_ref idref="fl-1c"/>
      </object_component>
      <object_component id="oc-72">
         <name>.debug_abbrev</name>
         <load_address>0x18e4</load_address>
         <run_address>0x18e4</run_address>
         <size>0x8e</size>
         <input_file_ref idref="fl-1d"/>
      </object_component>
      <object_component id="oc-75">
         <name>.debug_abbrev</name>
         <load_address>0x1972</load_address>
         <run_address>0x1972</run_address>
         <size>0xf5</size>
         <input_file_ref idref="fl-1e"/>
      </object_component>
      <object_component id="oc-78">
         <name>.debug_abbrev</name>
         <load_address>0x1a67</load_address>
         <run_address>0x1a67</run_address>
         <size>0x3a</size>
         <input_file_ref idref="fl-1f"/>
      </object_component>
      <object_component id="oc-7b">
         <name>.debug_abbrev</name>
         <load_address>0x1aa1</load_address>
         <run_address>0x1aa1</run_address>
         <size>0xac</size>
         <input_file_ref idref="fl-20"/>
      </object_component>
      <object_component id="oc-7e">
         <name>.debug_abbrev</name>
         <load_address>0x1b4d</load_address>
         <run_address>0x1b4d</run_address>
         <size>0xc3</size>
         <input_file_ref idref="fl-21"/>
      </object_component>
      <object_component id="oc-81">
         <name>.debug_abbrev</name>
         <load_address>0x1c10</load_address>
         <run_address>0x1c10</run_address>
         <size>0x11f</size>
         <input_file_ref idref="fl-22"/>
      </object_component>
      <object_component id="oc-85">
         <name>.debug_abbrev</name>
         <load_address>0x1d2f</load_address>
         <run_address>0x1d2f</run_address>
         <size>0x14b</size>
         <input_file_ref idref="fl-23"/>
      </object_component>
      <object_component id="oc-88">
         <name>.debug_abbrev</name>
         <load_address>0x1e7a</load_address>
         <run_address>0x1e7a</run_address>
         <size>0x8c</size>
         <input_file_ref idref="fl-24"/>
      </object_component>
      <object_component id="oc-8b">
         <name>.debug_abbrev</name>
         <load_address>0x1f06</load_address>
         <run_address>0x1f06</run_address>
         <size>0xc3</size>
         <input_file_ref idref="fl-25"/>
      </object_component>
      <object_component id="oc-8e">
         <name>.debug_abbrev</name>
         <load_address>0x1fc9</load_address>
         <run_address>0x1fc9</run_address>
         <size>0xc3</size>
         <input_file_ref idref="fl-26"/>
      </object_component>
      <object_component id="oc-91">
         <name>.debug_abbrev</name>
         <load_address>0x208c</load_address>
[...]
         <object_component_ref idref="oc-16"/>
      </symbol>
      <symbol id="sm-174">
         <name>_interrupt4</name>
         <value>0x11815880</value>
         <object_component_ref idref="oc-1a"/>
      </symbol>
      <symbol id="sm-175">
         <name>_output</name>
         <value>0x118222c6</value>
         <object_component_ref idref="oc-16"/>
      </symbol>
      <symbol id="sm-176">
         <name>_buffer</name>
         <value>0x11819280</value>
         <object_component_ref idref="oc-19"/>
      </symbol>
      <symbol id="sm-177">
         <name>_i</name>
         <value>0x118222cc</value>
         <object_component_ref idref="oc-16"/>
      </symbol>
      <symbol id="sm-178">
         <name>_input</name>
         <value>0x118222c4</value>
         <object_component_ref idref="oc-16"/>
      </symbol>
      <symbol id="sm-185">
         <name>_vector10</name>
         <value>0x11821d40</value>
         <object_component_ref idref="oc-1f"/>
      </symbol>
      <symbol id="sm-186">
         <name>_vector11</name>
         <value>0x11821d60</value>
         <object_component_ref idref="oc-1f"/>
      </symbol>
      <symbol id="sm-187">
         <name>_vector12</name>
         <value>0x11821d80</value>
         <object_component_ref idref="oc-1f"/>
      </symbol>
      <symbol id="sm-188">
         <name>_vector13</name>
         <value>0x11821da0</value>
         <object_component_ref idref="oc-1f"/>
      </symbol>
      <symbol id="sm-189">
         <name>_vector14</name>
         <value>0x11821dc0</value>
         <object_component_ref idref="oc-1f"/>
      </symbol>
      <symbol id="sm-18a">
         <name>_vector15</name>
         <value>0x11821de0</value>
         <object_component_ref idref="oc-1f"/>
      </symbol>
      <symbol id="sm-18b">
         <name>_vectors</name>
         <value>0x11821c00</value>
         <object_component_ref idref="oc-1f"/>
      </symbol>
      <symbol id="sm-18c">
         <name>_vector1</name>
         <value>0x11821c20</value>
         <object_component_ref idref="oc-1f"/>
      </symbol>
      <symbol id="sm-18d">
         <name>_vector3</name>
         <value>0x11821c60</value>
         <object_component_ref idref="oc-1f"/>
      </symbol>
      <symbol id="sm-18e">
         <name>_vector2</name>
         <value>0x11821c40</value>
         <object_component_ref idref="oc-1f"/>
      </symbol>
      <symbol id="sm-18f">
         <name>_vector5</name>
         <value>0x11821ca0</value>
         <object_component_ref idref="oc-1f"/>
      </symbol>
      <symbol id="sm-190">
         <name>_vector7</name>
         <value>0x11821ce0</value>
         <object_component_ref idref="oc-1f"/>
      </symbol>
      <symbol id="sm-191">
         <name>_vector6</name>
         <value>0x11821cc0</value>
         <object_component_ref idref="oc-1f"/>
      </symbol>
      <symbol id="sm-192">
         <name>_vector9</name>
         <value>0x11821d20</value>
         <object_component_ref idref="oc-1f"/>
      </symbol>
      <symbol id="sm-193">
         <name>_vector8</name>
         <value>0x11821d00</value>
         <object_component_ref idref="oc-1f"/>
      </symbol>
      <symbol id="sm-1a2">
         <name>_c_int00</name>
         <value>0x11818cc0</value>
         <object_component_ref idref="oc-e"/>
      </symbol>
      <symbol id="sm-1a3">
         <name>__stack</name>
         <value>0x118213f0</value>
         <object_component_ref idref="oc-24"/>
      </symbol>
      <symbol id="sm-1ba">
         <name>C$$EXIT</name>
         <value>0x11819220</value>
         <object_component_ref idref="oc-d9"/>
      </symbol>
      <symbol id="sm-1bb">
         <name>_exit</name>
         <value>0x11818180</value>
         <object_component_ref idref="oc-ca"/>
      </symbol>
      <symbol id="sm-1bc">
         <name>___TI_enable_exit_profile_output</name>
         <value>0x118213cc</value>
         <object_component_ref idref="oc-29"/>
      </symbol>
      <symbol id="sm-1bd">
         <name>_abort</name>
         <value>0x11819220</value>
         <object_component_ref idref="oc-d9"/>
      </symbol>
      <symbol id="sm-1be">
         <name>__cleanup_ptr</name>
         <value>0x118213c4</value>
         <object_component_ref idref="oc-29"/>
      </symbol>
      <symbol id="sm-1bf">
         <name>__dtors_ptr</name>
         <value>0x118213c8</value>
         <object_component_ref idref="oc-29"/>
      </symbol>
      <symbol id="sm-1f8">
         <name>__sys_memory</name>
         <value>0x11800000</value>
         <object_component_ref idref="oc-2f"/>
      </symbol>
      <symbol id="sm-1f9">
         <name>_free</name>
         <value>0x11815140</value>
         <object_component_ref idref="oc-105"/>
      </symbol>
      <symbol id="sm-1fa">
         <name>_malloc</name>
         <value>0x11816dc0</value>
         <object_component_ref idref="oc-dc"/>
      </symbol>
      <symbol id="sm-203">
         <name>__remi</name>
         <value>0x118180c0</value>
         <object_component_ref idref="oc-cc"/>
      </symbol>
      <symbol id="sm-204">
         <name>__c6xabi_remi</name>
         <value>0x118180c0</value>
         <object_component_ref idref="oc-cc"/>
      </symbol>
      <symbol id="sm-212">
         <name>__unlock</name>
         <value>0x118213dc</value>
         <object_component_ref idref="oc-37"/>
      </symbol>
      <symbol id="sm-213">
         <name>__lock</name>
         <value>0x118213d8</value>
         <object_component_ref idref="oc-37"/>
      </symbol>
      <symbol id="sm-214">
         <name>__nop</name>
         <value>0x118191c0</value>
         <object_component_ref idref="oc-cd"/>
      </symbol>
      <symbol id="sm-21e">
         <name>__args_main</name>
         <value>0x118190a0</value>
         <object_component_ref idref="oc-c9"/>
      </symbol>
      <symbol id="sm-21f">
         <name>__TI_args_main</name>
         <value>0x1</value>
      </symbol>
      <symbol id="sm-22e">
         <name>__auto_init</name>
         <value>0x11817dc0</value>
         <object_component_ref idref="oc-c8"/>
      </symbol>
      <symbol id="sm-23b">
         <name>___TI_cpp_init</name>
         <value>0x11818e40</value>
         <object_component_ref idref="oc-d7"/>
      </symbol>
      <symbol id="sm-249">
         <name>_copy_in</name>
         <value>0x11818760</value>
         <object_component_ref idref="oc-d5"/>
      </symbol>
      <symbol id="sm-251">
         <name>_memcpy</name>
         <value>0x11818940</value>
         <object_component_ref idref="oc-d6"/>
      </symbol>
      <symbol id="sm-260">
         <name>_USTIMER_get</name>
         <value>0x11816704</value>
         <object_component_ref idref="oc-dd"/>
      </symbol>
      <symbol id="sm-261">
         <name>_USTIMER_delay</name>
         <value>0x11816644</value>
         <object_component_ref idref="oc-dd"/>
      </symbol>
      <symbol id="sm-262">
         <name>_USTIMER_set</name>
         <value>0x11816718</value>
         <object_component_ref idref="oc-dd"/>
      </symbol>
      <symbol id="sm-263">
         <name>_USTIMER_init</name>
         <value>0x11816560</value>
         <object_component_ref idref="oc-dd"/>
      </symbol>
      <symbol id="sm-264">
         <name>_USTIMER_reset</name>
         <value>0x118166d4</value>
         <object_component_ref idref="oc-dd"/>
      </symbol>
      <symbol id="sm-29e">
         <name>_GPIO_getInput</name>
         <value>0x11813f98</value>
         <object_component_ref idref="oc-db"/>
      </symbol>
      <symbol id="sm-29f">
         <name>_GPIO_setDir</name>
         <value>0x11813f20</value>
         <object_component_ref idref="oc-db"/>
      </symbol>
      <symbol id="sm-2a0">
         <name>_GPIO_toggleLoop</name>
         <value>0x1181408c</value>
         <object_component_ref idref="oc-db"/>
      </symbol>
      <symbol id="sm-2a1">
         <name>_GPIO_setOutput</name>
         <value>0x1181400c</value>
         <object_component_ref idref="oc-db"/>
      </symbol>
      <symbol id="sm-2cd">
         <name>_AIC3106_writeRegister</name>
         <value>0x11816bf0</value>
         <object_component_ref idref="oc-da"/>
      </symbol>
      <symbol id="sm-2ce">
         <name>_AIC3106_init</name>
         <value>0x11816aa0</value>
         <object_component_ref idref="oc-da"/>
      </symbol>
      <symbol id="sm-2cf">
         <name>_AIC3106_readRegister</name>
         <value>0x11816b98</value>
         <object_component_ref idref="oc-da"/>
      </symbol>
      <symbol id="sm-36c">
         <name>_config_pll1</name>
         <value>0x11811fa4</value>
         <object_component_ref idref="oc-de"/>
      </symbol>
      <symbol id="sm-36d">
         <name>_config_pll0</name>
         <value>0x11811d68</value>
         <object_component_ref idref="oc-de"/>
      </symbol>
      <symbol id="sm-36e">
         <name>_UTIL_isUIBoardAttached</name>
         <value>0x118122e0</value>
         <object_component_ref idref="oc-de"/>
      </symbol>
      <symbol id="sm-36f">
         <name>_EVMOMAPL138_initRAM</name>
         <value>0x1181170c</value>
         <object_component_ref idref="oc-de"/>
      </symbol>
      <symbol id="sm-370">
         <name>_EVMOMAPL138_lpscTransition</name>
         <value>0x11811990</value>
         <object_component_ref idref="oc-de"/>
      </symbol>
      <symbol id="sm-371">
         <name>_EVMOMAPL138_enableDsp</name>
         <value>0x118118c8</value>
         <object_component_ref idref="oc-de"/>
      </symbol>
      <symbol id="sm-372">
         <name>_EVMOMAPL138_init</name>
         <value>0x118116e0</value>
         <object_component_ref idref="oc-de"/>
      </symbol>
      <symbol id="sm-373">
         <name>_UTIL_printMem</name>
         <value>0x11812188</value>
         <object_component_ref idref="oc-de"/>
      </symbol>
      <symbol id="sm-374">
         <name>_EVMOMAPL138_pinmuxConfig</name>
         <value>0x118118f4</value>
         <object_component_ref idref="oc-de"/>
      </symbol>
      <symbol id="sm-375">
         <name>_bitval_u32</name>
         <value>0x11821f08</value>
         <object_component_ref idref="oc-e3"/>
      </symbol>
      <symbol id="sm-3a3">
         <name>_I2CGPIO_getInput</name>
         <value>0x11812ef4</value>
         <object_component_ref idref="oc-e7"/>
      </symbol>
      <symbol id="sm-3a4">
         <name>_I2CGPIO_setOutputAll</name>
         <value>0x11813268</value>
         <object_component_ref idref="oc-e7"/>
      </symbol>
      <symbol id="sm-3a5">
         <name>_I2CGPIO_setOutput</name>
         <value>0x11813120</value>
         <object_component_ref idref="oc-e7"/>
      </symbol>
      <symbol id="sm-3a6">
         <name>_I2CGPIO_getInputAll</name>
         <value>0x11813010</value>
         <object_component_ref idref="oc-e7"/>
      </symbol>
      <symbol id="sm-3a7">
         <name>_I2CGPIO_init</name>
         <value>0x11812e20</value>
         <object_component_ref idref="oc-e7"/>
      </symbol>
      <symbol id="sm-3f0">
         <name>_I2C_read</name>
         <value>0x1181438c</value>
         <object_component_ref idref="oc-e1"/>
      </symbol>
      <symbol id="sm-3f1">
         <name>_I2C_write</name>
         <value>0x118144e8</value>
         <object_component_ref idref="oc-e1"/>
      </symbol>
      <symbol id="sm-3f2">
         <name>_I2C_init</name>
         <value>0x118142a0</value>
         <object_component_ref idref="oc-e1"/>
      </symbol>
      <symbol id="sm-407">
         <name>_printf</name>
         <value>0x11817aa0</value>
         <object_component_ref idref="oc-e6"/>
      </symbol>
      <symbol id="sm-511">
         <name>__printfi</name>
         <value>0x11813300</value>
         <object_component_ref idref="oc-e9"/>
      </symbol>
      <symbol id="sm-51f">
         <name>_atoi</name>
         <value>0x11817800</value>
         <object_component_ref idref="oc-f5"/>
      </symbol>
      <symbol id="sm-527">
         <name>__ctypes_</name>
         <value>0x11821e00</value>
         <object_component_ref idref="oc-fb"/>
      </symbol>
      <symbol id="sm-531">
         <name>__tmpnams</name>
         <value>0x11821160</value>
         <object_component_ref idref="oc-71"/>
      </symbol>
      <symbol id="sm-532">
         <name>__ft_end</name>
         <value>0x118212a0</value>
         <object_component_ref idref="oc-71"/>
      </symbol>
      <symbol id="sm-533">
         <name>__ftable</name>
         <value>0x11820f80</value>
         <object_component_ref idref="oc-71"/>
      </symbol>
      <symbol id="sm-545">
         <name>__divd</name>
         <value>0x11812300</value>
         <object_component_ref idref="oc-10c"/>
      </symbol>
      <symbol id="sm-54e">
         <name>__c6xabi_divu</name>
         <value>0x11817f40</value>
         <object_component_ref idref="oc-114"/>
      </symbol>
      <symbol id="sm-54f">
         <name>__divu</name>
         <value>0x11817f40</value>
         <object_component_ref idref="oc-114"/>
      </symbol>
      <symbol id="sm-55c">
         <name>__fixdli</name>
         <value>0x11818620</value>
         <object_component_ref idref="oc-10f"/>
      </symbol>
      <symbol id="sm-567">
         <name>__fltlid</name>
         <value>0x11818bc0</value>
         <object_component_ref idref="oc-111"/>
      </symbol>
      <symbol id="sm-582">
         <name>_putc</name>
         <value>0x11815f40</value>
         <object_component_ref idref="oc-f0"/>
      </symbol>
      <symbol id="sm-583">
         <name>_fputc</name>
         <value>0x11815f40</value>
         <object_component_ref idref="oc-f0"/>
      </symbol>
      <symbol id="sm-5a5">
         <name>_fputs</name>
         <value>0x11813b80</value>
         <object_component_ref idref="oc-eb"/>
      </symbol>
      <symbol id="sm-5af">
         <name>__frcmpyd_div</name>
         <value>0x118190e0</value>
         <object_component_ref idref="oc-113"/>
      </symbol>
      <symbol id="sm-5bf">
         <name>__divul</name>
         <value>0x11816900</value>
         <object_component_ref idref="oc-115"/>
      </symbol>
      <symbol id="sm-5c0">
         <name>__remli</name>
         <value>0x11819160</value>
         <object_component_ref idref="oc-119"/>
      </symbol>
      <symbol id="sm-5c1">
         <name>__divli</name>
         <value>0x11818440</value>
         <object_component_ref idref="oc-11a"/>
      </symbol>
      <symbol id="sm-5d5">
         <name>__subcull</name>
         <value>0x11818ea0</value>
         <object_component_ref idref="oc-11c"/>
      </symbol>
      <symbol id="sm-5d6">
         <name>__divull</name>
         <value>0x118153c0</value>
         <object_component_ref idref="oc-116"/>
      </symbol>
      <symbol id="sm-5e0">
         <name>___isinf</name>
         <value>0x11819020</value>
         <object_component_ref idref="oc-fd"/>
      </symbol>
      <symbol id="sm-5ee">
         <name>__llshl</name>
         <value>0x11818c40</value>
         <object_component_ref idref="oc-11b"/>
      </symbol>
      <symbol id="sm-5ef">
         <name>__llshru</name>
         <value>0x11819120</value>
         <object_component_ref idref="oc-112"/>
      </symbol>
      <symbol id="sm-62c">
         <name>_unlink</name>
         <value>0x11818dc0</value>
         <object_component_ref idref="oc-11d"/>
      </symbol>
      <symbol id="sm-62d">
         <name>_lseek</name>
         <value>0x118188a0</value>
         <object_component_ref idref="oc-104"/>
      </symbol>
      <symbol id="sm-62e">
         <name>_close</name>
         <value>0x118178e0</value>
         <object_component_ref idref="oc-117"/>
      </symbol>
      <symbol id="sm-62f">
         <name>_write</name>
         <value>0x11818b20</value>
         <object_component_ref idref="oc-f3"/>
      </symbol>
      <symbol id="sm-63c">
         <name>_ltoa</name>
         <value>0x11818240</value>
         <object_component_ref idref="oc-110"/>
      </symbol>
      <symbol id="sm-649">
         <name>_memccpy</name>
         <value>0x11818f00</value>
         <object_component_ref idref="oc-f8"/>
      </symbol>
      <symbol id="sm-654">
         <name>_memset</name>
         <value>0x118179c0</value>
         <object_component_ref idref="oc-f4"/>
      </symbol>
      <symbol id="sm-65e">
         <name>__negll</name>
         <value>0x118191a0</value>
         <object_component_ref idref="oc-102"/>
      </symbol>
      <symbol id="sm-687">
         <name>_HOSTopen</name>
         <value>0x11817720</value>
         <object_component_ref idref="oc-ce"/>
      </symbol>
      <symbol id="sm-688">
         <name>_HOSTread</name>
         <value>0x11817b80</value>
         <object_component_ref idref="oc-d0"/>
      </symbol>
      <symbol id="sm-689">
         <name>_HOSTrename</name>
         <value>0x11816c40</value>
         <object_component_ref idref="oc-d4"/>
      </symbol>
      <symbol id="sm-68a">
         <name>_HOSTwrite</name>
         <value>0x11817d00</value>
         <object_component_ref idref="oc-d1"/>
      </symbol>
      <symbol id="sm-68b">
         <name>_HOSTlseek</name>
         <value>0x11817520</value>
         <object_component_ref idref="oc-d2"/>
      </symbol>
      <symbol id="sm-68c">
         <name>_HOSTunlink</name>
         <value>0x11817c40</value>
         <object_component_ref idref="oc-d3"/>
      </symbol>
      <symbol id="sm-68d">
         <name>_HOSTclose</name>
         <value>0x11818300</value>
         <object_component_ref idref="oc-cf"/>
      </symbol>
      <symbol id="sm-69d">
         <name>C$$IO$$</name>
         <value>0x11818fb8</value>
         <object_component_ref idref="oc-df"/>
      </symbol>
      <symbol id="sm-69e">
         <name>__CIOBUF_</name>
         <value>0x11822188</value>
         <object_component_ref idref="oc-ab"/>
      </symbol>
      <symbol id="sm-69f">
         <name>_readmsg</name>
         <value>0x11818d40</value>
         <object_component_ref idref="oc-e0"/>
      </symbol>
      <symbol id="sm-6a0">
         <name>_writemsg</name>
         <value>0x11818f60</value>
         <object_component_ref idref="oc-df"/>
      </symbol>
      <symbol id="sm-6af">
         <name>__wrt_ok</name>
         <value>0x11817620</value>
         <object_component_ref idref="oc-f1"/>
      </symbol>
      <symbol id="sm-6c3">
         <name>__doflush</name>
         <value>0x11818000</value>
         <object_component_ref idref="oc-f2"/>
      </symbol>
      <symbol id="sm-6d4">
         <name>_fseek</name>
         <value>0x11817400</value>
         <object_component_ref idref="oc-f9"/>
      </symbol>
      <symbol id="sm-6ea">
         <name>_setvbuf</name>
         <value>0x11816360</value>
         <object_component_ref idref="oc-fa"/>
      </symbol>
      <symbol id="sm-6fd">
         <name>__cleanup</name>
         <value>0x118183a0</value>
         <object_component_ref idref="oc-106"/>
      </symbol>
      <symbol id="sm-70f">
         <name>__closefile</name>
         <value>0x118171c0</value>
         <object_component_ref idref="oc-10e"/>
      </symbol>
      <symbol id="sm-719">
         <name>_remove</name>
         <value>0x11819240</value>
         <object_component_ref idref="oc-118"/>
      </symbol>
   </symbol_table>
</link_info>
