******************************************************************************
               TMS320C6x Linker PC v7.4.4                      
******************************************************************************
>> Linked Sat Jul 01 12:50:30 2023

OUTPUT FILE NAME:   <masking.out>
ENTRY POINT SYMBOL: "_c_int00"  address: 11819bc0


MEMORY CONFIGURATION

         name            origin    length      used     unused   attr    fill
----------------------  --------  ---------  --------  --------  ----  --------
  dsp_l2_ram            11800000   00040000  000237df  0001c821  RWIX
  shared_ram            80000000   00020000  00000000  00020000  RWIX
  external_ram          c0000000   08000000  00000000  08000000  RWIX


SECTION ALLOCATION MAP

 output                                  attributes/
section   page    origin      length       input sections
--------  ----  ----------  ----------   ----------------
.data      0    11800000    00000000     UNINITIALIZED

.sysmem    0    11800000    00010000     UNINITIALIZED
                  11800000    00000008     rts6740.lib : memory.obj (.sysmem)
                  11800008    0000fff8     --HOLE--

.text      0    11810000    0000a140     
                  11810000    000016e0     L138_LCDK_aic3106_init.obj (.text)
                  118116e0    00000c20     evmomapl138_bsl.lib : evmomapl138.obj (.text)
                  11812300    00000920     main.obj (.text)
                  11812c20    000005a0     rts6740.lib : divd.obj (.text:__divd)
                  118131c0    00000580                 : _printfi.obj (.text:__getarg_diouxp)
                  11813740    000004e0     evmomapl138_bsl.lib : evmomapl138_i2c_gpio.obj (.text)
                  11813c20    00000440     rts6740.lib : _printfi.obj (.text:__printfi)
                  11814060    00000440                 : _printfi.obj (.text:__setfield)
                  118144a0    000003a0                 : fputs.obj (.text:_fputs)
                  11814840    00000380     evmomapl138_bsl.lib : evmomapl138_gpio.obj (.text)
                  11814bc0    00000380                         : evmomapl138_i2c.obj (.text)
                  11814f40    00000320     rts6740.lib : _printfi.obj (.text:__pproc_fge)
                  11815260    000002e0                 : cos.obj (.text:_cos)
                  11815540    000002c0                 : _printfi.obj (.text:__pproc_fwp)
                  11815800    000002a0                 : _printfi.obj (.text:_ecvt)
                  11815aa0    000002a0                 : _printfi.obj (.text:_fcvt)
                  11815d40    00000280                 : memory.obj (.text:_free)
                  11815fc0    00000280                 : sin.obj (.text:_sin)
                  11816240    00000260                 : imath64.obj (.text:__divull)
                  118164a0    00000260                 : _printfi.obj (.text:__pconv_e)
                  11816700    00000240                 : _printfi.obj (.text:__pproc_diouxp)
                  11816940    00000220                 : _printfi.obj (.text:__pproc_str)
                  11816b60    00000220                 : fputc.obj (.text:_fputc)
                  11816d80    00000200                 : _printfi.obj (.text:__pconv_g)
                  11816f80    00000200                 : setvbuf.obj (.text:_setvbuf)
                  11817180    000001e0     evmomapl138_bsl.lib : evmomapl138_timer.obj (.text)
                  11817360    000001c0     rts6740.lib : _printfi.obj (.text:__mcpy)
                  11817520    000001a0                 : imath40.obj (.text:__divul)
                  118176c0    000001a0     evmomapl138_bsl.lib : evmomapl138_aic3106.obj (.text)
                  11817860    00000180     rts6740.lib : trgdrv.obj (.text:_HOSTrename)
                  118179e0    00000180                 : memory.obj (.text:_malloc)
                  11817b60    00000140                 : _printfi.obj (.text:__pproc_fflags)
                  11817ca0    00000140                 : lowlev.obj (.text:_getdevice)
                  11817de0    00000120                 : fclose.obj (.text:__closefile)
                  11817f00    00000120                 : _printfi.obj (.text:__ltostr)
                  11818020    00000120                 : fseek.obj (.text:_fseek)
                  11818140    00000100                 : trgdrv.obj (.text:_HOSTlseek)
                  11818240    00000100                 : _io_perm.obj (.text:__wrt_ok)
                  11818340    00000100                 : sqrt.obj (.text:_sqrt)
                  11818440    000000e0                 : trgdrv.obj (.text:_HOSTopen)
                  11818520    000000e0                 : atoi.obj (.text:_atoi)
                  11818600    000000e0                 : lowlev.obj (.text:_close)
                  118186e0    000000e0                 : memset.obj (.text:_memset)
                  118187c0    000000e0                 : printf.obj (.text:_printf)
                  118188a0    000000c0                 : trgdrv.obj (.text:_HOSTread)
                  11818960    000000c0                 : trgdrv.obj (.text:_HOSTunlink)
                  11818a20    000000c0                 : trgdrv.obj (.text:_HOSTwrite)
                  11818ae0    000000c0                 : autoinit.obj (.text:__auto_init)
                  11818ba0    000000c0                 : _printfi.obj (.text:__div)
                  11818c60    000000c0                 : divu.obj (.text:__divu)
                  11818d20    000000c0                 : fflush.obj (.text:__doflush)
                  11818de0    000000c0                 : remi.obj (.text:__remi)
                  11818ea0    000000c0                 : exit.obj (.text:_exit)
                  11818f60    000000c0                 : ltoa.obj (.text:_ltoa)
                  11819020    000000a0                 : trgdrv.obj (.text:_HOSTclose)
                  118190c0    000000a0                 : fopen.obj (.text:__cleanup)
                  11819160    000000a0                 : imath40.obj (.text:__divli)
                  11819200    000000a0                 : _printfi.obj (.text:__ecpy)
                  118192a0    000000a0                 : _printfi.obj (.text:__fcpy)
                  11819340    000000a0                 : fixdli.obj (.text:__fixdli)
                  118193e0    000000a0                 : round.obj (.text:__nround)
                  11819480    000000a0                 : _printfi.obj (.text:__pconv_f)
                  11819520    000000a0                 : cpy_tbl.obj (.text:_copy_in)
                  118195c0    000000a0                 : lowlev.obj (.text:_finddevice)
                  11819660    000000a0                 : lowlev.obj (.text:_lseek)
                  11819700    000000a0                 : memcpy64.obj (.text:_memcpy)
                  118197a0    000000a0                 : memory.obj (.text:_minsert)
                  11819840    000000a0                 : modf.obj (.text:_modf)
                  118198e0    000000a0                 : memory.obj (.text:_mremove)
                  11819980    000000a0                 : lowlev.obj (.text:_write)
                  11819a20    000000a0     main.obj (.text:retain)
                  11819ac0    00000080     rts6740.lib : fltlid.obj (.text:__fltlid)
                  11819b40    00000080                 : llshift.obj (.text:__llshl)
                  11819bc0    00000080                 : boot.obj (.text:_c_int00)
                  11819c40    00000080                 : trgmsg.obj (.text:_readmsg)
                  11819cc0    00000080                 : lowlev.obj (.text:_unlink)
                  11819d40    00000060                 : cpp_init.obj (.text:___TI_cpp_init)
                  11819da0    00000060                 : imath64.obj (.text:__subcull)
                  11819e00    00000060                 : memccpy.obj (.text:_memccpy)
                  11819e60    00000060                 : trgmsg.obj (.text:_writemsg)
                  11819ec0    00000040                 : isinf.obj (.text:___isinf)
                  11819f00    00000040                 : _printfi.obj (.text:___isnan)
                  11819f40    00000040                 : args_main.obj (.text:__args_main)
                  11819f80    00000040                 : frcmpyd_div.obj (.text:__frcmpyd_div)
                  11819fc0    00000040                 : llshift.obj (.text:__llshru)
                  1181a000    00000040                 : imath40.obj (.text:__remli)
                  1181a040    00000020                 : negll.obj (.text:__negll)
                  1181a060    00000020                 : _lock.obj (.text:__nop)
                  1181a080    00000020                 : printf.obj (.text:__outc)
                  1181a0a0    00000020                 : printf.obj (.text:__outs)
                  1181a0c0    00000020                 : trunc.obj (.text:__trunc)
                  1181a0e0    00000020                 : exit.obj (.text:_abort)
                  1181a100    00000020                 : remove.obj (.text:_remove)
                  1181a120    00000020     vectors_intr.obj (.text)

.far       0    1181a140    000048f8     UNINITIALIZED
                  1181a140    00004400     main.obj (.far)
                  1181e540    00000324     rts6740.lib : defs.obj (.far)
                  1181e864    00000004                 : errno.obj (.far)
                  1181e868    0000011c                 : lowlev.obj (.far)
                  1181e984    00000004                 : fopen.obj (.far)
                  1181e988    00000040                 : cos.obj (.far)
                  1181e9c8    00000040                 : sin.obj (.far)
                  1181ea08    0000000c                 : exit.obj (.far)
                  1181ea14    00000008     L138_LCDK_aic3106_init.obj (.far)
                  1181ea1c    00000008     rts6740.lib : _lock.obj (.far)
                  1181ea24    00000008                 : memory.obj (.far)
                  1181ea2c    00000004     --HOLE--
                  1181ea30    00000008                 : trgdrv.obj (.far)

.cinit     0    1181ea38    0000404c     
                  1181ea38    00003e24     main.obj (.cinit)
                  1182285c    00000004     --HOLE-- [fill = 0]
                  11822860    0000005c     rts6740.lib : defs.obj (.cinit)
                  118228bc    00000004     --HOLE-- [fill = 0]
                  118228c0    0000005c                 : lowlev.obj (.cinit)
                  1182291c    00000004     --HOLE-- [fill = 0]
                  11822920    00000048                 : cos.obj (.cinit)
                  11822968    00000048                 : sin.obj (.cinit)
                  118229b0    0000002c     L138_LCDK_aic3106_init.obj (.cinit)
                  118229dc    00000004     --HOLE-- [fill = 0]
                  118229e0    0000002c     rts6740.lib : exit.obj (.cinit)
                  11822a0c    00000004     --HOLE-- [fill = 0]
                  11822a10    0000002c                 : memory.obj (.cinit)
                  11822a3c    00000004     --HOLE-- [fill = 0]
                  11822a40    0000001c                 : _lock.obj (.cinit)
                  11822a5c    00000004     --HOLE-- [fill = 0]
                  11822a60    0000000c                 : errno.obj (.cinit)
                  11822a6c    00000004     --HOLE-- [fill = 0]
                  11822a70    0000000c                 : fopen.obj (.cinit)
                  11822a7c    00000004     --HOLE-- [fill = 0]
                  11822a80    00000004     (.pad.cinit) [fill = 0]

.stack     0    11822a88    00000800     UNINITIALIZED
                  11822a88    00000008     rts6740.lib : boot.obj (.stack)
                  11822a90    000007f8     --HOLE--

.cio       0    11823288    00000120     UNINITIALIZED
                  11823288    00000120     rts6740.lib : trgmsg.obj (.cio)

.bss       0    118233a8    0000002c     UNINITIALIZED
                  118233a8    0000001c     L138_LCDK_aic3106_init.obj (.bss)
                  118233c4    0000000c     main.obj (.bss)
                  118233d0    00000004     evmomapl138_bsl.lib : evmomapl138_i2c.obj (.bss)

.switch    0    118233d4    00000024     
                  118233d4    00000024     evmomapl138_bsl.lib : evmomapl138_gpio.obj (.switch:_getRegisterBankAndBit)

.vecs      0    11823400    00000200     
                  11823400    00000200     vectors_intr.obj (.vecs)

.const     0    11823600    000001eb     
                  11823600    00000101     rts6740.lib : ctype.obj (.const:.string:__ctypes_)
                  11823701    00000002                 : fputs.obj (.const:.string)
                  11823703    00000005     --HOLE-- [fill = 0]
                  11823708    00000080     evmomapl138_bsl.lib : evmomapl138.obj (.const:_bitval_u32)
                  11823788    00000040                         : evmomapl138.obj (.const:.string)
                  118237c8    00000023     rts6740.lib : _printfi.obj (.const:.string)


GLOBAL SYMBOLS: SORTED ALPHABETICALLY BY Name 

address    name
--------   ----
118233a8   $bss
118233a8   .bss
11800000   .data
11810000   .text
1181a0e0   C$$EXIT
11819eb8   C$$IO$$
118176c0   _AIC3106_init
118177b8   _AIC3106_readRegister
11817810   _AIC3106_writeRegister
1181ea14   _AIC31_data
11810258   _EDMA3_PaRAM_setup
118118c8   _EVMOMAPL138_enableDsp
118116e0   _EVMOMAPL138_init
1181170c   _EVMOMAPL138_initRAM
11811990   _EVMOMAPL138_lpscTransition
118118f4   _EVMOMAPL138_pinmuxConfig
118148b8   _GPIO_getInput
11814840   _GPIO_setDir
1181492c   _GPIO_setOutput
118149ac   _GPIO_toggleLoop
11819020   _HOSTclose
11818140   _HOSTlseek
11818440   _HOSTopen
118188a0   _HOSTread
11817860   _HOSTrename
11818960   _HOSTunlink
11818a20   _HOSTwrite
11813814   _I2CGPIO_getInput
11813930   _I2CGPIO_getInputAll
11813740   _I2CGPIO_init
11813a40   _I2CGPIO_setOutput
11813b88   _I2CGPIO_setOutputAll
11814bc0   _I2C_init
11814cac   _I2C_read
11814e08   _I2C_write
11811118   _L138_init_LCDK_DIP
11810de0   _L138_init_aic3106_registers
11810630   _L138_init_mcasp_edma
118108ec   _L138_init_mcasp_intr
11810b4c   _L138_init_mcasp_poll
118111c4   _L138_initialise_edma
1181142c   _L138_initialise_intr
11811348   _L138_initialise_poll
11817264   _USTIMER_delay
11817324   _USTIMER_get
11817180   _USTIMER_init
118172f4   _USTIMER_reset
11817338   _USTIMER_set
118122e0   _UTIL_isUIBoardAttached
11812188   _UTIL_printMem
11823288   __CIOBUF_
11823288   __STACK_END
00000800   __STACK_SIZE
00010000   __SYSMEM_SIZE
00000001   __TI_args_main
11819d40   ___TI_cpp_init
1181ea10   ___TI_enable_exit_profile_output
ffffffff   ___TI_pprof_out_hndl
ffffffff   ___TI_prof_data_size
ffffffff   ___TI_prof_data_start
ffffffff   ___binit__
118233a8   ___bss__
ffffffff   ___c_args__
1181ea38   ___cinit__
11800000   ___data__
11800000   ___edata__
118233d4   ___end__
1181a140   ___etext__
11819ec0   ___isinf
ffffffff   ___pinit__
11810000   ___text__
11819f40   __args_main
11818ae0   __auto_init
11818c60   __c6xabi_divu
11818de0   __c6xabi_remi
118190c0   __cleanup
1181ea08   __cleanup_ptr
11817de0   __closefile
11823600   __ctypes_
11812c20   __divd
11819160   __divli
11818c60   __divu
11817520   __divul
11816240   __divull
11818d20   __doflush
1181ea0c   __dtors_ptr
11819340   __fixdli
11819ac0   __fltlid
11819f80   __frcmpyd_div
1181e860   __ft_end
1181e540   __ftable
11819b40   __llshl
11819fc0   __llshru
1181ea1c   __lock
1181a040   __negll
1181a060   __nop
118193e0   __nround
11813c20   __printfi
11818de0   __remi
1181a000   __remli
11822a88   __stack
11819da0   __subcull
11800000   __sys_memory
1181e720   __tmpnams
1181a0c0   __trunc
1181ea20   __unlock
11818240   __wrt_ok
1181a0e0   _abort
11818520   _atoi
1181a140   _binMask
11823708   _bitval_u32
118233c4   _buffer_full
11819bc0   _c_int00
11818600   _close
11811d68   _config_pll0
11811fa4   _config_pll1
11819520   _copy_in
11815260   _cos
1181e864   _errno
11818ea0   _exit
118233bc   _fb
11812300   _fft
11816b60   _fputc
118144a0   _fputs
11815d40   _free
11818020   _fseek
11812604   _ifft
118233cc   _index
118101a8   _input_left_sample
11810200   _input_right_sample
11810150   _input_sample
11819a20   _interrupt4
1181df40   _left_buffer
11819660   _lseek
11818f60   _ltoa
11812bec   _main
118179e0   _malloc
11819e00   _memccpy
11819700   _memcpy
118186e0   _memset
11819840   _modf
11810068   _output_left_sample
118100e0   _output_right_sample
11810000   _output_sample
118233ac   _pingIN
118233b0   _pingOUT
118233b4   _pongIN
118233b8   _pongOUT
118116b4   _prand
118233c0   _prand_seed
11811568   _prbs
118187c0   _printf
118233c8   _procBuffer
11812904   _process_buffer
11816b60   _putc
11811638   _rand31_next
11811160   _read_LCDK_user_DIP
11819c40   _readmsg
1181a100   _remove
1181e040   _right_buffer
1181e340   _scratch
11816f80   _setvbuf
11815fc0   _sin
11818340   _sqrt
1181ea18   _sreg
11819cc0   _unlink
1181e140   _v
11823420   _vector1
11823540   _vector10
11823560   _vector11
11823580   _vector12
118235a0   _vector13
118235c0   _vector14
118235e0   _vector15
11823440   _vector2
11823460   _vector3
118234a0   _vector5
118234c0   _vector6
118234e0   _vector7
11823500   _vector8
11823520   _vector9
11823400   _vectors
11819980   _write
11819e60   _writemsg
ffffffff   binit
1181ea38   cinit
11800000   edata
118233d4   end
1181a140   etext
ffffffff   pinit


GLOBAL SYMBOLS: SORTED BY Symbol Address 

address    name
--------   ----
00000001   __TI_args_main
00000800   __STACK_SIZE
00010000   __SYSMEM_SIZE
11800000   .data
11800000   ___data__
11800000   ___edata__
11800000   __sys_memory
11800000   edata
11810000   .text
11810000   ___text__
11810000   _output_sample
11810068   _output_left_sample
118100e0   _output_right_sample
11810150   _input_sample
118101a8   _input_left_sample
11810200   _input_right_sample
11810258   _EDMA3_PaRAM_setup
11810630   _L138_init_mcasp_edma
118108ec   _L138_init_mcasp_intr
11810b4c   _L138_init_mcasp_poll
11810de0   _L138_init_aic3106_registers
11811118   _L138_init_LCDK_DIP
11811160   _read_LCDK_user_DIP
118111c4   _L138_initialise_edma
11811348   _L138_initialise_poll
1181142c   _L138_initialise_intr
11811568   _prbs
11811638   _rand31_next
118116b4   _prand
118116e0   _EVMOMAPL138_init
1181170c   _EVMOMAPL138_initRAM
118118c8   _EVMOMAPL138_enableDsp
118118f4   _EVMOMAPL138_pinmuxConfig
11811990   _EVMOMAPL138_lpscTransition
11811d68   _config_pll0
11811fa4   _config_pll1
11812188   _UTIL_printMem
118122e0   _UTIL_isUIBoardAttached
11812300   _fft
11812604   _ifft
11812904   _process_buffer
11812bec   _main
11812c20   __divd
11813740   _I2CGPIO_init
11813814   _I2CGPIO_getInput
11813930   _I2CGPIO_getInputAll
11813a40   _I2CGPIO_setOutput
11813b88   _I2CGPIO_setOutputAll
11813c20   __printfi
118144a0   _fputs
11814840   _GPIO_setDir
118148b8   _GPIO_getInput
1181492c   _GPIO_setOutput
118149ac   _GPIO_toggleLoop
11814bc0   _I2C_init
11814cac   _I2C_read
11814e08   _I2C_write
11815260   _cos
11815d40   _free
11815fc0   _sin
11816240   __divull
11816b60   _fputc
11816b60   _putc
11816f80   _setvbuf
11817180   _USTIMER_init
11817264   _USTIMER_delay
118172f4   _USTIMER_reset
11817324   _USTIMER_get
11817338   _USTIMER_set
11817520   __divul
118176c0   _AIC3106_init
118177b8   _AIC3106_readRegister
11817810   _AIC3106_writeRegister
11817860   _HOSTrename
118179e0   _malloc
11817de0   __closefile
11818020   _fseek
11818140   _HOSTlseek
11818240   __wrt_ok
11818340   _sqrt
11818440   _HOSTopen
11818520   _atoi
11818600   _close
118186e0   _memset
118187c0   _printf
118188a0   _HOSTread
11818960   _HOSTunlink
11818a20   _HOSTwrite
11818ae0   __auto_init
11818c60   __c6xabi_divu
11818c60   __divu
11818d20   __doflush
11818de0   __c6xabi_remi
11818de0   __remi
11818ea0   _exit
11818f60   _ltoa
11819020   _HOSTclose
118190c0   __cleanup
11819160   __divli
11819340   __fixdli
118193e0   __nround
11819520   _copy_in
11819660   _lseek
11819700   _memcpy
11819840   _modf
11819980   _write
11819a20   _interrupt4
11819ac0   __fltlid
11819b40   __llshl
11819bc0   _c_int00
11819c40   _readmsg
11819cc0   _unlink
11819d40   ___TI_cpp_init
11819da0   __subcull
11819e00   _memccpy
11819e60   _writemsg
11819eb8   C$$IO$$
11819ec0   ___isinf
11819f40   __args_main
11819f80   __frcmpyd_div
11819fc0   __llshru
1181a000   __remli
1181a040   __negll
1181a060   __nop
1181a0c0   __trunc
1181a0e0   C$$EXIT
1181a0e0   _abort
1181a100   _remove
1181a140   ___etext__
1181a140   _binMask
1181a140   etext
1181df40   _left_buffer
1181e040   _right_buffer
1181e140   _v
1181e340   _scratch
1181e540   __ftable
1181e720   __tmpnams
1181e860   __ft_end
1181e864   _errno
1181ea08   __cleanup_ptr
1181ea0c   __dtors_ptr
1181ea10   ___TI_enable_exit_profile_output
1181ea14   _AIC31_data
1181ea18   _sreg
1181ea1c   __lock
1181ea20   __unlock
1181ea38   ___cinit__
1181ea38   cinit
11822a88   __stack
11823288   __CIOBUF_
11823288   __STACK_END
118233a8   $bss
118233a8   .bss
118233a8   ___bss__
118233ac   _pingIN
118233b0   _pingOUT
118233b4   _pongIN
118233b8   _pongOUT
118233bc   _fb
118233c0   _prand_seed
118233c4   _buffer_full
118233c8   _procBuffer
118233cc   _index
118233d4   ___end__
118233d4   end
11823400   _vectors
11823420   _vector1
11823440   _vector2
11823460   _vector3
118234a0   _vector5
118234c0   _vector6
118234e0   _vector7
11823500   _vector8
11823520   _vector9
11823540   _vector10
11823560   _vector11
11823580   _vector12
118235a0   _vector13
118235c0   _vector14
118235e0   _vector15
11823600   __ctypes_
11823708   _bitval_u32
ffffffff   ___TI_pprof_out_hndl
ffffffff   ___TI_prof_data_size
ffffffff   ___TI_prof_data_start
ffffffff   ___binit__
ffffffff   ___c_args__
ffffffff   ___pinit__
ffffffff   binit
ffffffff   pinit

[190 symbols]
