<?xml version="1.0"?>
<link_info>
   <banner>TMS320C6x Linker PC v7.4.4</banner>
   <copyright>Copyright (c) 1996-2013 Texas Instruments Incorporated</copyright>
   <link_time>0x649fd3be</link_time>
   <output_file>masking.out</output_file>
   <entry_point>
      <name>_c_int00</name>
      <address>0x11819bc0</address>
   </entry_point>
   <input_file_list>
      <input_file id="fl-2">
         <path>.\</path>
         <kind>object</kind>
         <file>L138_LCDK_aic3106_init.obj</file>
         <name>L138_LCDK_aic3106_init.obj</name>
      </input_file>
      <input_file id="fl-3">
         <path>.\</path>
         <kind>object</kind>
         <file>main.obj</file>
         <name>main.obj</name>
      </input_file>
      <input_file id="fl-4">
         <path>.\</path>
         <kind>object</kind>
         <file>vectors_intr.obj</file>
         <name>vectors_intr.obj</name>
      </input_file>
      <input_file id="fl-9">
         <path>D:\Softwares\CCSv9_software\c6000_7.4.4\lib\</path>
         <kind>archive</kind>
         <file>rts6740.lib</file>
         <name>boot.obj</name>
      </input_file>
      <input_file id="fl-a">
         <path>D:\Softwares\CCSv9_software\c6000_7.4.4\lib\</path>
         <kind>archive</kind>
         <file>rts6740.lib</file>
         <name>cos.obj</name>
      </input_file>
      <input_file id="fl-b">
         <path>D:\Softwares\CCSv9_software\c6000_7.4.4\lib\</path>
         <kind>archive</kind>
         <file>rts6740.lib</file>
         <name>divd.obj</name>
      </input_file>
      <input_file id="fl-c">
         <path>D:\Softwares\CCSv9_software\c6000_7.4.4\lib\</path>
         <kind>archive</kind>
         <file>rts6740.lib</file>
         <name>exit.obj</name>
      </input_file>
      <input_file id="fl-d">
         <path>D:\Softwares\CCSv9_software\c6000_7.4.4\lib\</path>
         <kind>archive</kind>
         <file>rts6740.lib</file>
         <name>frcmpyd_div.obj</name>
      </input_file>
      <input_file id="fl-e">
         <path>D:\Softwares\CCSv9_software\c6000_7.4.4\lib\</path>
         <kind>archive</kind>
         <file>rts6740.lib</file>
         <name>llshift.obj</name>
      </input_file>
      <input_file id="fl-f">
         <path>D:\Softwares\CCSv9_software\c6000_7.4.4\lib\</path>
         <kind>archive</kind>
         <file>rts6740.lib</file>
         <name>memory.obj</name>
      </input_file>
      <input_file id="fl-10">
         <path>D:\Softwares\CCSv9_software\c6000_7.4.4\lib\</path>
         <kind>archive</kind>
         <file>rts6740.lib</file>
         <name>modf.obj</name>
      </input_file>
      <input_file id="fl-11">
         <path>D:\Softwares\CCSv9_software\c6000_7.4.4\lib\</path>
         <kind>archive</kind>
         <file>rts6740.lib</file>
         <name>remi.obj</name>
      </input_file>
      <input_file id="fl-12">
         <path>D:\Softwares\CCSv9_software\c6000_7.4.4\lib\</path>
         <kind>archive</kind>
         <file>rts6740.lib</file>
         <name>round.obj</name>
      </input_file>
      <input_file id="fl-13">
         <path>D:\Softwares\CCSv9_software\c6000_7.4.4\lib\</path>
         <kind>archive</kind>
         <file>rts6740.lib</file>
         <name>sin.obj</name>
      </input_file>
      <input_file id="fl-14">
         <path>D:\Softwares\CCSv9_software\c6000_7.4.4\lib\</path>
         <kind>archive</kind>
         <file>rts6740.lib</file>
         <name>sqrt.obj</name>
      </input_file>
      <input_file id="fl-15">
         <path>D:\Softwares\CCSv9_software\c6000_7.4.4\lib\</path>
         <kind>archive</kind>
         <file>rts6740.lib</file>
         <name>trunc.obj</name>
      </input_file>
      <input_file id="fl-16">
         <path>D:\Softwares\CCSv9_software\c6000_7.4.4\lib\</path>
         <kind>archive</kind>
         <file>rts6740.lib</file>
         <name>_lock.obj</name>
      </input_file>
      <input_file id="fl-17">
         <path>D:\Softwares\CCSv9_software\c6000_7.4.4\lib\</path>
         <kind>archive</kind>
         <file>rts6740.lib</file>
         <name>args_main.obj</name>
      </input_file>
      <input_file id="fl-18">
         <path>D:\Softwares\CCSv9_software\c6000_7.4.4\lib\</path>
         <kind>archive</kind>
         <file>rts6740.lib</file>
         <name>autoinit.obj</name>
      </input_file>
      <input_file id="fl-19">
         <path>D:\Softwares\CCSv9_software\c6000_7.4.4\lib\</path>
         <kind>archive</kind>
         <file>rts6740.lib</file>
         <name>cpp_init.obj</name>
      </input_file>
      <input_file id="fl-1a">
         <path>D:\Softwares\CCSv9_software\c6000_7.4.4\lib\</path>
         <kind>archive</kind>
         <file>rts6740.lib</file>
         <name>cpy_tbl.obj</name>
      </input_file>
      <input_file id="fl-1b">
         <path>D:\Softwares\CCSv9_software\c6000_7.4.4\lib\</path>
         <kind>archive</kind>
         <file>rts6740.lib</file>
         <name>errno.obj</name>
      </input_file>
      <input_file id="fl-1c">
         <path>D:\Softwares\CCSv9_software\c6000_7.4.4\lib\</path>
         <kind>archive</kind>
         <file>rts6740.lib</file>
         <name>memcpy64.obj</name>
      </input_file>
      <input_file id="fl-1d">
         <path>D:\Softwares\CCSv9_software\DSP_LIB_C6748\board_support_lib\lib\</path>
         <kind>archive</kind>
         <file>evmomapl138_bsl.lib</file>
         <name>evmomapl138_timer.obj</name>
      </input_file>
      <input_file id="fl-1e">
         <path>D:\Softwares\CCSv9_software\DSP_LIB_C6748\board_support_lib\lib\</path>
         <kind>archive</kind>
         <file>evmomapl138_bsl.lib</file>
         <name>evmomapl138_gpio.obj</name>
      </input_file>
      <input_file id="fl-1f">
         <path>D:\Softwares\CCSv9_software\DSP_LIB_C6748\board_support_lib\lib\</path>
         <kind>archive</kind>
         <file>evmomapl138_bsl.lib</file>
         <name>evmomapl138_aic3106.obj</name>
      </input_file>
      <input_file id="fl-20">
         <path>D:\Softwares\CCSv9_software\DSP_LIB_C6748\board_support_lib\lib\</path>
         <kind>archive</kind>
         <file>evmomapl138_bsl.lib</file>
         <name>evmomapl138.obj</name>
      </input_file>
      <input_file id="fl-21">
         <path>D:\Softwares\CCSv9_software\DSP_LIB_C6748\board_support_lib\lib\</path>
         <kind>archive</kind>
         <file>evmomapl138_bsl.lib</file>
         <name>evmomapl138_i2c_gpio.obj</name>
      </input_file>
      <input_file id="fl-22">
         <path>D:\Softwares\CCSv9_software\DSP_LIB_C6748\board_support_lib\lib\</path>
         <kind>archive</kind>
         <file>evmomapl138_bsl.lib</file>
         <name>evmomapl138_i2c.obj</name>
      </input_file>
      <input_file id="fl-23">
         <path>D:\Softwares\CCSv9_software\c6000_7.4.4\lib\</path>
         <kind>archive</kind>
         <file>rts6740.lib</file>
         <name>printf.obj</name>
      </input_file>
      <input_file id="fl-24">
         <path>D:\Softwares\CCSv9_software\c6000_7.4.4\lib\</path>
         <kind>archive</kind>
         <file>rts6740.lib</file>
         <name>_printfi.obj</name>
      </input_file>
      <input_file id="fl-25">
         <path>D:\Softwares\CCSv9_software\c6000_7.4.4\lib\</path>
         <kind>archive</kind>
         <file>rts6740.lib</file>
         <name>atoi.obj</name>
      </input_file>
      <input_file id="fl-26">
         <path>D:\Softwares\CCSv9_software\c6000_7.4.4\lib\</path>
         <kind>archive</kind>
         <file>rts6740.lib</file>
         <name>ctype.obj</name>
      </input_file>
      <input_file id="fl-27">
         <path>D:\Softwares\CCSv9_software\c6000_7.4.4\lib\</path>
         <kind>archive</kind>
         <file>rts6740.lib</file>
         <name>defs.obj</name>
      </input_file>
      <input_file id="fl-28">
         <path>D:\Softwares\CCSv9_software\c6000_7.4.4\lib\</path>
         <kind>archive</kind>
         <file>rts6740.lib</file>
         <name>divu.obj</name>
      </input_file>
      <input_file id="fl-29">
         <path>D:\Softwares\CCSv9_software\c6000_7.4.4\lib\</path>
         <kind>archive</kind>
         <file>rts6740.lib</file>
         <name>fixdli.obj</name>
      </input_file>
      <input_file id="fl-2a">
         <path>D:\Softwares\CCSv9_software\c6000_7.4.4\lib\</path>
         <kind>archive</kind>
         <file>rts6740.lib</file>
         <name>fltlid.obj</name>
      </input_file>
      <input_file id="fl-2b">
         <path>D:\Softwares\CCSv9_software\c6000_7.4.4\lib\</path>
         <kind>archive</kind>
         <file>rts6740.lib</file>
         <name>fputc.obj</name>
      </input_file>
      <input_file id="fl-2c">
         <path>D:\Softwares\CCSv9_software\c6000_7.4.4\lib\</path>
         <kind>archive</kind>
         <file>rts6740.lib</file>
         <name>fputs.obj</name>
      </input_file>
      <input_file id="fl-2d">
         <path>D:\Softwares\CCSv9_software\c6000_7.4.4\lib\</path>
         <kind>archive</kind>
         <file>rts6740.lib</file>
         <name>imath40.obj</name>
      </input_file>
      <input_file id="fl-2e">
         <path>D:\Softwares\CCSv9_software\c6000_7.4.4\lib\</path>
         <kind>archive</kind>
         <file>rts6740.lib</file>
         <name>imath64.obj</name>
      </input_file>
      <input_file id="fl-2f">
         <path>D:\Softwares\CCSv9_software\c6000_7.4.4\lib\</path>
         <kind>archive</kind>
         <file>rts6740.lib</file>
         <name>isinf.obj</name>
      </input_file>
      <input_file id="fl-30">
         <path>D:\Softwares\CCSv9_software\c6000_7.4.4\lib\</path>
         <kind>archive</kind>
         <file>rts6740.lib</file>
         <name>lowlev.obj</name>
      </input_file>
      <input_file id="fl-31">
         <path>D:\Softwares\CCSv9_software\c6000_7.4.4\lib\</path>
         <kind>archive</kind>
         <file>rts6740.lib</file>
         <name>ltoa.obj</name>
      </input_file>
      <input_file id="fl-32">
         <path>D:\Softwares\CCSv9_software\c6000_7.4.4\lib\</path>
         <kind>archive</kind>
         <file>rts6740.lib</file>
         <name>memccpy.obj</name>
      </input_file>
      <input_file id="fl-33">
         <path>D:\Softwares\CCSv9_software\c6000_7.4.4\lib\</path>
         <kind>archive</kind>
         <file>rts6740.lib</file>
         <name>memset.obj</name>
      </input_file>
      <input_file id="fl-34">
         <path>D:\Softwares\CCSv9_software\c6000_7.4.4\lib\</path>
         <kind>archive</kind>
         <file>rts6740.lib</file>
         <name>negll.obj</name>
      </input_file>
      <input_file id="fl-35">
         <path>D:\Softwares\CCSv9_software\c6000_7.4.4\lib\</path>
         <kind>archive</kind>
         <file>rts6740.lib</file>
         <name>trgdrv.obj</name>
      </input_file>
      <input_file id="fl-36">
         <path>D:\Softwares\CCSv9_software\c6000_7.4.4\lib\</path>
         <kind>archive</kind>
         <file>rts6740.lib</file>
         <name>trgmsg.obj</name>
      </input_file>
      <input_file id="fl-37">
         <path>D:\Softwares\CCSv9_software\c6000_7.4.4\lib\</path>
         <kind>archive</kind>
         <file>rts6740.lib</file>
         <name>_io_perm.obj</name>
      </input_file>
      <input_file id="fl-38">
         <path>D:\Softwares\CCSv9_software\c6000_7.4.4\lib\</path>
         <kind>archive</kind>
         <file>rts6740.lib</file>
         <name>abs.obj</name>
      </input_file>
      <input_file id="fl-39">
         <path>D:\Softwares\CCSv9_software\c6000_7.4.4\lib\</path>
         <kind>archive</kind>
         <file>rts6740.lib</file>
         <name>fflush.obj</name>
      </input_file>
      <input_file id="fl-3a">
         <path>D:\Softwares\CCSv9_software\c6000_7.4.4\lib\</path>
         <kind>archive</kind>
         <file>rts6740.lib</file>
         <name>fseek.obj</name>
      </input_file>
      <input_file id="fl-3b">
         <path>D:\Softwares\CCSv9_software\c6000_7.4.4\lib\</path>
         <kind>archive</kind>
         <file>rts6740.lib</file>
         <name>setvbuf.obj</name>
      </input_file>
      <input_file id="fl-3c">
         <path>D:\Softwares\CCSv9_software\c6000_7.4.4\lib\</path>
         <kind>archive</kind>
         <file>rts6740.lib</file>
         <name>fopen.obj</name>
      </input_file>
      <input_file id="fl-3d">
         <path>D:\Softwares\CCSv9_software\c6000_7.4.4\lib\</path>
         <kind>archive</kind>
         <file>rts6740.lib</file>
         <name>fclose.obj</name>
      </input_file>
      <input_file id="fl-3e">
         <path>D:\Softwares\CCSv9_software\c6000_7.4.4\lib\</path>
         <kind>archive</kind>
         <file>rts6740.lib</file>
         <name>remove.obj</name>
      </input_file>
   </input_file_list>
   <object_component_list>
      <object_component id="oc-f9">
         <name>.text</name>
         <load_address>0x11810000</load_address>
         <run_address>0x11810000</run_address>
         <size>0x16e0</size>
         <input_file_ref idref="fl-2"/>
      </object_component>
      <object_component id="oc-103">
         <name>.text</name>
         <load_address>0x118116e0</load_address>
         <run_address>0x118116e0</run_address>
         <size>0xc20</size>
         <input_file_ref idref="fl-20"/>
      </object_component>
      <object_component id="oc-f0">
         <name>.text</name>
         <load_address>0x11812300</load_address>
         <run_address>0x11812300</run_address>
         <size>0x920</size>
         <input_file_ref idref="fl-3"/>
      </object_component>
      <object_component id="oc-f4">
         <name>.text:__divd</name>
         <load_address>0x11812c20</load_address>
         <run_address>0x11812c20</run_address>
         <size>0x5a0</size>
         <input_file_ref idref="fl-b"/>
      </object_component>
      <object_component id="oc-124">
         <name>.text:__getarg_diouxp</name>
         <load_address>0x118131c0</load_address>
         <run_address>0x118131c0</run_address>
         <size>0x580</size>
         <input_file_ref idref="fl-24"/>
      </object_component>
      <object_component id="oc-10a">
         <name>.text</name>
         <load_address>0x11813740</load_address>
         <run_address>0x11813740</run_address>
         <size>0x4e0</size>
         <input_file_ref idref="fl-21"/>
      </object_component>
      <object_component id="oc-10c">
         <name>.text:__printfi</name>
         <load_address>0x11813c20</load_address>
         <run_address>0x11813c20</run_address>
         <size>0x440</size>
         <input_file_ref idref="fl-24"/>
      </object_component>
      <object_component id="oc-111">
         <name>.text:__setfield</name>
         <load_address>0x11814060</load_address>
         <run_address>0x11814060</run_address>
         <size>0x440</size>
         <input_file_ref idref="fl-24"/>
      </object_component>
      <object_component id="oc-10e">
         <name>.text:_fputs</name>
         <load_address>0x118144a0</load_address>
         <run_address>0x118144a0</run_address>
         <size>0x3a0</size>
         <input_file_ref idref="fl-2c"/>
      </object_component>
      <object_component id="oc-100">
         <name>.text</name>
         <load_address>0x11814840</load_address>
         <run_address>0x11814840</run_address>
         <size>0x380</size>
         <input_file_ref idref="fl-1e"/>
      </object_component>
      <object_component id="oc-104">
         <name>.text</name>
         <load_address>0x11814bc0</load_address>
         <run_address>0x11814bc0</run_address>
         <size>0x380</size>
         <input_file_ref idref="fl-22"/>
      </object_component>
      <object_component id="oc-119">
         <name>.text:__pproc_fge</name>
         <load_address>0x11814f40</load_address>
         <run_address>0x11814f40</run_address>
         <size>0x320</size>
         <input_file_ref idref="fl-24"/>
      </object_component>
      <object_component id="oc-f5">
         <name>.text:_cos</name>
         <load_address>0x11815260</load_address>
         <run_address>0x11815260</run_address>
         <size>0x2e0</size>
         <input_file_ref idref="fl-a"/>
      </object_component>
      <object_component id="oc-110">
         <name>.text:__pproc_fwp</name>
         <load_address>0x11815540</load_address>
         <run_address>0x11815540</run_address>
         <size>0x2c0</size>
         <input_file_ref idref="fl-24"/>
      </object_component>
      <object_component id="oc-12a">
         <name>.text:_ecvt</name>
         <load_address>0x11815800</load_address>
         <run_address>0x11815800</run_address>
         <size>0x2a0</size>
         <input_file_ref idref="fl-24"/>
      </object_component>
      <object_component id="oc-12d">
         <name>.text:_fcvt</name>
         <load_address>0x11815aa0</load_address>
         <run_address>0x11815aa0</run_address>
         <size>0x2a0</size>
         <input_file_ref idref="fl-24"/>
      </object_component>
      <object_component id="oc-128">
         <name>.text:_free</name>
         <load_address>0x11815d40</load_address>
         <run_address>0x11815d40</run_address>
         <size>0x280</size>
         <input_file_ref idref="fl-f"/>
      </object_component>
      <object_component id="oc-f6">
         <name>.text:_sin</name>
         <load_address>0x11815fc0</load_address>
         <run_address>0x11815fc0</run_address>
         <size>0x280</size>
         <input_file_ref idref="fl-13"/>
      </object_component>
      <object_component id="oc-136">
         <name>.text:__divull</name>
         <load_address>0x11816240</load_address>
         <run_address>0x11816240</run_address>
         <size>0x260</size>
         <input_file_ref idref="fl-2e"/>
      </object_component>
      <object_component id="oc-123">
         <name>.text:__pconv_e</name>
         <load_address>0x118164a0</load_address>
         <run_address>0x118164a0</run_address>
         <size>0x260</size>
         <input_file_ref idref="fl-24"/>
      </object_component>
      <object_component id="oc-11a">
         <name>.text:__pproc_diouxp</name>
         <load_address>0x11816700</load_address>
         <run_address>0x11816700</run_address>
         <size>0x240</size>
         <input_file_ref idref="fl-24"/>
      </object_component>
      <object_component id="oc-112">
         <name>.text:__pproc_str</name>
         <load_address>0x11816940</load_address>
         <run_address>0x11816940</run_address>
         <size>0x220</size>
         <input_file_ref idref="fl-24"/>
      </object_component>
      <object_component id="oc-113">
         <name>.text:_fputc</name>
         <load_address>0x11816b60</load_address>
         <run_address>0x11816b60</run_address>
         <size>0x220</size>
         <input_file_ref idref="fl-2b"/>
      </object_component>
      <object_component id="oc-121">
         <name>.text:__pconv_g</name>
         <load_address>0x11816d80</load_address>
         <run_address>0x11816d80</run_address>
         <size>0x200</size>
         <input_file_ref idref="fl-24"/>
      </object_component>
      <object_component id="oc-11d">
         <name>.text:_setvbuf</name>
         <load_address>0x11816f80</load_address>
         <run_address>0x11816f80</run_address>
         <size>0x200</size>
         <input_file_ref idref="fl-3b"/>
      </object_component>
      <object_component id="oc-102">
         <name>.text</name>
         <load_address>0x11817180</load_address>
         <run_address>0x11817180</run_address>
         <size>0x1e0</size>
         <input_file_ref idref="fl-1d"/>
      </object_component>
      <object_component id="oc-12c">
         <name>.text:__mcpy</name>
         <load_address>0x11817360</load_address>
         <run_address>0x11817360</run_address>
         <size>0x1c0</size>
         <input_file_ref idref="fl-24"/>
      </object_component>
      <object_component id="oc-135">
         <name>.text:__divul</name>
         <load_address>0x11817520</load_address>
         <run_address>0x11817520</run_address>
         <size>0x1a0</size>
         <input_file_ref idref="fl-2d"/>
      </object_component>
      <object_component id="oc-ff">
         <name>.text</name>
         <load_address>0x118176c0</load_address>
         <run_address>0x118176c0</run_address>
         <size>0x1a0</size>
         <input_file_ref idref="fl-1f"/>
      </object_component>
      <object_component id="oc-ec">
         <name>.text:_HOSTrename</name>
         <load_address>0x11817860</load_address>
         <run_address>0x11817860</run_address>
         <size>0x180</size>
         <input_file_ref idref="fl-35"/>
      </object_component>
      <object_component id="oc-101">
         <name>.text:_malloc</name>
         <load_address>0x118179e0</load_address>
         <run_address>0x118179e0</run_address>
         <size>0x180</size>
         <input_file_ref idref="fl-f"/>
      </object_component>
      <object_component id="oc-10f">
         <name>.text:__pproc_fflags</name>
         <load_address>0x11817b60</load_address>
         <run_address>0x11817b60</run_address>
         <size>0x140</size>
         <input_file_ref idref="fl-24"/>
      </object_component>
      <object_component id="oc-13e">
         <name>.text:_getdevice</name>
         <load_address>0x11817ca0</load_address>
         <run_address>0x11817ca0</run_address>
         <size>0x140</size>
         <input_file_ref idref="fl-30"/>
      </object_component>
      <object_component id="oc-130">
         <name>.text:__closefile</name>
         <load_address>0x11817de0</load_address>
         <run_address>0x11817de0</run_address>
         <size>0x120</size>
         <input_file_ref idref="fl-3d"/>
      </object_component>
      <object_component id="oc-126">
         <name>.text:__ltostr</name>
         <load_address>0x11817f00</load_address>
         <run_address>0x11817f00</run_address>
         <size>0x120</size>
         <input_file_ref idref="fl-24"/>
      </object_component>
      <object_component id="oc-11c">
         <name>.text:_fseek</name>
         <load_address>0x11818020</load_address>
         <run_address>0x11818020</run_address>
         <size>0x120</size>
         <input_file_ref idref="fl-3a"/>
      </object_component>
      <object_component id="oc-ea">
         <name>.text:_HOSTlseek</name>
         <load_address>0x11818140</load_address>
         <run_address>0x11818140</run_address>
         <size>0x100</size>
         <input_file_ref idref="fl-35"/>
      </object_component>
      <object_component id="oc-114">
         <name>.text:__wrt_ok</name>
         <load_address>0x11818240</load_address>
         <run_address>0x11818240</run_address>
         <size>0x100</size>
         <input_file_ref idref="fl-37"/>
      </object_component>
      <object_component id="oc-f8">
         <name>.text:_sqrt</name>
         <load_address>0x11818340</load_address>
         <run_address>0x11818340</run_address>
         <size>0x100</size>
         <input_file_ref idref="fl-14"/>
      </object_component>
      <object_component id="oc-e6">
         <name>.text:_HOSTopen</name>
         <load_address>0x11818440</load_address>
         <run_address>0x11818440</run_address>
         <size>0xe0</size>
         <input_file_ref idref="fl-35"/>
      </object_component>
      <object_component id="oc-118">
         <name>.text:_atoi</name>
         <load_address>0x11818520</load_address>
         <run_address>0x11818520</run_address>
         <size>0xe0</size>
         <input_file_ref idref="fl-25"/>
      </object_component>
      <object_component id="oc-137">
         <name>.text:_close</name>
         <load_address>0x11818600</load_address>
         <run_address>0x11818600</run_address>
         <size>0xe0</size>
         <input_file_ref idref="fl-30"/>
      </object_component>
      <object_component id="oc-117">
         <name>.text:_memset</name>
         <load_address>0x118186e0</load_address>
         <run_address>0x118186e0</run_address>
         <size>0xe0</size>
         <input_file_ref idref="fl-33"/>
      </object_component>
      <object_component id="oc-109">
         <name>.text:_printf</name>
         <load_address>0x118187c0</load_address>
         <run_address>0x118187c0</run_address>
         <size>0xe0</size>
         <input_file_ref idref="fl-23"/>
      </object_component>
      <object_component id="oc-e8">
         <name>.text:_HOSTread</name>
         <load_address>0x118188a0</load_address>
         <run_address>0x118188a0</run_address>
         <size>0xc0</size>
         <input_file_ref idref="fl-35"/>
      </object_component>
      <object_component id="oc-eb">
         <name>.text:_HOSTunlink</name>
         <load_address>0x11818960</load_address>
         <run_address>0x11818960</run_address>
         <size>0xc0</size>
         <input_file_ref idref="fl-35"/>
      </object_component>
      <object_component id="oc-e9">
         <name>.text:_HOSTwrite</name>
         <load_address>0x11818a20</load_address>
         <run_address>0x11818a20</run_address>
         <size>0xc0</size>
         <input_file_ref idref="fl-35"/>
      </object_component>
      <object_component id="oc-e2">
         <name>.text:__auto_init</name>
         <load_address>0x11818ae0</load_address>
         <run_address>0x11818ae0</run_address>
         <size>0xc0</size>
         <input_file_ref idref="fl-18"/>
      </object_component>
      <object_component id="oc-12f">
         <name>.text:__div</name>
         <load_address>0x11818ba0</load_address>
         <run_address>0x11818ba0</run_address>
         <size>0xc0</size>
         <input_file_ref idref="fl-24"/>
      </object_component>
      <object_component id="oc-134">
         <name>.text:__divu</name>
         <load_address>0x11818c60</load_address>
         <run_address>0x11818c60</run_address>
         <size>0xc0</size>
         <input_file_ref idref="fl-28"/>
      </object_component>
      <object_component id="oc-115">
         <name>.text:__doflush</name>
         <load_address>0x11818d20</load_address>
         <run_address>0x11818d20</run_address>
         <size>0xc0</size>
         <input_file_ref idref="fl-39"/>
      </object_component>
      <object_component id="oc-f7">
         <name>.text:__remi</name>
         <load_address>0x11818de0</load_address>
         <run_address>0x11818de0</run_address>
         <size>0xc0</size>
         <input_file_ref idref="fl-11"/>
      </object_component>
      <object_component id="oc-e4">
         <name>.text:_exit</name>
         <load_address>0x11818ea0</load_address>
         <run_address>0x11818ea0</run_address>
         <size>0xc0</size>
         <input_file_ref idref="fl-c"/>
      </object_component>
      <object_component id="oc-132">
         <name>.text:_ltoa</name>
         <load_address>0x11818f60</load_address>
         <run_address>0x11818f60</run_address>
         <size>0xc0</size>
         <input_file_ref idref="fl-31"/>
      </object_component>
      <object_component id="oc-e7">
         <name>.text:_HOSTclose</name>
         <load_address>0x11819020</load_address>
         <run_address>0x11819020</run_address>
         <size>0xa0</size>
         <input_file_ref idref="fl-35"/>
      </object_component>
      <object_component id="oc-129">
         <name>.text:__cleanup</name>
         <load_address>0x118190c0</load_address>
         <run_address>0x118190c0</run_address>
         <size>0xa0</size>
         <input_file_ref idref="fl-3c"/>
      </object_component>
      <object_component id="oc-13a">
         <name>.text:__divli</name>
         <load_address>0x11819160</load_address>
         <run_address>0x11819160</run_address>
         <size>0xa0</size>
         <input_file_ref idref="fl-2d"/>
      </object_component>
      <object_component id="oc-12b">
         <name>.text:__ecpy</name>
         <load_address>0x11819200</load_address>
         <run_address>0x11819200</run_address>
         <size>0xa0</size>
         <input_file_ref idref="fl-24"/>
      </object_component>
      <object_component id="oc-12e">
         <name>.text:__fcpy</name>
         <load_address>0x118192a0</load_address>
         <run_address>0x118192a0</run_address>
         <size>0xa0</size>
         <input_file_ref idref="fl-24"/>
      </object_component>
      <object_component id="oc-131">
         <name>.text:__fixdli</name>
         <load_address>0x11819340</load_address>
         <run_address>0x11819340</run_address>
         <size>0xa0</size>
         <input_file_ref idref="fl-29"/>
      </object_component>
      <object_component id="oc-fd">
         <name>.text:__nround</name>
         <load_address>0x118193e0</load_address>
         <run_address>0x118193e0</run_address>
         <size>0xa0</size>
         <input_file_ref idref="fl-12"/>
      </object_component>
      <object_component id="oc-122">
         <name>.text:__pconv_f</name>
         <load_address>0x11819480</load_address>
         <run_address>0x11819480</run_address>
         <size>0xa0</size>
         <input_file_ref idref="fl-24"/>
      </object_component>
      <object_component id="oc-ed">
         <name>.text:_copy_in</name>
         <load_address>0x11819520</load_address>
         <run_address>0x11819520</run_address>
         <size>0xa0</size>
         <input_file_ref idref="fl-1a"/>
      </object_component>
      <object_component id="oc-13f">
         <name>.text:_finddevice</name>
         <load_address>0x118195c0</load_address>
         <run_address>0x118195c0</run_address>
         <size>0xa0</size>
         <input_file_ref idref="fl-30"/>
      </object_component>
      <object_component id="oc-127">
         <name>.text:_lseek</name>
         <load_address>0x11819660</load_address>
         <run_address>0x11819660</run_address>
         <size>0xa0</size>
         <input_file_ref idref="fl-30"/>
      </object_component>
      <object_component id="oc-ee">
         <name>.text:_memcpy</name>
         <load_address>0x11819700</load_address>
         <run_address>0x11819700</run_address>
         <size>0xa0</size>
         <input_file_ref idref="fl-1c"/>
      </object_component>
      <object_component id="oc-108">
         <name>.text:_minsert</name>
         <load_address>0x118197a0</load_address>
         <run_address>0x118197a0</run_address>
         <size>0xa0</size>
         <input_file_ref idref="fl-f"/>
      </object_component>
      <object_component id="oc-fe">
         <name>.text:_modf</name>
         <load_address>0x11819840</load_address>
         <run_address>0x11819840</run_address>
         <size>0xa0</size>
         <input_file_ref idref="fl-10"/>
      </object_component>
      <object_component id="oc-107">
         <name>.text:_mremove</name>
         <load_address>0x118198e0</load_address>
         <run_address>0x118198e0</run_address>
         <size>0xa0</size>
         <input_file_ref idref="fl-f"/>
      </object_component>
      <object_component id="oc-116">
         <name>.text:_write</name>
         <load_address>0x11819980</load_address>
         <run_address>0x11819980</run_address>
         <size>0xa0</size>
         <input_file_ref idref="fl-30"/>
      </object_component>
      <object_component id="oc-1a">
         <name>.text:retain</name>
         <load_address>0x11819a20</load_address>
         <run_address>0x11819a20</run_address>
         <size>0xa0</size>
         <input_file_ref idref="fl-3"/>
      </object_component>
      <object_component id="oc-133">
         <name>.text:__fltlid</name>
         <load_address>0x11819ac0</load_address>
         <run_address>0x11819ac0</run_address>
         <size>0x80</size>
         <input_file_ref idref="fl-2a"/>
      </object_component>
      <object_component id="oc-13b">
         <name>.text:__llshl</name>
         <load_address>0x11819b40</load_address>
         <run_address>0x11819b40</run_address>
         <size>0x80</size>
         <input_file_ref idref="fl-e"/>
      </object_component>
      <object_component id="oc-e">
         <name>.text:_c_int00</name>
         <load_address>0x11819bc0</load_address>
         <run_address>0x11819bc0</run_address>
         <size>0x80</size>
         <input_file_ref idref="fl-9"/>
      </object_component>
      <object_component id="oc-f3">
         <name>.text:_readmsg</name>
         <load_address>0x11819c40</load_address>
         <run_address>0x11819c40</run_address>
         <size>0x80</size>
         <input_file_ref idref="fl-36"/>
      </object_component>
      <object_component id="oc-13d">
         <name>.text:_unlink</name>
         <load_address>0x11819cc0</load_address>
         <run_address>0x11819cc0</run_address>
         <size>0x80</size>
         <input_file_ref idref="fl-30"/>
      </object_component>
      <object_component id="oc-ef">
         <name>.text:___TI_cpp_init</name>
         <load_address>0x11819d40</load_address>
         <run_address>0x11819d40</run_address>
         <size>0x60</size>
         <input_file_ref idref="fl-19"/>
      </object_component>
      <object_component id="oc-13c">
         <name>.text:__subcull</name>
         <load_address>0x11819da0</load_address>
         <run_address>0x11819da0</run_address>
         <size>0x60</size>
         <input_file_ref idref="fl-2e"/>
      </object_component>
      <object_component id="oc-11b">
         <name>.text:_memccpy</name>
         <load_address>0x11819e00</load_address>
         <run_address>0x11819e00</run_address>
         <size>0x60</size>
         <input_file_ref idref="fl-32"/>
      </object_component>
      <object_component id="oc-f2">
         <name>.text:_writemsg</name>
         <load_address>0x11819e60</load_address>
         <run_address>0x11819e60</run_address>
         <size>0x60</size>
         <input_file_ref idref="fl-36"/>
      </object_component>
      <object_component id="oc-120">
         <name>.text:___isinf</name>
         <load_address>0x11819ec0</load_address>
         <run_address>0x11819ec0</run_address>
         <size>0x40</size>
         <input_file_ref idref="fl-2f"/>
      </object_component>
      <object_component id="oc-11f">
         <name>.text:___isnan</name>
         <load_address>0x11819f00</load_address>
         <run_address>0x11819f00</run_address>
         <size>0x40</size>
         <input_file_ref idref="fl-24"/>
      </object_component>
      <object_component id="oc-e3">
         <name>.text:__args_main</name>
         <load_address>0x11819f40</load_address>
         <run_address>0x11819f40</run_address>
         <size>0x40</size>
         <input_file_ref idref="fl-17"/>
      </object_component>
      <object_component id="oc-fb">
         <name>.text:__frcmpyd_div</name>
         <load_address>0x11819f80</load_address>
         <run_address>0x11819f80</run_address>
         <size>0x40</size>
         <input_file_ref idref="fl-d"/>
      </object_component>
      <object_component id="oc-fa">
         <name>.text:__llshru</name>
         <load_address>0x11819fc0</load_address>
         <run_address>0x11819fc0</run_address>
         <size>0x40</size>
         <input_file_ref idref="fl-e"/>
      </object_component>
      <object_component id="oc-139">
         <name>.text:__remli</name>
         <load_address>0x1181a000</load_address>
         <run_address>0x1181a000</run_address>
         <size>0x40</size>
         <input_file_ref idref="fl-2d"/>
      </object_component>
      <object_component id="oc-125">
         <name>.text:__negll</name>
         <load_address>0x1181a040</load_address>
         <run_address>0x1181a040</run_address>
         <size>0x20</size>
         <input_file_ref idref="fl-34"/>
      </object_component>
      <object_component id="oc-e5">
         <name>.text:__nop</name>
         <load_address>0x1181a060</load_address>
         <run_address>0x1181a060</run_address>
         <size>0x20</size>
         <input_file_ref idref="fl-16"/>
      </object_component>
      <object_component id="oc-10d">
         <name>.text:__outc</name>
         <load_address>0x1181a080</load_address>
         <run_address>0x1181a080</run_address>
         <size>0x20</size>
         <input_file_ref idref="fl-23"/>
      </object_component>
      <object_component id="oc-10b">
         <name>.text:__outs</name>
         <load_address>0x1181a0a0</load_address>
         <run_address>0x1181a0a0</run_address>
         <size>0x20</size>
         <input_file_ref idref="fl-23"/>
      </object_component>
      <object_component id="oc-fc">
         <name>.text:__trunc</name>
         <load_address>0x1181a0c0</load_address>
         <run_address>0x1181a0c0</run_address>
         <size>0x20</size>
         <input_file_ref idref="fl-15"/>
      </object_component>
      <object_component id="oc-f1">
         <name>.text:_abort</name>
         <load_address>0x1181a0e0</load_address>
         <run_address>0x1181a0e0</run_address>
         <size>0x20</size>
         <input_file_ref idref="fl-c"/>
      </object_component>
      <object_component id="oc-138">
         <name>.text:_remove</name>
         <load_address>0x1181a100</load_address>
         <run_address>0x1181a100</run_address>
         <size>0x20</size>
         <input_file_ref idref="fl-3e"/>
      </object_component>
      <object_component id="oc-1e">
         <name>.text</name>
         <load_address>0x1181a120</load_address>
         <run_address>0x1181a120</run_address>
         <size>0x20</size>
         <input_file_ref idref="fl-4"/>
      </object_component>
      <object_component id="oc-11e">
         <name>.const:.string:__ctypes_</name>
         <load_address>0x11823600</load_address>
         <run_address>0x11823600</run_address>
         <size>0x101</size>
         <input_file_ref idref="fl-26"/>
      </object_component>
      <object_component id="oc-a3">
         <name>.const:.string</name>
         <load_address>0x11823701</load_address>
         <run_address>0x11823701</run_address>
         <size>0x2</size>
         <input_file_ref idref="fl-2c"/>
      </object_component>
      <object_component id="oc-106">
         <name>.const:_bitval_u32</name>
         <load_address>0x11823708</load_address>
         <run_address>0x11823708</run_address>
         <size>0x80</size>
         <input_file_ref idref="fl-20"/>
      </object_component>
      <object_component id="oc-79">
         <name>.const:.string</name>
         <load_address>0x11823788</load_address>
         <run_address>0x11823788</run_address>
         <size>0x40</size>
         <input_file_ref idref="fl-20"/>
      </object_component>
      <object_component id="oc-8a">
         <name>.const:.string</name>
         <load_address>0x118237c8</load_address>
         <run_address>0x118237c8</run_address>
         <size>0x23</size>
         <input_file_ref idref="fl-24"/>
      </object_component>
      <object_component id="oc-f">
         <name>.bss</name>
         <uninitialized>true</uninitialized>
         <run_address>0x118233a8</run_address>
         <size>0x1c</size>
         <input_file_ref idref="fl-2"/>
      </object_component>
      <object_component id="oc-16">
         <name>.bss</name>
         <uninitialized>true</uninitialized>
         <run_address>0x118233c4</run_address>
         <size>0xc</size>
         <input_file_ref idref="fl-3"/>
      </object_component>
      <object_component id="oc-81">
         <name>.bss</name>
         <uninitialized>true</uninitialized>
         <run_address>0x118233d0</run_address>
         <size>0x4</size>
         <input_file_ref idref="fl-22"/>
      </object_component>
      <object_component id="oc-12">
         <name>.far</name>
         <uninitialized>true</uninitialized>
         <run_address>0x1181ea14</run_address>
         <size>0x8</size>
         <input_file_ref idref="fl-2"/>
      </object_component>
      <object_component id="oc-19">
         <name>.far</name>
         <uninitialized>true</uninitialized>
         <run_address>0x1181a140</run_address>
         <size>0x4400</size>
         <input_file_ref idref="fl-3"/>
      </object_component>
      <object_component id="oc-29">
         <name>.far</name>
         <uninitialized>true</uninitialized>
         <run_address>0x1181e988</run_address>
         <size>0x40</size>
         <input_file_ref idref="fl-a"/>
      </object_component>
      <object_component id="oc-31">
         <name>.far</name>
         <uninitialized>true</uninitialized>
         <run_address>0x1181ea08</run_address>
         <size>0xc</size>
         <input_file_ref idref="fl-c"/>
      </object_component>
      <object_component id="oc-3c">
         <name>.far</name>
         <uninitialized>true</uninitialized>
         <run_address>0x1181ea24</run_address>
         <size>0x8</size>
         <input_file_ref idref="fl-f"/>
      </object_component>
      <object_component id="oc-4b">
         <name>.far</name>
         <uninitialized>true</uninitialized>
         <run_address>0x1181e9c8</run_address>
         <size>0x40</size>
         <input_file_ref idref="fl-13"/>
      </object_component>
      <object_component id="oc-56">
         <name>.far</name>
         <uninitialized>true</uninitialized>
         <run_address>0x1181ea1c</run_address>
         <size>0x8</size>
         <input_file_ref idref="fl-16"/>
      </object_component>
      <object_component id="oc-67">
         <name>.far</name>
         <uninitialized>true</uninitialized>
         <run_address>0x1181e864</run_address>
         <size>0x4</size>
         <input_file_ref idref="fl-1b"/>
      </object_component>
      <object_component id="oc-94">
         <name>.far</name>
         <uninitialized>true</uninitialized>
         <run_address>0x1181e540</run_address>
         <size>0x324</size>
         <input_file_ref idref="fl-27"/>
      </object_component>
      <object_component id="oc-b1">
         <name>.far</name>
         <uninitialized>true</uninitialized>
         <run_address>0x1181e868</run_address>
         <size>0x11c</size>
         <input_file_ref idref="fl-30"/>
      </object_component>
      <object_component id="oc-c1">
         <name>.far</name>
         <uninitialized>true</uninitialized>
         <run_address>0x1181ea30</run_address>
         <size>0x8</size>
         <input_file_ref idref="fl-35"/>
      </object_component>
      <object_component id="oc-d9">
         <name>.far</name>
         <uninitialized>true</uninitialized>
         <run_address>0x1181e984</run_address>
         <size>0x4</size>
         <input_file_ref idref="fl-3c"/>
      </object_component>
      <object_component id="oc-105">
         <name>.switch:_getRegisterBankAndBit</name>
         <load_address>0x118233d4</load_address>
         <run_address>0x118233d4</run_address>
         <size>0x24</size>
         <input_file_ref idref="fl-1e"/>
      </object_component>
      <object_component id="oc-24">
         <name>.stack</name>
         <uninitialized>true</uninitialized>
         <run_address>0x11822a88</run_address>
         <size>0x8</size>
         <input_file_ref idref="fl-9"/>
      </object_component>
      <object_component id="oc-155">
         <name>.stack</name>
         <uninitialized>true</uninitialized>
         <run_address>0x11822a88</run_address>
         <size>0x0</size>
      </object_component>
      <object_component id="oc-18">
         <name>.cinit</name>
         <load_address>0x1181ea38</load_address>
         <run_address>0x1181ea38</run_address>
         <size>0x3e24</size>
         <input_file_ref idref="fl-3"/>
      </object_component>
      <object_component id="oc-93">
         <name>.cinit</name>
         <load_address>0x11822860</load_address>
         <run_address>0x11822860</run_address>
         <size>0x5c</size>
         <input_file_ref idref="fl-27"/>
      </object_component>
      <object_component id="oc-b0">
         <name>.cinit</name>
         <load_address>0x118228c0</load_address>
         <run_address>0x118228c0</run_address>
         <size>0x5c</size>
         <input_file_ref idref="fl-30"/>
      </object_component>
      <object_component id="oc-28">
         <name>.cinit</name>
         <load_address>0x11822920</load_address>
         <run_address>0x11822920</run_address>
         <size>0x48</size>
         <input_file_ref idref="fl-a"/>
      </object_component>
      <object_component id="oc-4a">
         <name>.cinit</name>
         <load_address>0x11822968</load_address>
         <run_address>0x11822968</run_address>
         <size>0x48</size>
         <input_file_ref idref="fl-13"/>
      </object_component>
      <object_component id="oc-11">
         <name>.cinit</name>
         <load_address>0x118229b0</load_address>
         <run_address>0x118229b0</run_address>
         <size>0x2c</size>
         <input_file_ref idref="fl-2"/>
      </object_component>
      <object_component id="oc-30">
         <name>.cinit</name>
         <load_address>0x118229e0</load_address>
         <run_address>0x118229e0</run_address>
         <size>0x2c</size>
         <input_file_ref idref="fl-c"/>
      </object_component>
      <object_component id="oc-3b">
         <name>.cinit</name>
         <load_address>0x11822a10</load_address>
         <run_address>0x11822a10</run_address>
         <size>0x2c</size>
         <input_file_ref idref="fl-f"/>
      </object_component>
      <object_component id="oc-55">
         <name>.cinit</name>
         <load_address>0x11822a40</load_address>
         <run_address>0x11822a40</run_address>
         <size>0x1c</size>
         <input_file_ref idref="fl-16"/>
      </object_component>
      <object_component id="oc-66">
         <name>.cinit</name>
         <load_address>0x11822a60</load_address>
         <run_address>0x11822a60</run_address>
         <size>0xc</size>
         <input_file_ref idref="fl-1b"/>
      </object_component>
      <object_component id="oc-d8">
         <name>.cinit</name>
         <load_address>0x11822a70</load_address>
         <run_address>0x11822a70</run_address>
         <size>0xc</size>
         <input_file_ref idref="fl-3c"/>
      </object_component>
      <object_component id="oc-3d">
         <name>.sysmem</name>
         <uninitialized>true</uninitialized>
         <run_address>0x11800000</run_address>
         <size>0x8</size>
         <input_file_ref idref="fl-f"/>
      </object_component>
      <object_component id="oc-156">
         <name>.sysmem</name>
         <uninitialized>true</uninitialized>
         <run_address>0x11800000</run_address>
         <size>0x0</size>
      </object_component>
      <object_component id="oc-c5">
         <name>.cio</name>
         <uninitialized>true</uninitialized>
         <run_address>0x11823288</run_address>
         <size>0x120</size>
         <input_file_ref idref="fl-36"/>
      </object_component>
      <object_component id="oc-1f">
         <name>.vecs</name>
         <load_address>0x11823400</load_address>
         <run_address>0x11823400</run_address>
         <size>0x200</size>
         <input_file_ref idref="fl-4"/>
      </object_component>
      <object_component id="oc-10">
         <name>.debug_info</name>
         <load_address>0x0</load_address>
         <run_address>0x0</run_address>
         <size>0x4c84</size>
         <input_file_ref idref="fl-2"/>
      </object_component>
      <object_component id="oc-17">
         <name>.debug_info</name>
         <load_address>0x4c84</load_address>
         <run_address>0x4c84</run_address>
         <size>0xf4e</size>
         <input_file_ref idref="fl-3"/>
      </object_component>
      <object_component id="oc-20">
         <name>.debug_info</name>
         <load_address>0x5bd2</load_address>
         <run_address>0x5bd2</run_address>
         <size>0x18f</size>
         <input_file_ref idref="fl-4"/>
      </object_component>
      <object_component id="oc-23">
         <name>.debug_info</name>
         <load_address>0x5d61</load_address>
         <run_address>0x5d61</run_address>
         <size>0x6f2</size>
         <input_file_ref idref="fl-9"/>
      </object_component>
      <object_component id="oc-27">
         <name>.debug_info</name>
         <load_address>0x6453</load_address>
         <run_address>0x6453</run_address>
         <size>0x6e4</size>
         <input_file_ref idref="fl-a"/>
      </object_component>
      <object_component id="oc-2c">
         <name>.debug_info</name>
         <load_address>0x6b37</load_address>
         <run_address>0x6b37</run_address>
         <size>0x96a</size>
         <input_file_ref idref="fl-b"/>
      </object_component>
      <object_component id="oc-2f">
         <name>.debug_info</name>
         <load_address>0x74a1</load_address>
         <run_address>0x74a1</run_address>
         <size>0x7bf</size>
         <input_file_ref idref="fl-c"/>
      </object_component>
      <object_component id="oc-34">
         <name>.debug_info</name>
         <load_address>0x7c60</load_address>
         <run_address>0x7c60</run_address>
         <size>0x653</size>
         <input_file_ref idref="fl-d"/>
      </object_component>
      <object_component id="oc-37">
         <name>.debug_info</name>
         <load_address>0x82b3</load_address>
         <run_address>0x82b3</run_address>
         <size>0x6e8</size>
         <input_file_ref idref="fl-e"/>
      </object_component>
      <object_component id="oc-3a">
         <name>.debug_info</name>
         <load_address>0x899b</load_address>
         <run_address>0x899b</run_address>
         <size>0xabf</size>
         <input_file_ref idref="fl-f"/>
      </object_component>
      <object_component id="oc-40">
         <name>.debug_info</name>
         <load_address>0x945a</load_address>
         <run_address>0x945a</run_address>
         <size>0x667</size>
         <input_file_ref idref="fl-10"/>
      </object_component>
      <object_component id="oc-43">
         <name>.debug_info</name>
         <load_address>0x9ac1</load_address>
         <run_address>0x9ac1</run_address>
         <size>0xbd</size>
         <input_file_ref idref="fl-11"/>
      </object_component>
      <object_component id="oc-46">
         <name>.debug_info</name>
         <load_address>0x9b7e</load_address>
         <run_address>0x9b7e</run_address>
         <size>0x63a</size>
         <input_file_ref idref="fl-12"/>
      </object_component>
      <object_component id="oc-49">
         <name>.debug_info</name>
         <load_address>0xa1b8</load_address>
         <run_address>0xa1b8</run_address>
         <size>0x6e4</size>
         <input_file_ref idref="fl-13"/>
      </object_component>
      <object_component id="oc-4e">
         <name>.debug_info</name>
         <load_address>0xa89c</load_address>
         <run_address>0xa89c</run_address>
         <size>0x85c</size>
         <input_file_ref idref="fl-14"/>
      </object_component>
      <object_component id="oc-51">
         <name>.debug_info</name>
         <load_address>0xb0f8</load_address>
         <run_address>0xb0f8</run_address>
         <size>0x638</size>
         <input_file_ref idref="fl-15"/>
      </object_component>
      <object_component id="oc-54">
         <name>.debug_info</name>
         <load_address>0xb730</load_address>
         <run_address>0xb730</run_address>
         <size>0x633</size>
         <input_file_ref idref="fl-16"/>
      </object_component>
      <object_component id="oc-59">
         <name>.debug_info</name>
         <load_address>0xbd63</load_address>
         <run_address>0xbd63</run_address>
         <size>0x6c8</size>
         <input_file_ref idref="fl-17"/>
      </object_component>
      <object_component id="oc-5c">
         <name>.debug_info</name>
         <load_address>0xc42b</load_address>
         <run_address>0xc42b</run_address>
         <size>0x83e</size>
         <input_file_ref idref="fl-18"/>
      </object_component>
      <object_component id="oc-5f">
         <name>.debug_info</name>
         <load_address>0xcc69</load_address>
         <run_address>0xcc69</run_address>
         <size>0x6b6</size>
         <input_file_ref idref="fl-19"/>
      </object_component>
      <object_component id="oc-62">
         <name>.debug_info</name>
         <load_address>0xd31f</load_address>
         <run_address>0xd31f</run_address>
         <size>0x7ac</size>
         <input_file_ref idref="fl-1a"/>
      </object_component>
      <object_component id="oc-65">
         <name>.debug_info</name>
         <load_address>0xdacb</load_address>
         <run_address>0xdacb</run_address>
         <size>0x5c9</size>
         <input_file_ref idref="fl-1b"/>
      </object_component>
      <object_component id="oc-69">
         <name>.debug_info</name>
         <load_address>0xe094</load_address>
         <run_address>0xe094</run_address>
         <size>0xcc</size>
         <input_file_ref idref="fl-1c"/>
      </object_component>
      <object_component id="oc-6c">
         <name>.debug_info</name>
         <load_address>0xe160</load_address>
         <run_address>0xe160</run_address>
         <size>0xb66</size>
         <input_file_ref idref="fl-1d"/>
      </object_component>
      <object_component id="oc-70">
         <name>.debug_info</name>
         <load_address>0xecc6</load_address>
         <run_address>0xecc6</run_address>
         <size>0x103b</size>
         <input_file_ref idref="fl-1e"/>
      </object_component>
      <object_component id="oc-74">
         <name>.debug_info</name>
         <load_address>0xfd01</load_address>
         <run_address>0xfd01</run_address>
         <size>0xf0d</size>
         <input_file_ref idref="fl-1f"/>
      </object_component>
      <object_component id="oc-78">
         <name>.debug_info</name>
         <load_address>0x10c0e</load_address>
         <run_address>0x10c0e</run_address>
         <size>0x27ab</size>
         <input_file_ref idref="fl-20"/>
      </object_component>
      <object_component id="oc-7d">
         <name>.debug_info</name>
         <load_address>0x133b9</load_address>
         <run_address>0x133b9</run_address>
         <size>0xf63</size>
         <input_file_ref idref="fl-21"/>
      </object_component>
      <object_component id="oc-82">
         <name>.debug_info</name>
         <load_address>0x1431c</load_address>
         <run_address>0x1431c</run_address>
         <size>0x1400</size>
         <input_file_ref idref="fl-22"/>
      </object_component>
      <object_component id="oc-86">
         <name>.debug_info</name>
         <load_address>0x1571c</load_address>
         <run_address>0x1571c</run_address>
         <size>0x8e9</size>
         <input_file_ref idref="fl-23"/>
      </object_component>
      <object_component id="oc-89">
         <name>.debug_info</name>
         <load_address>0x16005</load_address>
         <run_address>0x16005</run_address>
         <size>0x2674</size>
         <input_file_ref idref="fl-24"/>
      </object_component>
      <object_component id="oc-8d">
         <name>.debug_info</name>
         <load_address>0x18679</load_address>
         <run_address>0x18679</run_address>
         <size>0x6d5</size>
         <input_file_ref idref="fl-25"/>
      </object_component>
      <object_component id="oc-90">
         <name>.debug_info</name>
         <load_address>0x18d4e</load_address>
         <run_address>0x18d4e</run_address>
         <size>0x5e1</size>
         <input_file_ref idref="fl-26"/>
      </object_component>
      <object_component id="oc-92">
         <name>.debug_info</name>
         <load_address>0x1932f</load_address>
         <run_address>0x1932f</run_address>
         <size>0x6ce</size>
         <input_file_ref idref="fl-27"/>
      </object_component>
      <object_component id="oc-96">
         <name>.debug_info</name>
         <load_address>0x199fd</load_address>
         <run_address>0x199fd</run_address>
         <size>0xbd</size>
         <input_file_ref idref="fl-28"/>
      </object_component>
      <object_component id="oc-99">
         <name>.debug_info</name>
         <load_address>0x19aba</load_address>
         <run_address>0x19aba</run_address>
         <size>0x67e</size>
         <input_file_ref idref="fl-29"/>
      </object_component>
      <object_component id="oc-9c">
         <name>.debug_info</name>
         <load_address>0x1a138</load_address>
         <run_address>0x1a138</run_address>
         <size>0x697</size>
         <input_file_ref idref="fl-2a"/>
      </object_component>
      <object_component id="oc-9f">
         <name>.debug_info</name>
         <load_address>0x1a7cf</load_address>
         <run_address>0x1a7cf</run_address>
         <size>0x811</size>
         <input_file_ref idref="fl-2b"/>
      </object_component>
      <object_component id="oc-a2">
         <name>.debug_info</name>
         <load_address>0x1afe0</load_address>
         <run_address>0x1afe0</run_address>
         <size>0xa9d</size>
         <input_file_ref idref="fl-2c"/>
      </object_component>
      <object_component id="oc-a6">
         <name>.debug_info</name>
         <load_address>0x1ba7d</load_address>
         <run_address>0x1ba7d</run_address>
         <size>0x78a</size>
         <input_file_ref idref="fl-2d"/>
      </object_component>
      <object_component id="oc-a9">
         <name>.debug_info</name>
         <load_address>0x1c207</load_address>
         <run_address>0x1c207</run_address>
         <size>0x785</size>
         <input_file_ref idref="fl-2e"/>
      </object_component>
      <object_component id="oc-ac">
         <name>.debug_info</name>
         <load_address>0x1c98c</load_address>
         <run_address>0x1c98c</run_address>
         <size>0x7fd</size>
         <input_file_ref idref="fl-2f"/>
      </object_component>
      <object_component id="oc-af">
         <name>.debug_info</name>
         <load_address>0x1d189</load_address>
         <run_address>0x1d189</run_address>
         <size>0xe70</size>
         <input_file_ref idref="fl-30"/>
      </object_component>
      <object_component id="oc-b4">
         <name>.debug_info</name>
         <load_address>0x1dff9</load_address>
         <run_address>0x1dff9</run_address>
         <size>0x716</size>
         <input_file_ref idref="fl-31"/>
      </object_component>
      <object_component id="oc-b7">
         <name>.debug_info</name>
         <load_address>0x1e70f</load_address>
         <run_address>0x1e70f</run_address>
         <size>0x6b9</size>
         <input_file_ref idref="fl-32"/>
      </object_component>
      <object_component id="oc-ba">
         <name>.debug_info</name>
         <load_address>0x1edc8</load_address>
         <run_address>0x1edc8</run_address>
         <size>0x79d</size>
         <input_file_ref idref="fl-33"/>
      </object_component>
      <object_component id="oc-bd">
         <name>.debug_info</name>
         <load_address>0x1f565</load_address>
         <run_address>0x1f565</run_address>
         <size>0x5ff</size>
         <input_file_ref idref="fl-34"/>
      </object_component>
      <object_component id="oc-c0">
         <name>.debug_info</name>
         <load_address>0x1fb64</load_address>
         <run_address>0x1fb64</run_address>
         <size>0xdc3</size>
         <input_file_ref idref="fl-35"/>
      </object_component>
      <object_component id="oc-c4">
         <name>.debug_info</name>
         <load_address>0x20927</load_address>
         <run_address>0x20927</run_address>
         <size>0x850</size>
         <input_file_ref idref="fl-36"/>
      </object_component>
      <object_component id="oc-c8">
         <name>.debug_info</name>
         <load_address>0x21177</load_address>
         <run_address>0x21177</run_address>
         <size>0x741</size>
         <input_file_ref idref="fl-37"/>
      </object_component>
      <object_component id="oc-cb">
         <name>.debug_info</name>
         <load_address>0x218b8</load_address>
         <run_address>0x218b8</run_address>
         <size>0x5b3</size>
         <input_file_ref idref="fl-38"/>
      </object_component>
      <object_component id="oc-ce">
         <name>.debug_info</name>
         <load_address>0x21e6b</load_address>
         <run_address>0x21e6b</run_address>
         <size>0x768</size>
         <input_file_ref idref="fl-39"/>
      </object_component>
      <object_component id="oc-d1">
         <name>.debug_info</name>
         <load_address>0x225d3</load_address>
         <run_address>0x225d3</run_address>
         <size>0x7a0</size>
         <input_file_ref idref="fl-3a"/>
      </object_component>
      <object_component id="oc-d4">
         <name>.debug_info</name>
         <load_address>0x22d73</load_address>
         <run_address>0x22d73</run_address>
         <size>0x7f3</size>
         <input_file_ref idref="fl-3b"/>
      </object_component>
      <object_component id="oc-d7">
         <name>.debug_info</name>
         <load_address>0x23566</load_address>
         <run_address>0x23566</run_address>
         <size>0x852</size>
         <input_file_ref idref="fl-3c"/>
      </object_component>
      <object_component id="oc-dc">
         <name>.debug_info</name>
         <load_address>0x23db8</load_address>
         <run_address>0x23db8</run_address>
         <size>0x7ed</size>
         <input_file_ref idref="fl-3d"/>
      </object_component>
      <object_component id="oc-df">
         <name>.debug_info</name>
         <load_address>0x245a5</load_address>
         <run_address>0x245a5</run_address>
         <size>0x64b</size>
         <input_file_ref idref="fl-3e"/>
      </object_component>
      <object_component id="oc-157">
         <name>.debug_info</name>
         <load_address>0x24bf0</load_address>
         <run_address>0x24bf0</run_address>
         <size>0x6d</size>
      </object_component>
      <object_component id="oc-13">
         <name>.debug_frame</name>
         <load_address>0x0</load_address>
         <run_address>0x0</run_address>
         <size>0x44d</size>
         <input_file_ref idref="fl-2"/>
      </object_component>
      <object_component id="oc-1b">
         <name>.debug_frame</name>
         <load_address>0x44d</load_address>
         <run_address>0x44d</run_address>
         <size>0x2eb</size>
         <input_file_ref idref="fl-3"/>
      </object_component>
      <object_component id="oc-6d">
         <name>.debug_frame</name>
         <load_address>0x738</load_address>
         <run_address>0x738</run_address>
         <size>0x2b9</size>
         <input_file_ref idref="fl-1d"/>
      </object_component>
      <object_component id="oc-71">
         <name>.debug_frame</name>
         <load_address>0x9f1</load_address>
         <run_address>0x9f1</run_address>
         <size>0x2d0</size>
         <input_file_ref idref="fl-1e"/>
      </object_component>
      <object_component id="oc-75">
         <name>.debug_frame</name>
         <load_address>0xcc1</load_address>
         <run_address>0xcc1</run_address>
         <size>0x29a</size>
         <input_file_ref idref="fl-1f"/>
      </object_component>
      <object_component id="oc-7a">
         <name>.debug_frame</name>
         <load_address>0xf5b</load_address>
         <run_address>0xf5b</run_address>
         <size>0x38b</size>
         <input_file_ref idref="fl-20"/>
      </object_component>
      <object_component id="oc-7e">
         <name>.debug_frame</name>
         <load_address>0x12e6</load_address>
         <run_address>0x12e6</run_address>
         <size>0x2da</size>
         <input_file_ref idref="fl-21"/>
      </object_component>
      <object_component id="oc-83">
         <name>.debug_frame</name>
         <load_address>0x15c0</load_address>
         <run_address>0x15c0</run_address>
         <size>0x29c</size>
         <input_file_ref idref="fl-22"/>
      </object_component>
      <object_component id="oc-14">
         <name>.debug_line</name>
         <load_address>0x0</load_address>
         <run_address>0x0</run_address>
         <size>0x692</size>
         <input_file_ref idref="fl-2"/>
      </object_component>
      <object_component id="oc-1c">
         <name>.debug_line</name>
         <load_address>0x692</load_address>
         <run_address>0x692</run_address>
         <size>0x1b3</size>
         <input_file_ref idref="fl-3"/>
      </object_component>
      <object_component id="oc-21">
         <name>.debug_line</name>
         <load_address>0x845</load_address>
         <run_address>0x845</run_address>
         <size>0x102</size>
         <input_file_ref idref="fl-4"/>
      </object_component>
      <object_component id="oc-25">
         <name>.debug_line</name>
         <load_address>0x947</load_address>
         <run_address>0x947</run_address>
         <size>0x3d</size>
         <input_file_ref idref="fl-9"/>
      </object_component>
      <object_component id="oc-2a">
         <name>.debug_line</name>
         <load_address>0x984</load_address>
         <run_address>0x984</run_address>
         <size>0x54</size>
         <input_file_ref idref="fl-a"/>
      </object_component>
      <object_component id="oc-2d">
         <name>.debug_line</name>
         <load_address>0x9d8</load_address>
         <run_address>0x9d8</run_address>
         <size>0x3c</size>
         <input_file_ref idref="fl-b"/>
      </object_component>
      <object_component id="oc-32">
         <name>.debug_line</name>
         <load_address>0xa14</load_address>
         <run_address>0xa14</run_address>
         <size>0x4f</size>
         <input_file_ref idref="fl-c"/>
      </object_component>
      <object_component id="oc-35">
         <name>.debug_line</name>
         <load_address>0xa63</load_address>
         <run_address>0xa63</run_address>
         <size>0x3e</size>
         <input_file_ref idref="fl-d"/>
      </object_component>
      <object_component id="oc-38">
         <name>.debug_line</name>
         <load_address>0xaa1</load_address>
         <run_address>0xaa1</run_address>
         <size>0x56</size>
         <input_file_ref idref="fl-e"/>
      </object_component>
      <object_component id="oc-3e">
         <name>.debug_line</name>
         <load_address>0xaf7</load_address>
         <run_address>0xaf7</run_address>
         <size>0xa7</size>
         <input_file_ref idref="fl-f"/>
      </object_component>
      <object_component id="oc-41">
         <name>.debug_line</name>
         <load_address>0xb9e</load_address>
         <run_address>0xb9e</run_address>
         <size>0x37</size>
         <input_file_ref idref="fl-10"/>
      </object_component>
      <object_component id="oc-44">
         <name>.debug_line</name>
         <load_address>0xbd5</load_address>
         <run_address>0xbd5</run_address>
         <size>0x43</size>
         <input_file_ref idref="fl-11"/>
      </object_component>
      <object_component id="oc-47">
         <name>.debug_line</name>
         <load_address>0xc18</load_address>
         <run_address>0xc18</run_address>
         <size>0x38</size>
         <input_file_ref idref="fl-12"/>
      </object_component>
      <object_component id="oc-4c">
         <name>.debug_line</name>
         <load_address>0xc50</load_address>
         <run_address>0xc50</run_address>
         <size>0x50</size>
         <input_file_ref idref="fl-13"/>
      </object_component>
      <object_component id="oc-4f">
         <name>.debug_line</name>
         <load_address>0xca0</load_address>
         <run_address>0xca0</run_address>
         <size>0x68</size>
         <input_file_ref idref="fl-14"/>
      </object_component>
      <object_component id="oc-52">
         <name>.debug_line</name>
         <load_address>0xd08</load_address>
         <run_address>0xd08</run_address>
         <size>0x38</size>
         <input_file_ref idref="fl-15"/>
      </object_component>
      <object_component id="oc-57">
         <name>.debug_line</name>
         <load_address>0xd40</load_address>
         <run_address>0xd40</run_address>
         <size>0x35</size>
         <input_file_ref idref="fl-16"/>
      </object_component>
      <object_component id="oc-5a">
         <name>.debug_line</name>
         <load_address>0xd75</load_address>
         <run_address>0xd75</run_address>
         <size>0x3f</size>
         <input_file_ref idref="fl-17"/>
      </object_component>
      <object_component id="oc-5d">
         <name>.debug_line</name>
         <load_address>0xdb4</load_address>
         <run_address>0xdb4</run_address>
         <size>0x49</size>
         <input_file_ref idref="fl-18"/>
      </object_component>
      <object_component id="oc-60">
         <name>.debug_line</name>
         <load_address>0xdfd</load_address>
         <run_address>0xdfd</run_address>
         <size>0x45</size>
         <input_file_ref idref="fl-19"/>
      </object_component>
      <object_component id="oc-63">
         <name>.debug_line</name>
         <load_address>0xe42</load_address>
         <run_address>0xe42</run_address>
         <size>0x44</size>
         <input_file_ref idref="fl-1a"/>
      </object_component>
      <object_component id="oc-6a">
         <name>.debug_line</name>
         <load_address>0xe86</load_address>
         <run_address>0xe86</run_address>
         <size>0x4a</size>
         <input_file_ref idref="fl-1c"/>
      </object_component>
      <object_component id="oc-6e">
         <name>.debug_line</name>
         <load_address>0xed0</load_address>
         <run_address>0xed0</run_address>
         <size>0xd8</size>
         <input_file_ref idref="fl-1d"/>
      </object_component>
      <object_component id="oc-72">
         <name>.debug_line</name>
         <load_address>0xfa8</load_address>
         <run_address>0xfa8</run_address>
         <size>0x1ba</size>
         <input_file_ref idref="fl-1e"/>
      </object_component>
      <object_component id="oc-76">
         <name>.debug_line</name>
         <load_address>0x1162</load_address>
         <run_address>0x1162</run_address>
         <size>0xad</size>
         <input_file_ref idref="fl-1f"/>
      </object_component>
      <object_component id="oc-7b">
         <name>.debug_line</name>
         <load_address>0x120f</load_address>
         <run_address>0x120f</run_address>
         <size>0x2d8</size>
         <input_file_ref idref="fl-20"/>
      </object_component>
      <object_component id="oc-7f">
         <name>.debug_line</name>
         <load_address>0x14e7</load_address>
         <run_address>0x14e7</run_address>
         <size>0x169</size>
         <input_file_ref idref="fl-21"/>
      </object_component>
      <object_component id="oc-84">
         <name>.debug_line</name>
         <load_address>0x1650</load_address>
         <run_address>0x1650</run_address>
         <size>0x143</size>
         <input_file_ref idref="fl-22"/>
      </object_component>
      <object_component id="oc-87">
         <name>.debug_line</name>
         <load_address>0x1793</load_address>
         <run_address>0x1793</run_address>
         <size>0x6a</size>
         <input_file_ref idref="fl-23"/>
      </object_component>
      <object_component id="oc-8b">
         <name>.debug_line</name>
         <load_address>0x17fd</load_address>
         <run_address>0x17fd</run_address>
         <size>0x31a</size>
         <input_file_ref idref="fl-24"/>
      </object_component>
      <object_component id="oc-8e">
         <name>.debug_line</name>
         <load_address>0x1b17</load_address>
         <run_address>0x1b17</run_address>
         <size>0x45</size>
         <input_file_ref idref="fl-25"/>
      </object_component>
      <object_component id="oc-97">
         <name>.debug_line</name>
         <load_address>0x1b5c</load_address>
         <run_address>0x1b5c</run_address>
         <size>0x44</size>
         <input_file_ref idref="fl-28"/>
      </object_component>
      <object_component id="oc-9a">
         <name>.debug_line</name>
         <load_address>0x1ba0</load_address>
         <run_address>0x1ba0</run_address>
         <size>0x3d</size>
         <input_file_ref idref="fl-29"/>
      </object_component>
      <object_component id="oc-9d">
         <name>.debug_line</name>
         <load_address>0x1bdd</load_address>
         <run_address>0x1bdd</run_address>
         <size>0x3d</size>
         <input_file_ref idref="fl-2a"/>
      </object_component>
      <object_component id="oc-a0">
         <name>.debug_line</name>
         <load_address>0x1c1a</load_address>
         <run_address>0x1c1a</run_address>
         <size>0x3f</size>
         <input_file_ref idref="fl-2b"/>
      </object_component>
      <object_component id="oc-a4">
         <name>.debug_line</name>
         <load_address>0x1c59</load_address>
         <run_address>0x1c59</run_address>
         <size>0x93</size>
         <input_file_ref idref="fl-2c"/>
      </object_component>
      <object_component id="oc-a7">
         <name>.debug_line</name>
         <load_address>0x1cec</load_address>
         <run_address>0x1cec</run_address>
         <size>0x73</size>
         <input_file_ref idref="fl-2d"/>
      </object_component>
      <object_component id="oc-aa">
         <name>.debug_line</name>
         <load_address>0x1d5f</load_address>
         <run_address>0x1d5f</run_address>
         <size>0x61</size>
         <input_file_ref idref="fl-2e"/>
      </object_component>
      <object_component id="oc-ad">
         <name>.debug_line</name>
         <load_address>0x1dc0</load_address>
         <run_address>0x1dc0</run_address>
         <size>0x38</size>
         <input_file_ref idref="fl-2f"/>
      </object_component>
      <object_component id="oc-b2">
         <name>.debug_line</name>
         <load_address>0x1df8</load_address>
         <run_address>0x1df8</run_address>
         <size>0xf5</size>
         <input_file_ref idref="fl-30"/>
      </object_component>
      <object_component id="oc-b5">
         <name>.debug_line</name>
         <load_address>0x1eed</load_address>
         <run_address>0x1eed</run_address>
         <size>0x40</size>
         <input_file_ref idref="fl-31"/>
      </object_component>
      <object_component id="oc-b8">
         <name>.debug_line</name>
         <load_address>0x1f2d</load_address>
         <run_address>0x1f2d</run_address>
         <size>0x3f</size>
         <input_file_ref idref="fl-32"/>
      </object_component>
      <object_component id="oc-bb">
         <name>.debug_line</name>
         <load_address>0x1f6c</load_address>
         <run_address>0x1f6c</run_address>
         <size>0x46</size>
         <input_file_ref idref="fl-33"/>
      </object_component>
      <object_component id="oc-be">
         <name>.debug_line</name>
         <load_address>0x1fb2</load_address>
         <run_address>0x1fb2</run_address>
         <size>0x39</size>
         <input_file_ref idref="fl-34"/>
      </object_component>
      <object_component id="oc-c2">
         <name>.debug_line</name>
         <load_address>0x1feb</load_address>
         <run_address>0x1feb</run_address>
         <size>0x126</size>
         <input_file_ref idref="fl-35"/>
      </object_component>
      <object_component id="oc-c6">
         <name>.debug_line</name>
         <load_address>0x2111</load_address>
         <run_address>0x2111</run_address>
         <size>0x66</size>
         <input_file_ref idref="fl-36"/>
      </object_component>
      <object_component id="oc-c9">
         <name>.debug_line</name>
         <load_address>0x2177</load_address>
         <run_address>0x2177</run_address>
         <size>0x40</size>
         <input_file_ref idref="fl-37"/>
      </object_component>
      <object_component id="oc-cc">
         <name>.debug_line</name>
         <load_address>0x21b7</load_address>
         <run_address>0x21b7</run_address>
         <size>0x23</size>
         <input_file_ref idref="fl-38"/>
      </object_component>
      <object_component id="oc-cf">
         <name>.debug_line</name>
         <load_address>0x21da</load_address>
         <run_address>0x21da</run_address>
         <size>0x3e</size>
         <input_file_ref idref="fl-39"/>
      </object_component>
      <object_component id="oc-d2">
         <name>.debug_line</name>
         <load_address>0x2218</load_address>
         <run_address>0x2218</run_address>
         <size>0x3c</size>
         <input_file_ref idref="fl-3a"/>
      </object_component>
      <object_component id="oc-d5">
         <name>.debug_line</name>
         <load_address>0x2254</load_address>
         <run_address>0x2254</run_address>
         <size>0x3f</size>
         <input_file_ref idref="fl-3b"/>
      </object_component>
      <object_component id="oc-da">
         <name>.debug_line</name>
         <load_address>0x2293</load_address>
         <run_address>0x2293</run_address>
         <size>0x42</size>
         <input_file_ref idref="fl-3c"/>
      </object_component>
      <object_component id="oc-dd">
         <name>.debug_line</name>
         <load_address>0x22d5</load_address>
         <run_address>0x22d5</run_address>
         <size>0x3e</size>
         <input_file_ref idref="fl-3d"/>
      </object_component>
      <object_component id="oc-e0">
         <name>.debug_line</name>
         <load_address>0x2313</load_address>
         <run_address>0x2313</run_address>
         <size>0x39</size>
         <input_file_ref idref="fl-3e"/>
      </object_component>
      <object_component id="oc-15">
         <name>.debug_abbrev</name>
         <load_address>0x0</load_address>
         <run_address>0x0</run_address>
         <size>0x230</size>
         <input_file_ref idref="fl-2"/>
      </object_component>
      <object_component id="oc-1d">
         <name>.debug_abbrev</name>
         <load_address>0x230</load_address>
         <run_address>0x230</run_address>
         <size>0x191</size>
         <input_file_ref idref="fl-3"/>
      </object_component>
      <object_component id="oc-22">
         <name>.debug_abbrev</name>
         <load_address>0x3c1</load_address>
[...]
      </symbol>
      <symbol id="sm-1cb">
         <name>_vector12</name>
         <value>0x11823580</value>
         <object_component_ref idref="oc-1f"/>
      </symbol>
      <symbol id="sm-1cc">
         <name>_vector13</name>
         <value>0x118235a0</value>
         <object_component_ref idref="oc-1f"/>
      </symbol>
      <symbol id="sm-1cd">
         <name>_vector14</name>
         <value>0x118235c0</value>
         <object_component_ref idref="oc-1f"/>
      </symbol>
      <symbol id="sm-1ce">
         <name>_vector15</name>
         <value>0x118235e0</value>
         <object_component_ref idref="oc-1f"/>
      </symbol>
      <symbol id="sm-1cf">
         <name>_vectors</name>
         <value>0x11823400</value>
         <object_component_ref idref="oc-1f"/>
      </symbol>
      <symbol id="sm-1d0">
         <name>_vector1</name>
         <value>0x11823420</value>
         <object_component_ref idref="oc-1f"/>
      </symbol>
      <symbol id="sm-1d1">
         <name>_vector3</name>
         <value>0x11823460</value>
         <object_component_ref idref="oc-1f"/>
      </symbol>
      <symbol id="sm-1d2">
         <name>_vector2</name>
         <value>0x11823440</value>
         <object_component_ref idref="oc-1f"/>
      </symbol>
      <symbol id="sm-1d3">
         <name>_vector5</name>
         <value>0x118234a0</value>
         <object_component_ref idref="oc-1f"/>
      </symbol>
      <symbol id="sm-1d4">
         <name>_vector7</name>
         <value>0x118234e0</value>
         <object_component_ref idref="oc-1f"/>
      </symbol>
      <symbol id="sm-1d5">
         <name>_vector6</name>
         <value>0x118234c0</value>
         <object_component_ref idref="oc-1f"/>
      </symbol>
      <symbol id="sm-1d6">
         <name>_vector9</name>
         <value>0x11823520</value>
         <object_component_ref idref="oc-1f"/>
      </symbol>
      <symbol id="sm-1d7">
         <name>_vector8</name>
         <value>0x11823500</value>
         <object_component_ref idref="oc-1f"/>
      </symbol>
      <symbol id="sm-1e6">
         <name>_c_int00</name>
         <value>0x11819bc0</value>
         <object_component_ref idref="oc-e"/>
      </symbol>
      <symbol id="sm-1e7">
         <name>__stack</name>
         <value>0x11822a88</value>
         <object_component_ref idref="oc-24"/>
      </symbol>
      <symbol id="sm-1fd">
         <name>_cos</name>
         <value>0x11815260</value>
         <object_component_ref idref="oc-f5"/>
      </symbol>
      <symbol id="sm-20f">
         <name>__divd</name>
         <value>0x11812c20</value>
         <object_component_ref idref="oc-f4"/>
      </symbol>
      <symbol id="sm-226">
         <name>C$$EXIT</name>
         <value>0x1181a0e0</value>
         <object_component_ref idref="oc-f1"/>
      </symbol>
      <symbol id="sm-227">
         <name>_exit</name>
         <value>0x11818ea0</value>
         <object_component_ref idref="oc-e4"/>
      </symbol>
      <symbol id="sm-228">
         <name>___TI_enable_exit_profile_output</name>
         <value>0x1181ea10</value>
         <object_component_ref idref="oc-31"/>
      </symbol>
      <symbol id="sm-229">
         <name>_abort</name>
         <value>0x1181a0e0</value>
         <object_component_ref idref="oc-f1"/>
      </symbol>
      <symbol id="sm-22a">
         <name>__cleanup_ptr</name>
         <value>0x1181ea08</value>
         <object_component_ref idref="oc-31"/>
      </symbol>
      <symbol id="sm-22b">
         <name>__dtors_ptr</name>
         <value>0x1181ea0c</value>
         <object_component_ref idref="oc-31"/>
      </symbol>
      <symbol id="sm-235">
         <name>__frcmpyd_div</name>
         <value>0x11819f80</value>
         <object_component_ref idref="oc-fb"/>
      </symbol>
      <symbol id="sm-243">
         <name>__llshl</name>
         <value>0x11819b40</value>
         <object_component_ref idref="oc-13b"/>
      </symbol>
      <symbol id="sm-244">
         <name>__llshru</name>
         <value>0x11819fc0</value>
         <object_component_ref idref="oc-fa"/>
      </symbol>
      <symbol id="sm-27d">
         <name>__sys_memory</name>
         <value>0x11800000</value>
         <object_component_ref idref="oc-3d"/>
      </symbol>
      <symbol id="sm-27e">
         <name>_free</name>
         <value>0x11815d40</value>
         <object_component_ref idref="oc-128"/>
      </symbol>
      <symbol id="sm-27f">
         <name>_malloc</name>
         <value>0x118179e0</value>
         <object_component_ref idref="oc-101"/>
      </symbol>
      <symbol id="sm-28b">
         <name>_modf</name>
         <value>0x11819840</value>
         <object_component_ref idref="oc-fe"/>
      </symbol>
      <symbol id="sm-294">
         <name>__remi</name>
         <value>0x11818de0</value>
         <object_component_ref idref="oc-f7"/>
      </symbol>
      <symbol id="sm-295">
         <name>__c6xabi_remi</name>
         <value>0x11818de0</value>
         <object_component_ref idref="oc-f7"/>
      </symbol>
      <symbol id="sm-29f">
         <name>__nround</name>
         <value>0x118193e0</value>
         <object_component_ref idref="oc-fd"/>
      </symbol>
      <symbol id="sm-2b4">
         <name>_sin</name>
         <value>0x11815fc0</value>
         <object_component_ref idref="oc-f6"/>
      </symbol>
      <symbol id="sm-2c0">
         <name>_sqrt</name>
         <value>0x11818340</value>
         <object_component_ref idref="oc-f8"/>
      </symbol>
      <symbol id="sm-2ca">
         <name>__trunc</name>
         <value>0x1181a0c0</value>
         <object_component_ref idref="oc-fc"/>
      </symbol>
      <symbol id="sm-2d8">
         <name>__unlock</name>
         <value>0x1181ea20</value>
         <object_component_ref idref="oc-56"/>
      </symbol>
      <symbol id="sm-2d9">
         <name>__lock</name>
         <value>0x1181ea1c</value>
         <object_component_ref idref="oc-56"/>
      </symbol>
      <symbol id="sm-2da">
         <name>__nop</name>
         <value>0x1181a060</value>
         <object_component_ref idref="oc-e5"/>
      </symbol>
      <symbol id="sm-2e4">
         <name>__args_main</name>
         <value>0x11819f40</value>
         <object_component_ref idref="oc-e3"/>
      </symbol>
      <symbol id="sm-2e5">
         <name>__TI_args_main</name>
         <value>0x1</value>
      </symbol>
      <symbol id="sm-2f4">
         <name>__auto_init</name>
         <value>0x11818ae0</value>
         <object_component_ref idref="oc-e2"/>
      </symbol>
      <symbol id="sm-301">
         <name>___TI_cpp_init</name>
         <value>0x11819d40</value>
         <object_component_ref idref="oc-ef"/>
      </symbol>
      <symbol id="sm-30f">
         <name>_copy_in</name>
         <value>0x11819520</value>
         <object_component_ref idref="oc-ed"/>
      </symbol>
      <symbol id="sm-319">
         <name>_errno</name>
         <value>0x1181e864</value>
         <object_component_ref idref="oc-67"/>
      </symbol>
      <symbol id="sm-321">
         <name>_memcpy</name>
         <value>0x11819700</value>
         <object_component_ref idref="oc-ee"/>
      </symbol>
      <symbol id="sm-330">
         <name>_USTIMER_get</name>
         <value>0x11817324</value>
         <object_component_ref idref="oc-102"/>
      </symbol>
      <symbol id="sm-331">
         <name>_USTIMER_delay</name>
         <value>0x11817264</value>
         <object_component_ref idref="oc-102"/>
      </symbol>
      <symbol id="sm-332">
         <name>_USTIMER_set</name>
         <value>0x11817338</value>
         <object_component_ref idref="oc-102"/>
      </symbol>
      <symbol id="sm-333">
         <name>_USTIMER_init</name>
         <value>0x11817180</value>
         <object_component_ref idref="oc-102"/>
      </symbol>
      <symbol id="sm-334">
         <name>_USTIMER_reset</name>
         <value>0x118172f4</value>
         <object_component_ref idref="oc-102"/>
      </symbol>
      <symbol id="sm-36e">
         <name>_GPIO_getInput</name>
         <value>0x118148b8</value>
         <object_component_ref idref="oc-100"/>
      </symbol>
      <symbol id="sm-36f">
         <name>_GPIO_setDir</name>
         <value>0x11814840</value>
         <object_component_ref idref="oc-100"/>
      </symbol>
      <symbol id="sm-370">
         <name>_GPIO_toggleLoop</name>
         <value>0x118149ac</value>
         <object_component_ref idref="oc-100"/>
      </symbol>
      <symbol id="sm-371">
         <name>_GPIO_setOutput</name>
         <value>0x1181492c</value>
         <object_component_ref idref="oc-100"/>
      </symbol>
      <symbol id="sm-39d">
         <name>_AIC3106_writeRegister</name>
         <value>0x11817810</value>
         <object_component_ref idref="oc-ff"/>
      </symbol>
      <symbol id="sm-39e">
         <name>_AIC3106_init</name>
         <value>0x118176c0</value>
         <object_component_ref idref="oc-ff"/>
      </symbol>
      <symbol id="sm-39f">
         <name>_AIC3106_readRegister</name>
         <value>0x118177b8</value>
         <object_component_ref idref="oc-ff"/>
      </symbol>
      <symbol id="sm-43c">
         <name>_config_pll1</name>
         <value>0x11811fa4</value>
         <object_component_ref idref="oc-103"/>
      </symbol>
      <symbol id="sm-43d">
         <name>_config_pll0</name>
         <value>0x11811d68</value>
         <object_component_ref idref="oc-103"/>
      </symbol>
      <symbol id="sm-43e">
         <name>_UTIL_isUIBoardAttached</name>
         <value>0x118122e0</value>
         <object_component_ref idref="oc-103"/>
      </symbol>
      <symbol id="sm-43f">
         <name>_EVMOMAPL138_initRAM</name>
         <value>0x1181170c</value>
         <object_component_ref idref="oc-103"/>
      </symbol>
      <symbol id="sm-440">
         <name>_EVMOMAPL138_lpscTransition</name>
         <value>0x11811990</value>
         <object_component_ref idref="oc-103"/>
      </symbol>
      <symbol id="sm-441">
         <name>_EVMOMAPL138_enableDsp</name>
         <value>0x118118c8</value>
         <object_component_ref idref="oc-103"/>
      </symbol>
      <symbol id="sm-442">
         <name>_EVMOMAPL138_init</name>
         <value>0x118116e0</value>
         <object_component_ref idref="oc-103"/>
      </symbol>
      <symbol id="sm-443">
         <name>_UTIL_printMem</name>
         <value>0x11812188</value>
         <object_component_ref idref="oc-103"/>
      </symbol>
      <symbol id="sm-444">
         <name>_EVMOMAPL138_pinmuxConfig</name>
         <value>0x118118f4</value>
         <object_component_ref idref="oc-103"/>
      </symbol>
      <symbol id="sm-445">
         <name>_bitval_u32</name>
         <value>0x11823708</value>
         <object_component_ref idref="oc-106"/>
      </symbol>
      <symbol id="sm-473">
         <name>_I2CGPIO_getInput</name>
         <value>0x11813814</value>
         <object_component_ref idref="oc-10a"/>
      </symbol>
      <symbol id="sm-474">
         <name>_I2CGPIO_setOutputAll</name>
         <value>0x11813b88</value>
         <object_component_ref idref="oc-10a"/>
      </symbol>
      <symbol id="sm-475">
         <name>_I2CGPIO_setOutput</name>
         <value>0x11813a40</value>
         <object_component_ref idref="oc-10a"/>
      </symbol>
      <symbol id="sm-476">
         <name>_I2CGPIO_getInputAll</name>
         <value>0x11813930</value>
         <object_component_ref idref="oc-10a"/>
      </symbol>
      <symbol id="sm-477">
         <name>_I2CGPIO_init</name>
         <value>0x11813740</value>
         <object_component_ref idref="oc-10a"/>
      </symbol>
      <symbol id="sm-4c0">
         <name>_I2C_read</name>
         <value>0x11814cac</value>
         <object_component_ref idref="oc-104"/>
      </symbol>
      <symbol id="sm-4c1">
         <name>_I2C_write</name>
         <value>0x11814e08</value>
         <object_component_ref idref="oc-104"/>
      </symbol>
      <symbol id="sm-4c2">
         <name>_I2C_init</name>
         <value>0x11814bc0</value>
         <object_component_ref idref="oc-104"/>
      </symbol>
      <symbol id="sm-4d7">
         <name>_printf</name>
         <value>0x118187c0</value>
         <object_component_ref idref="oc-109"/>
      </symbol>
      <symbol id="sm-5e1">
         <name>__printfi</name>
         <value>0x11813c20</value>
         <object_component_ref idref="oc-10c"/>
      </symbol>
      <symbol id="sm-5ef">
         <name>_atoi</name>
         <value>0x11818520</value>
         <object_component_ref idref="oc-118"/>
      </symbol>
      <symbol id="sm-5f7">
         <name>__ctypes_</name>
         <value>0x11823600</value>
         <object_component_ref idref="oc-11e"/>
      </symbol>
      <symbol id="sm-601">
         <name>__tmpnams</name>
         <value>0x1181e720</value>
         <object_component_ref idref="oc-94"/>
      </symbol>
      <symbol id="sm-602">
         <name>__ft_end</name>
         <value>0x1181e860</value>
         <object_component_ref idref="oc-94"/>
      </symbol>
      <symbol id="sm-603">
         <name>__ftable</name>
         <value>0x1181e540</value>
         <object_component_ref idref="oc-94"/>
      </symbol>
      <symbol id="sm-60c">
         <name>__c6xabi_divu</name>
         <value>0x11818c60</value>
         <object_component_ref idref="oc-134"/>
      </symbol>
      <symbol id="sm-60d">
         <name>__divu</name>
         <value>0x11818c60</value>
         <object_component_ref idref="oc-134"/>
      </symbol>
      <symbol id="sm-61a">
         <name>__fixdli</name>
         <value>0x11819340</value>
         <object_component_ref idref="oc-131"/>
      </symbol>
      <symbol id="sm-625">
         <name>__fltlid</name>
         <value>0x11819ac0</value>
         <object_component_ref idref="oc-133"/>
      </symbol>
      <symbol id="sm-640">
         <name>_putc</name>
         <value>0x11816b60</value>
         <object_component_ref idref="oc-113"/>
      </symbol>
      <symbol id="sm-641">
         <name>_fputc</name>
         <value>0x11816b60</value>
         <object_component_ref idref="oc-113"/>
      </symbol>
      <symbol id="sm-663">
         <name>_fputs</name>
         <value>0x118144a0</value>
         <object_component_ref idref="oc-10e"/>
      </symbol>
      <symbol id="sm-673">
         <name>__divul</name>
         <value>0x11817520</value>
         <object_component_ref idref="oc-135"/>
      </symbol>
      <symbol id="sm-674">
         <name>__remli</name>
         <value>0x1181a000</value>
         <object_component_ref idref="oc-139"/>
      </symbol>
      <symbol id="sm-675">
         <name>__divli</name>
         <value>0x11819160</value>
         <object_component_ref idref="oc-13a"/>
      </symbol>
      <symbol id="sm-689">
         <name>__subcull</name>
         <value>0x11819da0</value>
         <object_component_ref idref="oc-13c"/>
      </symbol>
      <symbol id="sm-68a">
         <name>__divull</name>
         <value>0x11816240</value>
         <object_component_ref idref="oc-136"/>
      </symbol>
      <symbol id="sm-694">
         <name>___isinf</name>
         <value>0x11819ec0</value>
         <object_component_ref idref="oc-120"/>
      </symbol>
      <symbol id="sm-6d1">
         <name>_unlink</name>
         <value>0x11819cc0</value>
         <object_component_ref idref="oc-13d"/>
      </symbol>
      <symbol id="sm-6d2">
         <name>_lseek</name>
         <value>0x11819660</value>
         <object_component_ref idref="oc-127"/>
      </symbol>
      <symbol id="sm-6d3">
         <name>_close</name>
         <value>0x11818600</value>
         <object_component_ref idref="oc-137"/>
      </symbol>
      <symbol id="sm-6d4">
         <name>_write</name>
         <value>0x11819980</value>
         <object_component_ref idref="oc-116"/>
      </symbol>
      <symbol id="sm-6e1">
         <name>_ltoa</name>
         <value>0x11818f60</value>
         <object_component_ref idref="oc-132"/>
      </symbol>
      <symbol id="sm-6ee">
         <name>_memccpy</name>
         <value>0x11819e00</value>
         <object_component_ref idref="oc-11b"/>
      </symbol>
      <symbol id="sm-6f9">
         <name>_memset</name>
         <value>0x118186e0</value>
         <object_component_ref idref="oc-117"/>
      </symbol>
      <symbol id="sm-703">
         <name>__negll</name>
         <value>0x1181a040</value>
         <object_component_ref idref="oc-125"/>
      </symbol>
      <symbol id="sm-72c">
         <name>_HOSTopen</name>
         <value>0x11818440</value>
         <object_component_ref idref="oc-e6"/>
      </symbol>
      <symbol id="sm-72d">
         <name>_HOSTread</name>
         <value>0x118188a0</value>
         <object_component_ref idref="oc-e8"/>
      </symbol>
      <symbol id="sm-72e">
         <name>_HOSTrename</name>
         <value>0x11817860</value>
         <object_component_ref idref="oc-ec"/>
      </symbol>
      <symbol id="sm-72f">
         <name>_HOSTwrite</name>
         <value>0x11818a20</value>
         <object_component_ref idref="oc-e9"/>
      </symbol>
      <symbol id="sm-730">
         <name>_HOSTlseek</name>
         <value>0x11818140</value>
         <object_component_ref idref="oc-ea"/>
      </symbol>
      <symbol id="sm-731">
         <name>_HOSTunlink</name>
         <value>0x11818960</value>
         <object_component_ref idref="oc-eb"/>
      </symbol>
      <symbol id="sm-732">
         <name>_HOSTclose</name>
         <value>0x11819020</value>
         <object_component_ref idref="oc-e7"/>
      </symbol>
      <symbol id="sm-742">
         <name>C$$IO$$</name>
         <value>0x11819eb8</value>
         <object_component_ref idref="oc-f2"/>
      </symbol>
      <symbol id="sm-743">
         <name>__CIOBUF_</name>
         <value>0x11823288</value>
         <object_component_ref idref="oc-c5"/>
      </symbol>
      <symbol id="sm-744">
         <name>_readmsg</name>
         <value>0x11819c40</value>
         <object_component_ref idref="oc-f3"/>
      </symbol>
      <symbol id="sm-745">
         <name>_writemsg</name>
         <value>0x11819e60</value>
         <object_component_ref idref="oc-f2"/>
      </symbol>
      <symbol id="sm-754">
         <name>__wrt_ok</name>
         <value>0x11818240</value>
         <object_component_ref idref="oc-114"/>
      </symbol>
      <symbol id="sm-768">
         <name>__doflush</name>
         <value>0x11818d20</value>
         <object_component_ref idref="oc-115"/>
      </symbol>
      <symbol id="sm-779">
         <name>_fseek</name>
         <value>0x11818020</value>
         <object_component_ref idref="oc-11c"/>
      </symbol>
      <symbol id="sm-78f">
         <name>_setvbuf</name>
         <value>0x11816f80</value>
         <object_component_ref idref="oc-11d"/>
      </symbol>
      <symbol id="sm-7a2">
         <name>__cleanup</name>
         <value>0x118190c0</value>
         <object_component_ref idref="oc-129"/>
      </symbol>
      <symbol id="sm-7b4">
         <name>__closefile</name>
         <value>0x11817de0</value>
         <object_component_ref idref="oc-130"/>
      </symbol>
      <symbol id="sm-7be">
         <name>_remove</name>
         <value>0x1181a100</value>
         <object_component_ref idref="oc-138"/>
      </symbol>
   </symbol_table>
</link_info>
